<!doctype html public "-//w3c//dtd html 4.0 transitional//en">
<html><head>
<title>Static Call Graph - [..\OBJ\SPI.axf]</title></head>
<body><HR>
<H1>Static Call Graph for image ..\OBJ\SPI.axf</H1><HR>
<BR><P>#&#060CALLGRAPH&#062# ARM Linker, 5060061: Last Updated: Fri Sep 07 11:17:31 2018
<BR><P>
<H3>Maximum Stack Usage =        696 bytes + Unknown(Functions without stacksize, Cycles, Untraceable Function Pointers)</H3><H3>
Call chain for Maximum Stack Depth:</H3>
__rt_entry_main &rArr; main &rArr; instance_run &rArr; testapprun &rArr; instance_calcranges &rArr; reportTOF &rArr; dwt_getrangebias &rArr; __aeabi_dmul
<P>
<H3>
Functions with no stack information
</H3><UL>
 <LI><a href="#[1d0]">__user_initial_stackheap</a>
</UL>
</UL>
<P>
<H3>
Mutually Recursive functions
</H3> <LI><a href="#[14]">HardFault_Handler</a>&nbsp;&nbsp;&nbsp;&rArr;&nbsp;&nbsp;&nbsp;<a href="#[14]">HardFault_Handler</a><BR>
 <LI><a href="#[15]">MemManage_Handler</a>&nbsp;&nbsp;&nbsp;&rArr;&nbsp;&nbsp;&nbsp;<a href="#[15]">MemManage_Handler</a><BR>
 <LI><a href="#[16]">BusFault_Handler</a>&nbsp;&nbsp;&nbsp;&rArr;&nbsp;&nbsp;&nbsp;<a href="#[16]">BusFault_Handler</a><BR>
 <LI><a href="#[17]">UsageFault_Handler</a>&nbsp;&nbsp;&nbsp;&rArr;&nbsp;&nbsp;&nbsp;<a href="#[17]">UsageFault_Handler</a><BR>
 <LI><a href="#[2e]">ADC1_2_IRQHandler</a>&nbsp;&nbsp;&nbsp;&rArr;&nbsp;&nbsp;&nbsp;<a href="#[2e]">ADC1_2_IRQHandler</a><BR>
</UL>
<P>
<H3>
Function Pointers
</H3><UL>
 <LI><a href="#[2e]">ADC1_2_IRQHandler</a> from startup_stm32f10x_md.o(.text) referenced from startup_stm32f10x_md.o(RESET)
 <LI><a href="#[16]">BusFault_Handler</a> from stm32f10x_it.o(.text) referenced from startup_stm32f10x_md.o(RESET)
 <LI><a href="#[31]">CAN1_RX1_IRQHandler</a> from startup_stm32f10x_md.o(.text) referenced from startup_stm32f10x_md.o(RESET)
 <LI><a href="#[32]">CAN1_SCE_IRQHandler</a> from startup_stm32f10x_md.o(.text) referenced from startup_stm32f10x_md.o(RESET)
 <LI><a href="#[27]">DMA1_Channel1_IRQHandler</a> from startup_stm32f10x_md.o(.text) referenced from startup_stm32f10x_md.o(RESET)
 <LI><a href="#[28]">DMA1_Channel2_IRQHandler</a> from startup_stm32f10x_md.o(.text) referenced from startup_stm32f10x_md.o(RESET)
 <LI><a href="#[29]">DMA1_Channel3_IRQHandler</a> from startup_stm32f10x_md.o(.text) referenced from startup_stm32f10x_md.o(RESET)
 <LI><a href="#[2a]">DMA1_Channel4_IRQHandler</a> from startup_stm32f10x_md.o(.text) referenced from startup_stm32f10x_md.o(RESET)
 <LI><a href="#[2b]">DMA1_Channel5_IRQHandler</a> from startup_stm32f10x_md.o(.text) referenced from startup_stm32f10x_md.o(RESET)
 <LI><a href="#[2c]">DMA1_Channel6_IRQHandler</a> from startup_stm32f10x_md.o(.text) referenced from startup_stm32f10x_md.o(RESET)
 <LI><a href="#[2d]">DMA1_Channel7_IRQHandler</a> from startup_stm32f10x_md.o(.text) referenced from startup_stm32f10x_md.o(RESET)
 <LI><a href="#[19]">DebugMon_Handler</a> from stm32f10x_it.o(.text) referenced from startup_stm32f10x_md.o(RESET)
 <LI><a href="#[3]">EP1_IN_Callback</a> from usb_endp.o(.text) referenced 2 times from usb_istr.o(.data)
 <LI><a href="#[5]">EP3_OUT_Callback</a> from usb_endp.o(.text) referenced 2 times from usb_istr.o(.data)
 <LI><a href="#[22]">EXTI0_IRQHandler</a> from stm32f10x_it.o(.text) referenced from startup_stm32f10x_md.o(RESET)
 <LI><a href="#[44]">EXTI15_10_IRQHandler</a> from stm32f10x_it.o(.text) referenced from startup_stm32f10x_md.o(RESET)
 <LI><a href="#[23]">EXTI1_IRQHandler</a> from startup_stm32f10x_md.o(.text) referenced from startup_stm32f10x_md.o(RESET)
 <LI><a href="#[24]">EXTI2_IRQHandler</a> from startup_stm32f10x_md.o(.text) referenced from startup_stm32f10x_md.o(RESET)
 <LI><a href="#[25]">EXTI3_IRQHandler</a> from stm32f10x_it.o(.text) referenced from startup_stm32f10x_md.o(RESET)
 <LI><a href="#[26]">EXTI4_IRQHandler</a> from startup_stm32f10x_md.o(.text) referenced from startup_stm32f10x_md.o(RESET)
 <LI><a href="#[33]">EXTI9_5_IRQHandler</a> from stm32f10x_it.o(.text) referenced from startup_stm32f10x_md.o(RESET)
 <LI><a href="#[20]">FLASH_IRQHandler</a> from startup_stm32f10x_md.o(.text) referenced from startup_stm32f10x_md.o(RESET)
 <LI><a href="#[14]">HardFault_Handler</a> from stm32f10x_it.o(.text) referenced from startup_stm32f10x_md.o(RESET)
 <LI><a href="#[3c]">I2C1_ER_IRQHandler</a> from startup_stm32f10x_md.o(.text) referenced from startup_stm32f10x_md.o(RESET)
 <LI><a href="#[3b]">I2C1_EV_IRQHandler</a> from startup_stm32f10x_md.o(.text) referenced from startup_stm32f10x_md.o(RESET)
 <LI><a href="#[3e]">I2C2_ER_IRQHandler</a> from startup_stm32f10x_md.o(.text) referenced from startup_stm32f10x_md.o(RESET)
 <LI><a href="#[3d]">I2C2_EV_IRQHandler</a> from startup_stm32f10x_md.o(.text) referenced from startup_stm32f10x_md.o(RESET)
 <LI><a href="#[15]">MemManage_Handler</a> from stm32f10x_it.o(.text) referenced from startup_stm32f10x_md.o(RESET)
 <LI><a href="#[13]">NMI_Handler</a> from stm32f10x_it.o(.text) referenced from startup_stm32f10x_md.o(RESET)
 <LI><a href="#[4]">NOP_Process</a> from usb_core.o(.text) referenced 38 times from usb_istr.o(.data)
 <LI><a href="#[1d]">PVD_IRQHandler</a> from startup_stm32f10x_md.o(.text) referenced from startup_stm32f10x_md.o(RESET)
 <LI><a href="#[1a]">PendSV_Handler</a> from stm32f10x_it.o(.text) referenced from startup_stm32f10x_md.o(RESET)
 <LI><a href="#[21]">RCC_IRQHandler</a> from startup_stm32f10x_md.o(.text) referenced from startup_stm32f10x_md.o(RESET)
 <LI><a href="#[45]">RTCAlarm_IRQHandler</a> from startup_stm32f10x_md.o(.text) referenced from startup_stm32f10x_md.o(RESET)
 <LI><a href="#[1f]">RTC_IRQHandler</a> from startup_stm32f10x_md.o(.text) referenced from startup_stm32f10x_md.o(RESET)
 <LI><a href="#[12]">Reset_Handler</a> from startup_stm32f10x_md.o(.text) referenced from startup_stm32f10x_md.o(RESET)
 <LI><a href="#[3f]">SPI1_IRQHandler</a> from startup_stm32f10x_md.o(.text) referenced from startup_stm32f10x_md.o(RESET)
 <LI><a href="#[40]">SPI2_IRQHandler</a> from startup_stm32f10x_md.o(.text) referenced from startup_stm32f10x_md.o(RESET)
 <LI><a href="#[18]">SVC_Handler</a> from stm32f10x_it.o(.text) referenced from startup_stm32f10x_md.o(RESET)
 <LI><a href="#[18d]">Standard_GetConfiguration</a> from usb_core.o(.text) referenced from usb_core.o(.text)
 <LI><a href="#[18e]">Standard_GetInterface</a> from usb_core.o(.text) referenced from usb_core.o(.text)
 <LI><a href="#[18c]">Standard_GetStatus</a> from usb_core.o(.text) referenced from usb_core.o(.text)
 <LI><a href="#[1b]">SysTick_Handler</a> from stm32f10x_it.o(.text) referenced from startup_stm32f10x_md.o(RESET)
 <LI><a href="#[47]">SystemInit</a> from system_stm32f10x.o(.text) referenced from startup_stm32f10x_md.o(.text)
 <LI><a href="#[1e]">TAMPER_IRQHandler</a> from startup_stm32f10x_md.o(.text) referenced from startup_stm32f10x_md.o(RESET)
 <LI><a href="#[34]">TIM1_BRK_IRQHandler</a> from startup_stm32f10x_md.o(.text) referenced from startup_stm32f10x_md.o(RESET)
 <LI><a href="#[37]">TIM1_CC_IRQHandler</a> from startup_stm32f10x_md.o(.text) referenced from startup_stm32f10x_md.o(RESET)
 <LI><a href="#[36]">TIM1_TRG_COM_IRQHandler</a> from startup_stm32f10x_md.o(.text) referenced from startup_stm32f10x_md.o(RESET)
 <LI><a href="#[35]">TIM1_UP_IRQHandler</a> from startup_stm32f10x_md.o(.text) referenced from startup_stm32f10x_md.o(RESET)
 <LI><a href="#[38]">TIM2_IRQHandler</a> from startup_stm32f10x_md.o(.text) referenced from startup_stm32f10x_md.o(RESET)
 <LI><a href="#[39]">TIM3_IRQHandler</a> from startup_stm32f10x_md.o(.text) referenced from startup_stm32f10x_md.o(RESET)
 <LI><a href="#[3a]">TIM4_IRQHandler</a> from startup_stm32f10x_md.o(.text) referenced from startup_stm32f10x_md.o(RESET)
 <LI><a href="#[41]">USART1_IRQHandler</a> from usart.o(.text) referenced from startup_stm32f10x_md.o(RESET)
 <LI><a href="#[42]">USART2_IRQHandler</a> from startup_stm32f10x_md.o(.text) referenced from startup_stm32f10x_md.o(RESET)
 <LI><a href="#[43]">USART3_IRQHandler</a> from startup_stm32f10x_md.o(.text) referenced from startup_stm32f10x_md.o(RESET)
 <LI><a href="#[46]">USBWakeUp_IRQHandler</a> from usb_it.o(.text) referenced from startup_stm32f10x_md.o(RESET)
 <LI><a href="#[2f]">USB_HP_CAN1_TX_IRQHandler</a> from startup_stm32f10x_md.o(.text) referenced from startup_stm32f10x_md.o(RESET)
 <LI><a href="#[30]">USB_LP_CAN1_RX0_IRQHandler</a> from usb_it.o(.text) referenced from startup_stm32f10x_md.o(RESET)
 <LI><a href="#[17]">UsageFault_Handler</a> from stm32f10x_it.o(.text) referenced from startup_stm32f10x_md.o(RESET)
 <LI><a href="#[a]">Virtual_Com_Port_Data_Setup</a> from usb_prop.o(.text) referenced 2 times from usb_prop.o(.data)
 <LI><a href="#[e]">Virtual_Com_Port_GetConfigDescriptor</a> from usb_prop.o(.text) referenced 2 times from usb_prop.o(.data)
 <LI><a href="#[d]">Virtual_Com_Port_GetDeviceDescriptor</a> from usb_prop.o(.text) referenced 2 times from usb_prop.o(.data)
 <LI><a href="#[17c]">Virtual_Com_Port_GetLineCoding</a> from usb_prop.o(.text) referenced from usb_prop.o(.text)
 <LI><a href="#[f]">Virtual_Com_Port_GetStringDescriptor</a> from usb_prop.o(.text) referenced 2 times from usb_prop.o(.data)
 <LI><a href="#[c]">Virtual_Com_Port_Get_Interface_Setting</a> from usb_prop.o(.text) referenced 2 times from usb_prop.o(.data)
 <LI><a href="#[b]">Virtual_Com_Port_NoData_Setup</a> from usb_prop.o(.text) referenced 2 times from usb_prop.o(.data)
 <LI><a href="#[7]">Virtual_Com_Port_Reset</a> from usb_prop.o(.text) referenced 2 times from usb_prop.o(.data)
 <LI><a href="#[10]">Virtual_Com_Port_SetConfiguration</a> from usb_prop.o(.text) referenced 2 times from usb_prop.o(.data)
 <LI><a href="#[11]">Virtual_Com_Port_SetDeviceAddress</a> from usb_prop.o(.text) referenced 2 times from usb_prop.o(.data)
 <LI><a href="#[17d]">Virtual_Com_Port_SetLineCoding</a> from usb_prop.o(.text) referenced from usb_prop.o(.text)
 <LI><a href="#[8]">Virtual_Com_Port_Status_In</a> from usb_prop.o(.text) referenced 2 times from usb_prop.o(.data)
 <LI><a href="#[9]">Virtual_Com_Port_Status_Out</a> from usb_prop.o(.text) referenced 2 times from usb_prop.o(.data)
 <LI><a href="#[6]">Virtual_Com_Port_init</a> from usb_prop.o(.text) referenced 2 times from usb_prop.o(.data)
 <LI><a href="#[1c]">WWDG_IRQHandler</a> from startup_stm32f10x_md.o(.text) referenced from startup_stm32f10x_md.o(RESET)
 <LI><a href="#[4c]">__main</a> from __main.o(!!!main) referenced from startup_stm32f10x_md.o(.text)
 <LI><a href="#[4a]">_printf_input_char</a> from _printf_char_common.o(.text) referenced from _printf_char_common.o(.text)
 <LI><a href="#[49]">_sputc</a> from _sputc.o(.text) referenced from __2sprintf.o(.text)
 <LI><a href="#[4b]">fputc</a> from usart.o(.text) referenced from _printf_char_file.o(.text)
 <LI><a href="#[ab]">instance_rxcallback</a> from instance_common.o(.text) referenced from instance_common.o(.text)
 <LI><a href="#[ae]">instance_txcallback</a> from instance_common.o(.text) referenced from instance_common.o(.text)
</UL>
<P>
<H3>
Global Symbols
</H3>
<P><STRONG><a name="[4c]"></a>__main</STRONG> (Thumb, 8 bytes, Stack size 0 bytes, __main.o(!!!main))
<BR><BR>[Calls]<UL><LI><a href="#[4d]">&gt;&gt;</a>&nbsp;&nbsp;&nbsp;__scatterload
<LI><a href="#[4e]">&gt;&gt;</a>&nbsp;&nbsp;&nbsp;__rt_entry
</UL>

<P><STRONG><a name="[4d]"></a>__scatterload</STRONG> (Thumb, 0 bytes, Stack size unknown bytes, __scatter.o(!!!scatter))
<BR><BR>[Called By]<UL><LI><a href="#[4c]">&gt;&gt;</a>&nbsp;&nbsp;&nbsp;__main
</UL>

<P><STRONG><a name="[4f]"></a>__scatterload_rt2</STRONG> (Thumb, 44 bytes, Stack size unknown bytes, __scatter.o(!!!scatter), UNUSED)
<BR><BR>[Calls]<UL><LI><a href="#[4e]">&gt;&gt;</a>&nbsp;&nbsp;&nbsp;__rt_entry
</UL>

<P><STRONG><a name="[1ef]"></a>__scatterload_rt2_thumb_only</STRONG> (Thumb, 0 bytes, Stack size unknown bytes, __scatter.o(!!!scatter), UNUSED)

<P><STRONG><a name="[1f0]"></a>__scatterload_null</STRONG> (Thumb, 0 bytes, Stack size unknown bytes, __scatter.o(!!!scatter), UNUSED)

<P><STRONG><a name="[1f1]"></a>__decompress</STRONG> (Thumb, 90 bytes, Stack size unknown bytes, __dczerorl2.o(!!dczerorl2), UNUSED)

<P><STRONG><a name="[1f2]"></a>__decompress1</STRONG> (Thumb, 0 bytes, Stack size unknown bytes, __dczerorl2.o(!!dczerorl2), UNUSED)

<P><STRONG><a name="[1f3]"></a>__scatterload_zeroinit</STRONG> (Thumb, 28 bytes, Stack size unknown bytes, __scatter_zi.o(!!handler_zi), UNUSED)

<P><STRONG><a name="[50]"></a>_printf_d</STRONG> (Thumb, 0 bytes, Stack size unknown bytes, _printf_d.o(.ARM.Collect$$_printf_percent$$00000009))
<BR><BR>[Stack]<UL><LI>Max Depth = 72 + Unknown Stack Size
<LI>Call Chain = _printf_d &rArr; _printf_int_dec &rArr; _printf_int_common &rArr; _printf_post_padding
</UL>
<BR>[Calls]<UL><LI><a href="#[51]">&gt;&gt;</a>&nbsp;&nbsp;&nbsp;_printf_int_dec
</UL>

<P><STRONG><a name="[1ca]"></a>_printf_percent</STRONG> (Thumb, 0 bytes, Stack size unknown bytes, _printf_percent.o(.ARM.Collect$$_printf_percent$$00000000))
<BR><BR>[Called By]<UL><LI><a href="#[1c8]">&gt;&gt;</a>&nbsp;&nbsp;&nbsp;__printf
</UL>

<P><STRONG><a name="[52]"></a>_printf_x</STRONG> (Thumb, 0 bytes, Stack size unknown bytes, _printf_x.o(.ARM.Collect$$_printf_percent$$0000000C))
<BR><BR>[Stack]<UL><LI>Max Depth = 64 + Unknown Stack Size
<LI>Call Chain = _printf_x &rArr; _printf_int_hex &rArr; _printf_int_common &rArr; _printf_post_padding
</UL>
<BR>[Calls]<UL><LI><a href="#[53]">&gt;&gt;</a>&nbsp;&nbsp;&nbsp;_printf_int_hex
</UL>

<P><STRONG><a name="[54]"></a>_printf_c</STRONG> (Thumb, 0 bytes, Stack size unknown bytes, _printf_c.o(.ARM.Collect$$_printf_percent$$00000013))
<BR><BR>[Stack]<UL><LI>Max Depth = 40 + Unknown Stack Size
<LI>Call Chain = _printf_c &rArr; _printf_char &rArr; _printf_cs_common &rArr; _printf_str &rArr; _printf_post_padding
</UL>
<BR>[Calls]<UL><LI><a href="#[55]">&gt;&gt;</a>&nbsp;&nbsp;&nbsp;_printf_char
</UL>

<P><STRONG><a name="[1f4]"></a>_printf_percent_end</STRONG> (Thumb, 0 bytes, Stack size unknown bytes, _printf_percent_end.o(.ARM.Collect$$_printf_percent$$00000017))

<P><STRONG><a name="[59]"></a>__rt_lib_init</STRONG> (Thumb, 0 bytes, Stack size unknown bytes, libinit.o(.ARM.Collect$$libinit$$00000000))
<BR><BR>[Called By]<UL><LI><a href="#[58]">&gt;&gt;</a>&nbsp;&nbsp;&nbsp;__rt_entry_li
</UL>

<P><STRONG><a name="[1f5]"></a>__rt_lib_init_alloca_1</STRONG> (Thumb, 0 bytes, Stack size unknown bytes, libinit2.o(.ARM.Collect$$libinit$$0000002E))

<P><STRONG><a name="[1f6]"></a>__rt_lib_init_argv_1</STRONG> (Thumb, 0 bytes, Stack size unknown bytes, libinit2.o(.ARM.Collect$$libinit$$0000002C))

<P><STRONG><a name="[1f7]"></a>__rt_lib_init_atexit_1</STRONG> (Thumb, 0 bytes, Stack size unknown bytes, libinit2.o(.ARM.Collect$$libinit$$0000001B))

<P><STRONG><a name="[1f8]"></a>__rt_lib_init_clock_1</STRONG> (Thumb, 0 bytes, Stack size unknown bytes, libinit2.o(.ARM.Collect$$libinit$$00000021))

<P><STRONG><a name="[1f9]"></a>__rt_lib_init_cpp_1</STRONG> (Thumb, 0 bytes, Stack size unknown bytes, libinit2.o(.ARM.Collect$$libinit$$00000032))

<P><STRONG><a name="[1fa]"></a>__rt_lib_init_exceptions_1</STRONG> (Thumb, 0 bytes, Stack size unknown bytes, libinit2.o(.ARM.Collect$$libinit$$00000030))

<P><STRONG><a name="[1fb]"></a>__rt_lib_init_fp_1</STRONG> (Thumb, 0 bytes, Stack size unknown bytes, libinit2.o(.ARM.Collect$$libinit$$00000002))

<P><STRONG><a name="[1fc]"></a>__rt_lib_init_fp_trap_1</STRONG> (Thumb, 0 bytes, Stack size unknown bytes, libinit2.o(.ARM.Collect$$libinit$$0000001F))

<P><STRONG><a name="[1fd]"></a>__rt_lib_init_getenv_1</STRONG> (Thumb, 0 bytes, Stack size unknown bytes, libinit2.o(.ARM.Collect$$libinit$$00000023))

<P><STRONG><a name="[1fe]"></a>__rt_lib_init_heap_1</STRONG> (Thumb, 0 bytes, Stack size unknown bytes, libinit2.o(.ARM.Collect$$libinit$$0000000A))

<P><STRONG><a name="[1ff]"></a>__rt_lib_init_lc_collate_1</STRONG> (Thumb, 0 bytes, Stack size unknown bytes, libinit2.o(.ARM.Collect$$libinit$$00000011))

<P><STRONG><a name="[200]"></a>__rt_lib_init_lc_ctype_1</STRONG> (Thumb, 0 bytes, Stack size unknown bytes, libinit2.o(.ARM.Collect$$libinit$$00000013))

<P><STRONG><a name="[201]"></a>__rt_lib_init_lc_monetary_1</STRONG> (Thumb, 0 bytes, Stack size unknown bytes, libinit2.o(.ARM.Collect$$libinit$$00000015))

<P><STRONG><a name="[202]"></a>__rt_lib_init_lc_numeric_1</STRONG> (Thumb, 0 bytes, Stack size unknown bytes, libinit2.o(.ARM.Collect$$libinit$$00000017))

<P><STRONG><a name="[203]"></a>__rt_lib_init_lc_time_1</STRONG> (Thumb, 0 bytes, Stack size unknown bytes, libinit2.o(.ARM.Collect$$libinit$$00000019))

<P><STRONG><a name="[204]"></a>__rt_lib_init_preinit_1</STRONG> (Thumb, 0 bytes, Stack size unknown bytes, libinit2.o(.ARM.Collect$$libinit$$00000004))

<P><STRONG><a name="[205]"></a>__rt_lib_init_rand_1</STRONG> (Thumb, 0 bytes, Stack size unknown bytes, libinit2.o(.ARM.Collect$$libinit$$0000000E))

<P><STRONG><a name="[206]"></a>__rt_lib_init_return</STRONG> (Thumb, 0 bytes, Stack size unknown bytes, libinit2.o(.ARM.Collect$$libinit$$00000033))

<P><STRONG><a name="[207]"></a>__rt_lib_init_signal_1</STRONG> (Thumb, 0 bytes, Stack size unknown bytes, libinit2.o(.ARM.Collect$$libinit$$0000001D))

<P><STRONG><a name="[208]"></a>__rt_lib_init_stdio_1</STRONG> (Thumb, 0 bytes, Stack size unknown bytes, libinit2.o(.ARM.Collect$$libinit$$00000025))

<P><STRONG><a name="[209]"></a>__rt_lib_init_user_alloc_1</STRONG> (Thumb, 0 bytes, Stack size unknown bytes, libinit2.o(.ARM.Collect$$libinit$$0000000C))

<P><STRONG><a name="[5e]"></a>__rt_lib_shutdown</STRONG> (Thumb, 0 bytes, Stack size unknown bytes, libshutdown.o(.ARM.Collect$$libshutdown$$00000000))
<BR><BR>[Called By]<UL><LI><a href="#[5d]">&gt;&gt;</a>&nbsp;&nbsp;&nbsp;__rt_exit_ls
</UL>

<P><STRONG><a name="[20a]"></a>__rt_lib_shutdown_cpp_1</STRONG> (Thumb, 0 bytes, Stack size unknown bytes, libshutdown2.o(.ARM.Collect$$libshutdown$$00000002))

<P><STRONG><a name="[20b]"></a>__rt_lib_shutdown_fp_trap_1</STRONG> (Thumb, 0 bytes, Stack size unknown bytes, libshutdown2.o(.ARM.Collect$$libshutdown$$00000007))

<P><STRONG><a name="[20c]"></a>__rt_lib_shutdown_heap_1</STRONG> (Thumb, 0 bytes, Stack size unknown bytes, libshutdown2.o(.ARM.Collect$$libshutdown$$0000000F))

<P><STRONG><a name="[20d]"></a>__rt_lib_shutdown_return</STRONG> (Thumb, 0 bytes, Stack size unknown bytes, libshutdown2.o(.ARM.Collect$$libshutdown$$00000010))

<P><STRONG><a name="[20e]"></a>__rt_lib_shutdown_signal_1</STRONG> (Thumb, 0 bytes, Stack size unknown bytes, libshutdown2.o(.ARM.Collect$$libshutdown$$0000000A))

<P><STRONG><a name="[20f]"></a>__rt_lib_shutdown_stdio_1</STRONG> (Thumb, 0 bytes, Stack size unknown bytes, libshutdown2.o(.ARM.Collect$$libshutdown$$00000004))

<P><STRONG><a name="[210]"></a>__rt_lib_shutdown_user_alloc_1</STRONG> (Thumb, 0 bytes, Stack size unknown bytes, libshutdown2.o(.ARM.Collect$$libshutdown$$0000000C))

<P><STRONG><a name="[4e]"></a>__rt_entry</STRONG> (Thumb, 0 bytes, Stack size unknown bytes, __rtentry.o(.ARM.Collect$$rtentry$$00000000))
<BR><BR>[Called By]<UL><LI><a href="#[4f]">&gt;&gt;</a>&nbsp;&nbsp;&nbsp;__scatterload_rt2
<LI><a href="#[4c]">&gt;&gt;</a>&nbsp;&nbsp;&nbsp;__main
</UL>

<P><STRONG><a name="[211]"></a>__rt_entry_presh_1</STRONG> (Thumb, 0 bytes, Stack size unknown bytes, __rtentry2.o(.ARM.Collect$$rtentry$$00000002))

<P><STRONG><a name="[56]"></a>__rt_entry_sh</STRONG> (Thumb, 0 bytes, Stack size unknown bytes, __rtentry4.o(.ARM.Collect$$rtentry$$00000004))
<BR><BR>[Stack]<UL><LI>Max Depth = 8 + Unknown Stack Size
<LI>Call Chain = __rt_entry_sh &rArr; __user_setup_stackheap
</UL>
<BR>[Calls]<UL><LI><a href="#[57]">&gt;&gt;</a>&nbsp;&nbsp;&nbsp;__user_setup_stackheap
</UL>

<P><STRONG><a name="[58]"></a>__rt_entry_li</STRONG> (Thumb, 0 bytes, Stack size unknown bytes, __rtentry2.o(.ARM.Collect$$rtentry$$0000000A))
<BR><BR>[Calls]<UL><LI><a href="#[59]">&gt;&gt;</a>&nbsp;&nbsp;&nbsp;__rt_lib_init
</UL>

<P><STRONG><a name="[212]"></a>__rt_entry_postsh_1</STRONG> (Thumb, 0 bytes, Stack size unknown bytes, __rtentry2.o(.ARM.Collect$$rtentry$$00000009))

<P><STRONG><a name="[5a]"></a>__rt_entry_main</STRONG> (Thumb, 0 bytes, Stack size unknown bytes, __rtentry2.o(.ARM.Collect$$rtentry$$0000000D))
<BR><BR>[Stack]<UL><LI>Max Depth = 696 + Unknown Stack Size
<LI>Call Chain = __rt_entry_main &rArr; main &rArr; instance_run &rArr; testapprun &rArr; instance_calcranges &rArr; reportTOF &rArr; dwt_getrangebias &rArr; __aeabi_dmul
</UL>
<BR>[Calls]<UL><LI><a href="#[5b]">&gt;&gt;</a>&nbsp;&nbsp;&nbsp;main
<LI><a href="#[5c]">&gt;&gt;</a>&nbsp;&nbsp;&nbsp;exit
</UL>

<P><STRONG><a name="[213]"></a>__rt_entry_postli_1</STRONG> (Thumb, 0 bytes, Stack size unknown bytes, __rtentry2.o(.ARM.Collect$$rtentry$$0000000C))

<P><STRONG><a name="[1d1]"></a>__rt_exit</STRONG> (Thumb, 0 bytes, Stack size unknown bytes, rtexit.o(.ARM.Collect$$rtexit$$00000000))
<BR><BR>[Called By]<UL><LI><a href="#[5c]">&gt;&gt;</a>&nbsp;&nbsp;&nbsp;exit
</UL>

<P><STRONG><a name="[5d]"></a>__rt_exit_ls</STRONG> (Thumb, 0 bytes, Stack size unknown bytes, rtexit2.o(.ARM.Collect$$rtexit$$00000003))
<BR><BR>[Calls]<UL><LI><a href="#[5e]">&gt;&gt;</a>&nbsp;&nbsp;&nbsp;__rt_lib_shutdown
</UL>

<P><STRONG><a name="[214]"></a>__rt_exit_prels_1</STRONG> (Thumb, 0 bytes, Stack size unknown bytes, rtexit2.o(.ARM.Collect$$rtexit$$00000002))

<P><STRONG><a name="[5f]"></a>__rt_exit_exit</STRONG> (Thumb, 0 bytes, Stack size unknown bytes, rtexit2.o(.ARM.Collect$$rtexit$$00000004))
<BR><BR>[Calls]<UL><LI><a href="#[60]">&gt;&gt;</a>&nbsp;&nbsp;&nbsp;_sys_exit
</UL>

<P><STRONG><a name="[70]"></a>instanceconfigframeheader16</STRONG> (Thumb, 26 bytes, Stack size 0 bytes, instance.o(.text))
<BR><BR>[Called By]<UL><LI><a href="#[69]">&gt;&gt;</a>&nbsp;&nbsp;&nbsp;testapprun
</UL>

<P><STRONG><a name="[61]"></a>instancesenddlypacket</STRONG> (Thumb, 74 bytes, Stack size 16 bytes, instance.o(.text))
<BR><BR>[Stack]<UL><LI>Max Depth = 104<LI>Call Chain = instancesenddlypacket &rArr; dwt_starttx &rArr; dwt_entersleepaftertx &rArr; dwt_read32bitoffsetreg &rArr; dwt_readfromdevice &rArr; readfromspi_serial &rArr; decamutexon
</UL>
<BR>[Calls]<UL><LI><a href="#[65]">&gt;&gt;</a>&nbsp;&nbsp;&nbsp;portGetTickCnt
<LI><a href="#[62]">&gt;&gt;</a>&nbsp;&nbsp;&nbsp;dwt_writetxfctrl
<LI><a href="#[64]">&gt;&gt;</a>&nbsp;&nbsp;&nbsp;dwt_starttx
<LI><a href="#[63]">&gt;&gt;</a>&nbsp;&nbsp;&nbsp;dwt_setdelayedtrxtime
</UL>
<BR>[Called By]<UL><LI><a href="#[69]">&gt;&gt;</a>&nbsp;&nbsp;&nbsp;testapprun
</UL>

<P><STRONG><a name="[66]"></a>instance_calcranges</STRONG> (Thumb, 88 bytes, Stack size 40 bytes, instance.o(.text))
<BR><BR>[Stack]<UL><LI>Max Depth = 112<LI>Call Chain = instance_calcranges &rArr; reportTOF &rArr; dwt_getrangebias &rArr; __aeabi_dmul
</UL>
<BR>[Calls]<UL><LI><a href="#[67]">&gt;&gt;</a>&nbsp;&nbsp;&nbsp;reportTOF
<LI><a href="#[68]">&gt;&gt;</a>&nbsp;&nbsp;&nbsp;clearDistTable
</UL>
<BR>[Called By]<UL><LI><a href="#[69]">&gt;&gt;</a>&nbsp;&nbsp;&nbsp;testapprun
</UL>

<P><STRONG><a name="[69]"></a>testapprun</STRONG> (Thumb, 2410 bytes, Stack size 128 bytes, instance.o(.text))
<BR><BR>[Stack]<UL><LI>Max Depth = 240<LI>Call Chain = testapprun &rArr; instance_calcranges &rArr; reportTOF &rArr; dwt_getrangebias &rArr; __aeabi_dmul
</UL>
<BR>[Calls]<UL><LI><a href="#[77]">&gt;&gt;</a>&nbsp;&nbsp;&nbsp;setup_DW1000RSTnIRQ
<LI><a href="#[8b]">&gt;&gt;</a>&nbsp;&nbsp;&nbsp;setTagDist
<LI><a href="#[65]">&gt;&gt;</a>&nbsp;&nbsp;&nbsp;portGetTickCnt
<LI><a href="#[75]">&gt;&gt;</a>&nbsp;&nbsp;&nbsp;led_on
<LI><a href="#[7b]">&gt;&gt;</a>&nbsp;&nbsp;&nbsp;led_off
<LI><a href="#[7f]">&gt;&gt;</a>&nbsp;&nbsp;&nbsp;instancesettxpower
<LI><a href="#[7e]">&gt;&gt;</a>&nbsp;&nbsp;&nbsp;instancesetantennadelays
<LI><a href="#[74]">&gt;&gt;</a>&nbsp;&nbsp;&nbsp;instance_getevent
<LI><a href="#[82]">&gt;&gt;</a>&nbsp;&nbsp;&nbsp;instance_backtoanchor
<LI><a href="#[83]">&gt;&gt;</a>&nbsp;&nbsp;&nbsp;inst_processrxtimeout
<LI><a href="#[62]">&gt;&gt;</a>&nbsp;&nbsp;&nbsp;dwt_writetxfctrl
<LI><a href="#[81]">&gt;&gt;</a>&nbsp;&nbsp;&nbsp;dwt_writetxdata
<LI><a href="#[64]">&gt;&gt;</a>&nbsp;&nbsp;&nbsp;dwt_starttx
<LI><a href="#[7d]">&gt;&gt;</a>&nbsp;&nbsp;&nbsp;dwt_settxantennadelay
<LI><a href="#[72]">&gt;&gt;</a>&nbsp;&nbsp;&nbsp;dwt_setrxtimeout
<LI><a href="#[71]">&gt;&gt;</a>&nbsp;&nbsp;&nbsp;dwt_setrxaftertxdelay
<LI><a href="#[73]">&gt;&gt;</a>&nbsp;&nbsp;&nbsp;dwt_setpreambledetecttimeout
<LI><a href="#[6b]">&gt;&gt;</a>&nbsp;&nbsp;&nbsp;dwt_setpanid
<LI><a href="#[7c]">&gt;&gt;</a>&nbsp;&nbsp;&nbsp;dwt_setleds
<LI><a href="#[6c]">&gt;&gt;</a>&nbsp;&nbsp;&nbsp;dwt_seteui
<LI><a href="#[6d]">&gt;&gt;</a>&nbsp;&nbsp;&nbsp;dwt_setaddress16
<LI><a href="#[84]">&gt;&gt;</a>&nbsp;&nbsp;&nbsp;dwt_rxenable
<LI><a href="#[7a]">&gt;&gt;</a>&nbsp;&nbsp;&nbsp;dwt_readdevid
<LI><a href="#[6e]">&gt;&gt;</a>&nbsp;&nbsp;&nbsp;dwt_getldotune
<LI><a href="#[80]">&gt;&gt;</a>&nbsp;&nbsp;&nbsp;dwt_entersleep
<LI><a href="#[6a]">&gt;&gt;</a>&nbsp;&nbsp;&nbsp;dwt_enableframefilter
<LI><a href="#[6f]">&gt;&gt;</a>&nbsp;&nbsp;&nbsp;dwt_configuresleep
<LI><a href="#[78]">&gt;&gt;</a>&nbsp;&nbsp;&nbsp;Sleep
<LI><a href="#[79]">&gt;&gt;</a>&nbsp;&nbsp;&nbsp;GPIO_SetBits
<LI><a href="#[76]">&gt;&gt;</a>&nbsp;&nbsp;&nbsp;GPIO_ResetBits
<LI><a href="#[66]">&gt;&gt;</a>&nbsp;&nbsp;&nbsp;instance_calcranges
<LI><a href="#[61]">&gt;&gt;</a>&nbsp;&nbsp;&nbsp;instancesenddlypacket
<LI><a href="#[70]">&gt;&gt;</a>&nbsp;&nbsp;&nbsp;instanceconfigframeheader16
<LI><a href="#[86]">&gt;&gt;</a>&nbsp;&nbsp;&nbsp;__aeabi_dmul
<LI><a href="#[85]">&gt;&gt;</a>&nbsp;&nbsp;&nbsp;__aeabi_l2d
<LI><a href="#[8a]">&gt;&gt;</a>&nbsp;&nbsp;&nbsp;__aeabi_d2iz
<LI><a href="#[89]">&gt;&gt;</a>&nbsp;&nbsp;&nbsp;__aeabi_ddiv
<LI><a href="#[87]">&gt;&gt;</a>&nbsp;&nbsp;&nbsp;__aeabi_dsub
<LI><a href="#[88]">&gt;&gt;</a>&nbsp;&nbsp;&nbsp;__aeabi_dadd
</UL>
<BR>[Called By]<UL><LI><a href="#[c8]">&gt;&gt;</a>&nbsp;&nbsp;&nbsp;instance_run
</UL>

<P><STRONG><a name="[8c]"></a>instancesetreplydelay</STRONG> (Thumb, 476 bytes, Stack size 40 bytes, instance.o(.text))
<BR><BR>[Stack]<UL><LI>Max Depth = 80<LI>Call Chain = instancesetreplydelay &rArr; convertmicrosectodevicetimeu &rArr; __aeabi_d2ulz
</UL>
<BR>[Calls]<UL><LI><a href="#[95]">&gt;&gt;</a>&nbsp;&nbsp;&nbsp;convertmicrosectodevicetimeu
<LI><a href="#[90]">&gt;&gt;</a>&nbsp;&nbsp;&nbsp;ceil
<LI><a href="#[8d]">&gt;&gt;</a>&nbsp;&nbsp;&nbsp;__ARM_scalbnf
<LI><a href="#[93]">&gt;&gt;</a>&nbsp;&nbsp;&nbsp;__aeabi_fmul
<LI><a href="#[91]">&gt;&gt;</a>&nbsp;&nbsp;&nbsp;__aeabi_i2f
<LI><a href="#[8e]">&gt;&gt;</a>&nbsp;&nbsp;&nbsp;__aeabi_fdiv
<LI><a href="#[92]">&gt;&gt;</a>&nbsp;&nbsp;&nbsp;__aeabi_fadd
<LI><a href="#[8f]">&gt;&gt;</a>&nbsp;&nbsp;&nbsp;__aeabi_f2d
<LI><a href="#[94]">&gt;&gt;</a>&nbsp;&nbsp;&nbsp;__aeabi_i2d
<LI><a href="#[8a]">&gt;&gt;</a>&nbsp;&nbsp;&nbsp;__aeabi_d2iz
<LI><a href="#[89]">&gt;&gt;</a>&nbsp;&nbsp;&nbsp;__aeabi_ddiv
<LI><a href="#[88]">&gt;&gt;</a>&nbsp;&nbsp;&nbsp;__aeabi_dadd
</UL>
<BR>[Called By]<UL><LI><a href="#[b9]">&gt;&gt;</a>&nbsp;&nbsp;&nbsp;instance_config
</UL>

<P><STRONG><a name="[10e]"></a>instancesetaddresses</STRONG> (Thumb, 6 bytes, Stack size 0 bytes, instance.o(.text))
<BR><BR>[Called By]<UL><LI><a href="#[10d]">&gt;&gt;</a>&nbsp;&nbsp;&nbsp;addressconfigure
</UL>

<P><STRONG><a name="[96]"></a>instance_starttxtest</STRONG> (Thumb, 58 bytes, Stack size 136 bytes, instance_calib.o(.text))
<BR><BR>[Stack]<UL><LI>Max Depth = 224<LI>Call Chain = instance_starttxtest &rArr; dwt_starttx &rArr; dwt_entersleepaftertx &rArr; dwt_read32bitoffsetreg &rArr; dwt_readfromdevice &rArr; readfromspi_serial &rArr; decamutexon
</UL>
<BR>[Calls]<UL><LI><a href="#[99]">&gt;&gt;</a>&nbsp;&nbsp;&nbsp;dwt_configcontinuousframemode
<LI><a href="#[98]">&gt;&gt;</a>&nbsp;&nbsp;&nbsp;SPI_ConfigFastRate
<LI><a href="#[62]">&gt;&gt;</a>&nbsp;&nbsp;&nbsp;dwt_writetxfctrl
<LI><a href="#[81]">&gt;&gt;</a>&nbsp;&nbsp;&nbsp;dwt_writetxdata
<LI><a href="#[64]">&gt;&gt;</a>&nbsp;&nbsp;&nbsp;dwt_starttx
<LI><a href="#[97]">&gt;&gt;</a>&nbsp;&nbsp;&nbsp;__aeabi_memcpy4
</UL>
<BR>[Called By]<UL><LI><a href="#[117]">&gt;&gt;</a>&nbsp;&nbsp;&nbsp;configure_continuous_txspectrum_mode
</UL>

<P><STRONG><a name="[95]"></a>convertmicrosectodevicetimeu</STRONG> (Thumb, 26 bytes, Stack size 8 bytes, instance_common.o(.text))
<BR><BR>[Stack]<UL><LI>Max Depth = 40<LI>Call Chain = convertmicrosectodevicetimeu &rArr; __aeabi_d2ulz
</UL>
<BR>[Calls]<UL><LI><a href="#[9a]">&gt;&gt;</a>&nbsp;&nbsp;&nbsp;__aeabi_d2ulz
<LI><a href="#[89]">&gt;&gt;</a>&nbsp;&nbsp;&nbsp;__aeabi_ddiv
</UL>
<BR>[Called By]<UL><LI><a href="#[8c]">&gt;&gt;</a>&nbsp;&nbsp;&nbsp;instancesetreplydelay
</UL>

<P><STRONG><a name="[9b]"></a>convertdevicetimetosec</STRONG> (Thumb, 18 bytes, Stack size 8 bytes, instance_common.o(.text))
<BR><BR>[Stack]<UL><LI>Max Depth = 40<LI>Call Chain = convertdevicetimetosec &rArr; __aeabi_dmul
</UL>
<BR>[Calls]<UL><LI><a href="#[86]">&gt;&gt;</a>&nbsp;&nbsp;&nbsp;__aeabi_dmul
<LI><a href="#[94]">&gt;&gt;</a>&nbsp;&nbsp;&nbsp;__aeabi_i2d
</UL>
<BR>[Called By]<UL><LI><a href="#[67]">&gt;&gt;</a>&nbsp;&nbsp;&nbsp;reportTOF
</UL>

<P><STRONG><a name="[67]"></a>reportTOF</STRONG> (Thumb, 156 bytes, Stack size 24 bytes, instance_common.o(.text))
<BR><BR>[Stack]<UL><LI>Max Depth = 72<LI>Call Chain = reportTOF &rArr; dwt_getrangebias &rArr; __aeabi_dmul
</UL>
<BR>[Calls]<UL><LI><a href="#[9d]">&gt;&gt;</a>&nbsp;&nbsp;&nbsp;dwt_getrangebias
<LI><a href="#[9b]">&gt;&gt;</a>&nbsp;&nbsp;&nbsp;convertdevicetimetosec
<LI><a href="#[a0]">&gt;&gt;</a>&nbsp;&nbsp;&nbsp;__aeabi_cdrcmple
<LI><a href="#[86]">&gt;&gt;</a>&nbsp;&nbsp;&nbsp;__aeabi_dmul
<LI><a href="#[9f]">&gt;&gt;</a>&nbsp;&nbsp;&nbsp;__aeabi_cdcmple
<LI><a href="#[89]">&gt;&gt;</a>&nbsp;&nbsp;&nbsp;__aeabi_ddiv
<LI><a href="#[9e]">&gt;&gt;</a>&nbsp;&nbsp;&nbsp;__aeabi_drsub
<LI><a href="#[9c]">&gt;&gt;</a>&nbsp;&nbsp;&nbsp;__aeabi_d2f
</UL>
<BR>[Called By]<UL><LI><a href="#[66]">&gt;&gt;</a>&nbsp;&nbsp;&nbsp;instance_calcranges
</UL>

<P><STRONG><a name="[8b]"></a>setTagDist</STRONG> (Thumb, 26 bytes, Stack size 0 bytes, instance_common.o(.text))
<BR><BR>[Called By]<UL><LI><a href="#[69]">&gt;&gt;</a>&nbsp;&nbsp;&nbsp;testapprun
</UL>

<P><STRONG><a name="[215]"></a>getTagDist</STRONG> (Thumb, 14 bytes, Stack size 0 bytes, instance_common.o(.text), UNUSED)

<P><STRONG><a name="[68]"></a>clearDistTable</STRONG> (Thumb, 26 bytes, Stack size 0 bytes, instance_common.o(.text))
<BR><BR>[Called By]<UL><LI><a href="#[66]">&gt;&gt;</a>&nbsp;&nbsp;&nbsp;instance_calcranges
</UL>

<P><STRONG><a name="[131]"></a>instancecleardisttableall</STRONG> (Thumb, 38 bytes, Stack size 12 bytes, instance_common.o(.text))
<BR><BR>[Stack]<UL><LI>Max Depth = 12<LI>Call Chain = instancecleardisttableall
</UL>
<BR>[Called By]<UL><LI><a href="#[5b]">&gt;&gt;</a>&nbsp;&nbsp;&nbsp;main
</UL>

<P><STRONG><a name="[111]"></a>instancesetrole</STRONG> (Thumb, 8 bytes, Stack size 0 bytes, instance_common.o(.text))
<BR><BR>[Called By]<UL><LI><a href="#[10f]">&gt;&gt;</a>&nbsp;&nbsp;&nbsp;inittestapplication
</UL>

<P><STRONG><a name="[126]"></a>instancegetrole</STRONG> (Thumb, 8 bytes, Stack size 0 bytes, instance_common.o(.text))
<BR><BR>[Called By]<UL><LI><a href="#[5b]">&gt;&gt;</a>&nbsp;&nbsp;&nbsp;main
</UL>

<P><STRONG><a name="[127]"></a>instancenewrange</STRONG> (Thumb, 16 bytes, Stack size 0 bytes, instance_common.o(.text))
<BR><BR>[Called By]<UL><LI><a href="#[5b]">&gt;&gt;</a>&nbsp;&nbsp;&nbsp;main
</UL>

<P><STRONG><a name="[128]"></a>instancenewrangeancadd</STRONG> (Thumb, 10 bytes, Stack size 0 bytes, instance_common.o(.text))
<BR><BR>[Called By]<UL><LI><a href="#[5b]">&gt;&gt;</a>&nbsp;&nbsp;&nbsp;main
</UL>

<P><STRONG><a name="[129]"></a>instancenewrangetagadd</STRONG> (Thumb, 10 bytes, Stack size 0 bytes, instance_common.o(.text))
<BR><BR>[Called By]<UL><LI><a href="#[5b]">&gt;&gt;</a>&nbsp;&nbsp;&nbsp;main
</UL>

<P><STRONG><a name="[12a]"></a>instancenewrangetim</STRONG> (Thumb, 10 bytes, Stack size 0 bytes, instance_common.o(.text))
<BR><BR>[Called By]<UL><LI><a href="#[5b]">&gt;&gt;</a>&nbsp;&nbsp;&nbsp;main
</UL>

<P><STRONG><a name="[a1]"></a>instanceclearcounts</STRONG> (Thumb, 74 bytes, Stack size 24 bytes, instance_common.o(.text))
<BR><BR>[Stack]<UL><LI>Max Depth = 80<LI>Call Chain = instanceclearcounts &rArr; dwt_configeventcounters &rArr; dwt_writetodevice &rArr; writetospi_serial &rArr; decamutexon
</UL>
<BR>[Calls]<UL><LI><a href="#[a2]">&gt;&gt;</a>&nbsp;&nbsp;&nbsp;dwt_configeventcounters
</UL>
<BR>[Called By]<UL><LI><a href="#[b2]">&gt;&gt;</a>&nbsp;&nbsp;&nbsp;instance_init
</UL>

<P><STRONG><a name="[a3]"></a>instance_putevent</STRONG> (Thumb, 82 bytes, Stack size 32 bytes, instance_common.o(.text))
<BR><BR>[Stack]<UL><LI>Max Depth = 40<LI>Call Chain = instance_putevent &rArr; __aeabi_memcpy4
</UL>
<BR>[Calls]<UL><LI><a href="#[97]">&gt;&gt;</a>&nbsp;&nbsp;&nbsp;__aeabi_memcpy4
</UL>
<BR>[Called By]<UL><LI><a href="#[c8]">&gt;&gt;</a>&nbsp;&nbsp;&nbsp;instance_run
<LI><a href="#[ae]">&gt;&gt;</a>&nbsp;&nbsp;&nbsp;instance_txcallback
<LI><a href="#[ab]">&gt;&gt;</a>&nbsp;&nbsp;&nbsp;instance_rxcallback
<LI><a href="#[a7]">&gt;&gt;</a>&nbsp;&nbsp;&nbsp;handle_error_unknownframe
</UL>

<P><STRONG><a name="[a4]"></a>tagrxreenable</STRONG> (Thumb, 56 bytes, Stack size 8 bytes, instance_common.o(.text))
<BR><BR>[Stack]<UL><LI>Max Depth = 96<LI>Call Chain = tagrxreenable &rArr; dwt_rxenable &rArr; dwt_forcetrxoff &rArr; dwt_syncrxbufptrs &rArr; dwt_readfromdevice &rArr; readfromspi_serial &rArr; decamutexon
</UL>
<BR>[Calls]<UL><LI><a href="#[72]">&gt;&gt;</a>&nbsp;&nbsp;&nbsp;dwt_setrxtimeout
<LI><a href="#[84]">&gt;&gt;</a>&nbsp;&nbsp;&nbsp;dwt_rxenable
</UL>
<BR>[Called By]<UL><LI><a href="#[ab]">&gt;&gt;</a>&nbsp;&nbsp;&nbsp;instance_rxcallback
<LI><a href="#[a7]">&gt;&gt;</a>&nbsp;&nbsp;&nbsp;handle_error_unknownframe
</UL>

<P><STRONG><a name="[a5]"></a>ancenablerx</STRONG> (Thumb, 68 bytes, Stack size 8 bytes, instance_common.o(.text))
<BR><BR>[Stack]<UL><LI>Max Depth = 96<LI>Call Chain = ancenablerx &rArr; dwt_rxenable &rArr; dwt_forcetrxoff &rArr; dwt_syncrxbufptrs &rArr; dwt_readfromdevice &rArr; readfromspi_serial &rArr; decamutexon
</UL>
<BR>[Calls]<UL><LI><a href="#[72]">&gt;&gt;</a>&nbsp;&nbsp;&nbsp;dwt_setrxtimeout
<LI><a href="#[63]">&gt;&gt;</a>&nbsp;&nbsp;&nbsp;dwt_setdelayedtrxtime
<LI><a href="#[84]">&gt;&gt;</a>&nbsp;&nbsp;&nbsp;dwt_rxenable
</UL>
<BR>[Called By]<UL><LI><a href="#[a6]">&gt;&gt;</a>&nbsp;&nbsp;&nbsp;anctxorrxreenable
</UL>

<P><STRONG><a name="[a6]"></a>anctxorrxreenable</STRONG> (Thumb, 250 bytes, Stack size 24 bytes, instance_common.o(.text))
<BR><BR>[Stack]<UL><LI>Max Depth = 120<LI>Call Chain = anctxorrxreenable &rArr; ancenablerx &rArr; dwt_rxenable &rArr; dwt_forcetrxoff &rArr; dwt_syncrxbufptrs &rArr; dwt_readfromdevice &rArr; readfromspi_serial &rArr; decamutexon
</UL>
<BR>[Calls]<UL><LI><a href="#[a5]">&gt;&gt;</a>&nbsp;&nbsp;&nbsp;ancenablerx
<LI><a href="#[65]">&gt;&gt;</a>&nbsp;&nbsp;&nbsp;portGetTickCnt
<LI><a href="#[64]">&gt;&gt;</a>&nbsp;&nbsp;&nbsp;dwt_starttx
<LI><a href="#[72]">&gt;&gt;</a>&nbsp;&nbsp;&nbsp;dwt_setrxtimeout
<LI><a href="#[71]">&gt;&gt;</a>&nbsp;&nbsp;&nbsp;dwt_setrxaftertxdelay
<LI><a href="#[73]">&gt;&gt;</a>&nbsp;&nbsp;&nbsp;dwt_setpreambledetecttimeout
<LI><a href="#[63]">&gt;&gt;</a>&nbsp;&nbsp;&nbsp;dwt_setdelayedtrxtime
<LI><a href="#[84]">&gt;&gt;</a>&nbsp;&nbsp;&nbsp;dwt_rxenable
</UL>
<BR>[Called By]<UL><LI><a href="#[ab]">&gt;&gt;</a>&nbsp;&nbsp;&nbsp;instance_rxcallback
<LI><a href="#[a7]">&gt;&gt;</a>&nbsp;&nbsp;&nbsp;handle_error_unknownframe
</UL>

<P><STRONG><a name="[a7]"></a>handle_error_unknownframe</STRONG> (Thumb, 178 bytes, Stack size 184 bytes, instance_common.o(.text))
<BR><BR>[Stack]<UL><LI>Max Depth = 304<LI>Call Chain = handle_error_unknownframe &rArr; anctxorrxreenable &rArr; ancenablerx &rArr; dwt_rxenable &rArr; dwt_forcetrxoff &rArr; dwt_syncrxbufptrs &rArr; dwt_readfromdevice &rArr; readfromspi_serial &rArr; decamutexon
</UL>
<BR>[Calls]<UL><LI><a href="#[a6]">&gt;&gt;</a>&nbsp;&nbsp;&nbsp;anctxorrxreenable
<LI><a href="#[a4]">&gt;&gt;</a>&nbsp;&nbsp;&nbsp;tagrxreenable
<LI><a href="#[a3]">&gt;&gt;</a>&nbsp;&nbsp;&nbsp;instance_putevent
<LI><a href="#[72]">&gt;&gt;</a>&nbsp;&nbsp;&nbsp;dwt_setrxtimeout
<LI><a href="#[84]">&gt;&gt;</a>&nbsp;&nbsp;&nbsp;dwt_rxenable
<LI><a href="#[97]">&gt;&gt;</a>&nbsp;&nbsp;&nbsp;__aeabi_memcpy4
</UL>
<BR>[Called By]<UL><LI><a href="#[ab]">&gt;&gt;</a>&nbsp;&nbsp;&nbsp;instance_rxcallback
</UL>

<P><STRONG><a name="[a8]"></a>ancsendfinalorrxreenable</STRONG> (Thumb, 56 bytes, Stack size 8 bytes, instance_common.o(.text))
<BR><BR>[Stack]<UL><LI>Max Depth = 96<LI>Call Chain = ancsendfinalorrxreenable &rArr; dwt_rxenable &rArr; dwt_forcetrxoff &rArr; dwt_syncrxbufptrs &rArr; dwt_readfromdevice &rArr; readfromspi_serial &rArr; decamutexon
</UL>
<BR>[Calls]<UL><LI><a href="#[72]">&gt;&gt;</a>&nbsp;&nbsp;&nbsp;dwt_setrxtimeout
<LI><a href="#[84]">&gt;&gt;</a>&nbsp;&nbsp;&nbsp;dwt_rxenable
</UL>
<BR>[Called By]<UL><LI><a href="#[ab]">&gt;&gt;</a>&nbsp;&nbsp;&nbsp;instance_rxcallback
</UL>

<P><STRONG><a name="[a9]"></a>ancprepareresponse</STRONG> (Thumb, 254 bytes, Stack size 32 bytes, instance_common.o(.text))
<BR><BR>[Stack]<UL><LI>Max Depth = 96<LI>Call Chain = ancprepareresponse &rArr; dwt_writetxfctrl &rArr; dwt_write32bitoffsetreg &rArr; dwt_writetodevice &rArr; writetospi_serial &rArr; decamutexon
</UL>
<BR>[Calls]<UL><LI><a href="#[62]">&gt;&gt;</a>&nbsp;&nbsp;&nbsp;dwt_writetxfctrl
<LI><a href="#[81]">&gt;&gt;</a>&nbsp;&nbsp;&nbsp;dwt_writetxdata
<LI><a href="#[71]">&gt;&gt;</a>&nbsp;&nbsp;&nbsp;dwt_setrxaftertxdelay
</UL>
<BR>[Called By]<UL><LI><a href="#[ab]">&gt;&gt;</a>&nbsp;&nbsp;&nbsp;instance_rxcallback
</UL>

<P><STRONG><a name="[aa]"></a>ancprepareresponse2</STRONG> (Thumb, 130 bytes, Stack size 16 bytes, instance_common.o(.text))
<BR><BR>[Stack]<UL><LI>Max Depth = 80<LI>Call Chain = ancprepareresponse2 &rArr; dwt_writetxfctrl &rArr; dwt_write32bitoffsetreg &rArr; dwt_writetodevice &rArr; writetospi_serial &rArr; decamutexon
</UL>
<BR>[Calls]<UL><LI><a href="#[62]">&gt;&gt;</a>&nbsp;&nbsp;&nbsp;dwt_writetxfctrl
<LI><a href="#[81]">&gt;&gt;</a>&nbsp;&nbsp;&nbsp;dwt_writetxdata
<LI><a href="#[71]">&gt;&gt;</a>&nbsp;&nbsp;&nbsp;dwt_setrxaftertxdelay
</UL>
<BR>[Called By]<UL><LI><a href="#[ab]">&gt;&gt;</a>&nbsp;&nbsp;&nbsp;instance_rxcallback
</UL>

<P><STRONG><a name="[ab]"></a>instance_rxcallback</STRONG> (Thumb, 1032 bytes, Stack size 360 bytes, instance_common.o(.text))
<BR><BR>[Stack]<UL><LI>Max Depth = 664<LI>Call Chain = instance_rxcallback &rArr; handle_error_unknownframe &rArr; anctxorrxreenable &rArr; ancenablerx &rArr; dwt_rxenable &rArr; dwt_forcetrxoff &rArr; dwt_syncrxbufptrs &rArr; dwt_readfromdevice &rArr; readfromspi_serial &rArr; decamutexon
</UL>
<BR>[Calls]<UL><LI><a href="#[ac]">&gt;&gt;</a>&nbsp;&nbsp;&nbsp;dwt_readrxtimestamp
<LI><a href="#[ad]">&gt;&gt;</a>&nbsp;&nbsp;&nbsp;dwt_readrxdata
<LI><a href="#[aa]">&gt;&gt;</a>&nbsp;&nbsp;&nbsp;ancprepareresponse2
<LI><a href="#[a9]">&gt;&gt;</a>&nbsp;&nbsp;&nbsp;ancprepareresponse
<LI><a href="#[a8]">&gt;&gt;</a>&nbsp;&nbsp;&nbsp;ancsendfinalorrxreenable
<LI><a href="#[a7]">&gt;&gt;</a>&nbsp;&nbsp;&nbsp;handle_error_unknownframe
<LI><a href="#[a6]">&gt;&gt;</a>&nbsp;&nbsp;&nbsp;anctxorrxreenable
<LI><a href="#[a4]">&gt;&gt;</a>&nbsp;&nbsp;&nbsp;tagrxreenable
<LI><a href="#[a3]">&gt;&gt;</a>&nbsp;&nbsp;&nbsp;instance_putevent
<LI><a href="#[65]">&gt;&gt;</a>&nbsp;&nbsp;&nbsp;portGetTickCnt
<LI><a href="#[75]">&gt;&gt;</a>&nbsp;&nbsp;&nbsp;led_on
<LI><a href="#[7b]">&gt;&gt;</a>&nbsp;&nbsp;&nbsp;led_off
<LI><a href="#[72]">&gt;&gt;</a>&nbsp;&nbsp;&nbsp;dwt_setrxtimeout
<LI><a href="#[71]">&gt;&gt;</a>&nbsp;&nbsp;&nbsp;dwt_setrxaftertxdelay
<LI><a href="#[84]">&gt;&gt;</a>&nbsp;&nbsp;&nbsp;dwt_rxenable
<LI><a href="#[97]">&gt;&gt;</a>&nbsp;&nbsp;&nbsp;__aeabi_memcpy4
</UL>
<BR>[Address Reference Count : 1]<UL><LI> instance_common.o(.text)
</UL>
<P><STRONG><a name="[ae]"></a>instance_txcallback</STRONG> (Thumb, 212 bytes, Stack size 344 bytes, instance_common.o(.text))
<BR><BR>[Stack]<UL><LI>Max Depth = 384<LI>Call Chain = instance_txcallback &rArr; dwt_readtxtimestamp &rArr; dwt_readfromdevice &rArr; readfromspi_serial &rArr; decamutexon
</UL>
<BR>[Calls]<UL><LI><a href="#[af]">&gt;&gt;</a>&nbsp;&nbsp;&nbsp;dwt_readtxtimestamp
<LI><a href="#[a3]">&gt;&gt;</a>&nbsp;&nbsp;&nbsp;instance_putevent
<LI><a href="#[65]">&gt;&gt;</a>&nbsp;&nbsp;&nbsp;portGetTickCnt
<LI><a href="#[97]">&gt;&gt;</a>&nbsp;&nbsp;&nbsp;__aeabi_memcpy4
</UL>
<BR>[Address Reference Count : 1]<UL><LI> instance_common.o(.text)
</UL>
<P><STRONG><a name="[b0]"></a>instance_clearevents</STRONG> (Thumb, 54 bytes, Stack size 16 bytes, instance_common.o(.text))
<BR><BR>[Stack]<UL><LI>Max Depth = 20<LI>Call Chain = instance_clearevents &rArr; __aeabi_memclr4
</UL>
<BR>[Calls]<UL><LI><a href="#[b1]">&gt;&gt;</a>&nbsp;&nbsp;&nbsp;__aeabi_memclr4
</UL>
<BR>[Called By]<UL><LI><a href="#[c8]">&gt;&gt;</a>&nbsp;&nbsp;&nbsp;instance_run
<LI><a href="#[b2]">&gt;&gt;</a>&nbsp;&nbsp;&nbsp;instance_init
</UL>

<P><STRONG><a name="[b2]"></a>instance_init</STRONG> (Thumb, 160 bytes, Stack size 24 bytes, instance_common.o(.text))
<BR><BR>[Stack]<UL><LI>Max Depth = 120<LI>Call Chain = instance_init &rArr; dwt_initialise &rArr; _dwt_otpread &rArr; dwt_read32bitoffsetreg &rArr; dwt_readfromdevice &rArr; readfromspi_serial &rArr; decamutexon
</UL>
<BR>[Calls]<UL><LI><a href="#[b6]">&gt;&gt;</a>&nbsp;&nbsp;&nbsp;dwt_setinterrupt
<LI><a href="#[b5]">&gt;&gt;</a>&nbsp;&nbsp;&nbsp;dwt_setdblrxbuffmode
<LI><a href="#[b7]">&gt;&gt;</a>&nbsp;&nbsp;&nbsp;dwt_setcallbacks
<LI><a href="#[b4]">&gt;&gt;</a>&nbsp;&nbsp;&nbsp;dwt_setautorxreenable
<LI><a href="#[b3]">&gt;&gt;</a>&nbsp;&nbsp;&nbsp;dwt_initialise
<LI><a href="#[b0]">&gt;&gt;</a>&nbsp;&nbsp;&nbsp;instance_clearevents
<LI><a href="#[a1]">&gt;&gt;</a>&nbsp;&nbsp;&nbsp;instanceclearcounts
<LI><a href="#[7c]">&gt;&gt;</a>&nbsp;&nbsp;&nbsp;dwt_setleds
</UL>
<BR>[Called By]<UL><LI><a href="#[10f]">&gt;&gt;</a>&nbsp;&nbsp;&nbsp;inittestapplication
</UL>

<P><STRONG><a name="[b8]"></a>instancereaddeviceid</STRONG> (Thumb, 4 bytes, Stack size 0 bytes, instance_common.o(.text))
<BR><BR>[Stack]<UL><LI>Max Depth = 56<LI>Call Chain = instancereaddeviceid &rArr; dwt_readdevid &rArr; dwt_read32bitoffsetreg &rArr; dwt_readfromdevice &rArr; readfromspi_serial &rArr; decamutexon
</UL>
<BR>[Calls]<UL><LI><a href="#[7a]">&gt;&gt;</a>&nbsp;&nbsp;&nbsp;dwt_readdevid
</UL>
<BR>[Called By]<UL><LI><a href="#[10f]">&gt;&gt;</a>&nbsp;&nbsp;&nbsp;inittestapplication
</UL>

<P><STRONG><a name="[c2]"></a>instancesettagsleepdelay</STRONG> (Thumb, 6 bytes, Stack size 0 bytes, instance_common.o(.text))
<BR><BR>[Called By]<UL><LI><a href="#[b9]">&gt;&gt;</a>&nbsp;&nbsp;&nbsp;instance_config
</UL>

<P><STRONG><a name="[b9]"></a>instance_config</STRONG> (Thumb, 314 bytes, Stack size 32 bytes, instance_common.o(.text))
<BR><BR>[Stack]<UL><LI>Max Depth = 136<LI>Call Chain = instance_config &rArr; dwt_configure &rArr; _dwt_configlde &rArr; dwt_write16bitoffsetreg &rArr; dwt_writetodevice &rArr; writetospi_serial &rArr; decamutexon
</UL>
<BR>[Calls]<UL><LI><a href="#[bf]">&gt;&gt;</a>&nbsp;&nbsp;&nbsp;dwt_setrxantennadelay
<LI><a href="#[be]">&gt;&gt;</a>&nbsp;&nbsp;&nbsp;dwt_readantennadelay
<LI><a href="#[bd]">&gt;&gt;</a>&nbsp;&nbsp;&nbsp;dwt_otprevision
<LI><a href="#[c1]">&gt;&gt;</a>&nbsp;&nbsp;&nbsp;dwt_loadopsettabfromotp
<LI><a href="#[bb]">&gt;&gt;</a>&nbsp;&nbsp;&nbsp;dwt_getotptxpower
<LI><a href="#[c0]">&gt;&gt;</a>&nbsp;&nbsp;&nbsp;dwt_getTREKOTPantennadelay
<LI><a href="#[bc]">&gt;&gt;</a>&nbsp;&nbsp;&nbsp;dwt_configuretxrf
<LI><a href="#[ba]">&gt;&gt;</a>&nbsp;&nbsp;&nbsp;dwt_configure
<LI><a href="#[c2]">&gt;&gt;</a>&nbsp;&nbsp;&nbsp;instancesettagsleepdelay
<LI><a href="#[98]">&gt;&gt;</a>&nbsp;&nbsp;&nbsp;SPI_ConfigFastRate
<LI><a href="#[7d]">&gt;&gt;</a>&nbsp;&nbsp;&nbsp;dwt_settxantennadelay
<LI><a href="#[8c]">&gt;&gt;</a>&nbsp;&nbsp;&nbsp;instancesetreplydelay
</UL>
<BR>[Called By]<UL><LI><a href="#[10f]">&gt;&gt;</a>&nbsp;&nbsp;&nbsp;inittestapplication
</UL>

<P><STRONG><a name="[132]"></a>instancegetrnum</STRONG> (Thumb, 8 bytes, Stack size 0 bytes, instance_common.o(.text))
<BR><BR>[Called By]<UL><LI><a href="#[5b]">&gt;&gt;</a>&nbsp;&nbsp;&nbsp;main
</UL>

<P><STRONG><a name="[12c]"></a>instancegetrnuma</STRONG> (Thumb, 10 bytes, Stack size 0 bytes, instance_common.o(.text))
<BR><BR>[Called By]<UL><LI><a href="#[5b]">&gt;&gt;</a>&nbsp;&nbsp;&nbsp;main
</UL>

<P><STRONG><a name="[130]"></a>instancegetrnumanc</STRONG> (Thumb, 10 bytes, Stack size 0 bytes, instance_common.o(.text))
<BR><BR>[Called By]<UL><LI><a href="#[5b]">&gt;&gt;</a>&nbsp;&nbsp;&nbsp;main
</UL>

<P><STRONG><a name="[12b]"></a>instancegetlcount</STRONG> (Thumb, 8 bytes, Stack size 0 bytes, instance_common.o(.text))
<BR><BR>[Called By]<UL><LI><a href="#[5b]">&gt;&gt;</a>&nbsp;&nbsp;&nbsp;main
</UL>

<P><STRONG><a name="[216]"></a>instancegetidist</STRONG> (Thumb, 18 bytes, Stack size 0 bytes, instance_common.o(.text), UNUSED)

<P><STRONG><a name="[217]"></a>instancegetidistraw</STRONG> (Thumb, 18 bytes, Stack size 0 bytes, instance_common.o(.text), UNUSED)

<P><STRONG><a name="[c3]"></a>instancegetidist_mm</STRONG> (Thumb, 34 bytes, Stack size 8 bytes, instance_common.o(.text))
<BR><BR>[Stack]<UL><LI>Max Depth = 40<LI>Call Chain = instancegetidist_mm &rArr; __aeabi_dmul
</UL>
<BR>[Calls]<UL><LI><a href="#[86]">&gt;&gt;</a>&nbsp;&nbsp;&nbsp;__aeabi_dmul
<LI><a href="#[8a]">&gt;&gt;</a>&nbsp;&nbsp;&nbsp;__aeabi_d2iz
</UL>
<BR>[Called By]<UL><LI><a href="#[5b]">&gt;&gt;</a>&nbsp;&nbsp;&nbsp;main
</UL>

<P><STRONG><a name="[c4]"></a>instancegetidistraw_mm</STRONG> (Thumb, 34 bytes, Stack size 8 bytes, instance_common.o(.text))
<BR><BR>[Stack]<UL><LI>Max Depth = 40<LI>Call Chain = instancegetidistraw_mm &rArr; __aeabi_dmul
</UL>
<BR>[Calls]<UL><LI><a href="#[86]">&gt;&gt;</a>&nbsp;&nbsp;&nbsp;__aeabi_dmul
<LI><a href="#[8a]">&gt;&gt;</a>&nbsp;&nbsp;&nbsp;__aeabi_d2iz
</UL>
<BR>[Called By]<UL><LI><a href="#[5b]">&gt;&gt;</a>&nbsp;&nbsp;&nbsp;main
</UL>

<P><STRONG><a name="[82]"></a>instance_backtoanchor</STRONG> (Thumb, 32 bytes, Stack size 8 bytes, instance_common.o(.text))
<BR><BR>[Stack]<UL><LI>Max Depth = 72<LI>Call Chain = instance_backtoanchor &rArr; dwt_setrxtimeout &rArr; dwt_write16bitoffsetreg &rArr; dwt_writetodevice &rArr; writetospi_serial &rArr; decamutexon
</UL>
<BR>[Calls]<UL><LI><a href="#[72]">&gt;&gt;</a>&nbsp;&nbsp;&nbsp;dwt_setrxtimeout
<LI><a href="#[71]">&gt;&gt;</a>&nbsp;&nbsp;&nbsp;dwt_setrxaftertxdelay
<LI><a href="#[73]">&gt;&gt;</a>&nbsp;&nbsp;&nbsp;dwt_setpreambledetecttimeout
</UL>
<BR>[Called By]<UL><LI><a href="#[83]">&gt;&gt;</a>&nbsp;&nbsp;&nbsp;inst_processrxtimeout
<LI><a href="#[69]">&gt;&gt;</a>&nbsp;&nbsp;&nbsp;testapprun
</UL>

<P><STRONG><a name="[83]"></a>inst_processrxtimeout</STRONG> (Thumb, 164 bytes, Stack size 16 bytes, instance_common.o(.text))
<BR><BR>[Stack]<UL><LI>Max Depth = 88<LI>Call Chain = inst_processrxtimeout &rArr; dwt_forcetrxoff &rArr; dwt_syncrxbufptrs &rArr; dwt_readfromdevice &rArr; readfromspi_serial &rArr; decamutexon
</UL>
<BR>[Calls]<UL><LI><a href="#[c5]">&gt;&gt;</a>&nbsp;&nbsp;&nbsp;dwt_forcetrxoff
<LI><a href="#[82]">&gt;&gt;</a>&nbsp;&nbsp;&nbsp;instance_backtoanchor
<LI><a href="#[72]">&gt;&gt;</a>&nbsp;&nbsp;&nbsp;dwt_setrxtimeout
</UL>
<BR>[Called By]<UL><LI><a href="#[5b]">&gt;&gt;</a>&nbsp;&nbsp;&nbsp;main
<LI><a href="#[69]">&gt;&gt;</a>&nbsp;&nbsp;&nbsp;testapprun
</UL>

<P><STRONG><a name="[c9]"></a>instance_peekevent</STRONG> (Thumb, 20 bytes, Stack size 0 bytes, instance_common.o(.text))
<BR><BR>[Called By]<UL><LI><a href="#[c8]">&gt;&gt;</a>&nbsp;&nbsp;&nbsp;instance_run
</UL>

<P><STRONG><a name="[c6]"></a>instance_saveevent</STRONG> (Thumb, 30 bytes, Stack size 32 bytes, instance_common.o(.text), UNUSED)
<BR><BR>[Calls]<UL><LI><a href="#[97]">&gt;&gt;</a>&nbsp;&nbsp;&nbsp;__aeabi_memcpy4
</UL>

<P><STRONG><a name="[c7]"></a>instance_getsavedevent</STRONG> (Thumb, 8 bytes, Stack size 0 bytes, instance_common.o(.text), UNUSED)
<BR><BR>[Calls]<UL><LI><a href="#[97]">&gt;&gt;</a>&nbsp;&nbsp;&nbsp;__aeabi_memcpy4
</UL>

<P><STRONG><a name="[74]"></a>instance_getevent</STRONG> (Thumb, 142 bytes, Stack size 32 bytes, instance_common.o(.text))
<BR><BR>[Stack]<UL><LI>Max Depth = 40<LI>Call Chain = instance_getevent &rArr; __aeabi_memcpy4
</UL>
<BR>[Calls]<UL><LI><a href="#[97]">&gt;&gt;</a>&nbsp;&nbsp;&nbsp;__aeabi_memcpy4
</UL>
<BR>[Called By]<UL><LI><a href="#[69]">&gt;&gt;</a>&nbsp;&nbsp;&nbsp;testapprun
</UL>

<P><STRONG><a name="[c8]"></a>instance_run</STRONG> (Thumb, 368 bytes, Stack size 344 bytes, instance_common.o(.text))
<BR><BR>[Stack]<UL><LI>Max Depth = 584<LI>Call Chain = instance_run &rArr; testapprun &rArr; instance_calcranges &rArr; reportTOF &rArr; dwt_getrangebias &rArr; __aeabi_dmul
</UL>
<BR>[Calls]<UL><LI><a href="#[c5]">&gt;&gt;</a>&nbsp;&nbsp;&nbsp;dwt_forcetrxoff
<LI><a href="#[c9]">&gt;&gt;</a>&nbsp;&nbsp;&nbsp;instance_peekevent
<LI><a href="#[b0]">&gt;&gt;</a>&nbsp;&nbsp;&nbsp;instance_clearevents
<LI><a href="#[a3]">&gt;&gt;</a>&nbsp;&nbsp;&nbsp;instance_putevent
<LI><a href="#[ca]">&gt;&gt;</a>&nbsp;&nbsp;&nbsp;NVIC_DisableIRQ
<LI><a href="#[cb]">&gt;&gt;</a>&nbsp;&nbsp;&nbsp;NVIC_EnableIRQ
<LI><a href="#[65]">&gt;&gt;</a>&nbsp;&nbsp;&nbsp;portGetTickCnt
<LI><a href="#[69]">&gt;&gt;</a>&nbsp;&nbsp;&nbsp;testapprun
<LI><a href="#[97]">&gt;&gt;</a>&nbsp;&nbsp;&nbsp;__aeabi_memcpy4
</UL>
<BR>[Called By]<UL><LI><a href="#[5b]">&gt;&gt;</a>&nbsp;&nbsp;&nbsp;main
</UL>

<P><STRONG><a name="[cc]"></a>instance_close</STRONG> (Thumb, 50 bytes, Stack size 8 bytes, instance_common.o(.text), UNUSED)
<BR><BR>[Calls]<UL><LI><a href="#[b6]">&gt;&gt;</a>&nbsp;&nbsp;&nbsp;dwt_setinterrupt
<LI><a href="#[cd]">&gt;&gt;</a>&nbsp;&nbsp;&nbsp;dwt_entersleepaftertx
<LI><a href="#[78]">&gt;&gt;</a>&nbsp;&nbsp;&nbsp;Sleep
<LI><a href="#[79]">&gt;&gt;</a>&nbsp;&nbsp;&nbsp;GPIO_SetBits
<LI><a href="#[76]">&gt;&gt;</a>&nbsp;&nbsp;&nbsp;GPIO_ResetBits
</UL>

<P><STRONG><a name="[114]"></a>instance_notify_DW1000_inIDLE</STRONG> (Thumb, 8 bytes, Stack size 0 bytes, instance_common.o(.text))
<BR><BR>[Called By]<UL><LI><a href="#[113]">&gt;&gt;</a>&nbsp;&nbsp;&nbsp;process_dwRSTn_irq
</UL>

<P><STRONG><a name="[218]"></a>instanceconfigtxpower</STRONG> (Thumb, 12 bytes, Stack size 0 bytes, instance_common.o(.text), UNUSED)

<P><STRONG><a name="[7f]"></a>instancesettxpower</STRONG> (Thumb, 30 bytes, Stack size 8 bytes, instance_common.o(.text))
<BR><BR>[Stack]<UL><LI>Max Depth = 64<LI>Call Chain = instancesettxpower &rArr; dwt_write32bitoffsetreg &rArr; dwt_writetodevice &rArr; writetospi_serial &rArr; decamutexon
</UL>
<BR>[Calls]<UL><LI><a href="#[ce]">&gt;&gt;</a>&nbsp;&nbsp;&nbsp;dwt_write32bitoffsetreg
</UL>
<BR>[Called By]<UL><LI><a href="#[69]">&gt;&gt;</a>&nbsp;&nbsp;&nbsp;testapprun
</UL>

<P><STRONG><a name="[219]"></a>instanceconfigantennadelays</STRONG> (Thumb, 14 bytes, Stack size 0 bytes, instance_common.o(.text), UNUSED)

<P><STRONG><a name="[7e]"></a>instancesetantennadelays</STRONG> (Thumb, 32 bytes, Stack size 8 bytes, instance_common.o(.text))
<BR><BR>[Stack]<UL><LI>Max Depth = 56<LI>Call Chain = instancesetantennadelays &rArr; dwt_setrxantennadelay &rArr; dwt_write16bitoffsetreg &rArr; dwt_writetodevice &rArr; writetospi_serial &rArr; decamutexon
</UL>
<BR>[Calls]<UL><LI><a href="#[bf]">&gt;&gt;</a>&nbsp;&nbsp;&nbsp;dwt_setrxantennadelay
<LI><a href="#[7d]">&gt;&gt;</a>&nbsp;&nbsp;&nbsp;dwt_settxantennadelay
</UL>
<BR>[Called By]<UL><LI><a href="#[69]">&gt;&gt;</a>&nbsp;&nbsp;&nbsp;testapprun
</UL>

<P><STRONG><a name="[12d]"></a>instancetxantdly</STRONG> (Thumb, 6 bytes, Stack size 0 bytes, instance_common.o(.text))
<BR><BR>[Called By]<UL><LI><a href="#[5b]">&gt;&gt;</a>&nbsp;&nbsp;&nbsp;main
</UL>

<P><STRONG><a name="[12e]"></a>instancerxantdly</STRONG> (Thumb, 6 bytes, Stack size 0 bytes, instance_common.o(.text))
<BR><BR>[Called By]<UL><LI><a href="#[5b]">&gt;&gt;</a>&nbsp;&nbsp;&nbsp;main
</UL>

<P><STRONG><a name="[12f]"></a>instancevalidranges</STRONG> (Thumb, 12 bytes, Stack size 0 bytes, instance_common.o(.text))
<BR><BR>[Called By]<UL><LI><a href="#[5b]">&gt;&gt;</a>&nbsp;&nbsp;&nbsp;main
</UL>

<P><STRONG><a name="[cf]"></a>dwt_writetodevice</STRONG> (Thumb, 62 bytes, Stack size 8 bytes, deca_device.o(.text))
<BR><BR>[Stack]<UL><LI>Max Depth = 40<LI>Call Chain = dwt_writetodevice &rArr; writetospi_serial &rArr; decamutexon
</UL>
<BR>[Calls]<UL><LI><a href="#[d0]">&gt;&gt;</a>&nbsp;&nbsp;&nbsp;writetospi_serial
</UL>
<BR>[Called By]<UL><LI><a href="#[100]">&gt;&gt;</a>&nbsp;&nbsp;&nbsp;dwt_readtempvbat
<LI><a href="#[ff]">&gt;&gt;</a>&nbsp;&nbsp;&nbsp;dwt_configcwmode
<LI><a href="#[fe]">&gt;&gt;</a>&nbsp;&nbsp;&nbsp;dwt_softreset
<LI><a href="#[fa]">&gt;&gt;</a>&nbsp;&nbsp;&nbsp;dwt_isr
<LI><a href="#[f6]">&gt;&gt;</a>&nbsp;&nbsp;&nbsp;dwt_syncrxbufptrs
<LI><a href="#[f5]">&gt;&gt;</a>&nbsp;&nbsp;&nbsp;dwt_rxreset
<LI><a href="#[f0]">&gt;&gt;</a>&nbsp;&nbsp;&nbsp;dwt_calibratesleepcnt
<LI><a href="#[ef]">&gt;&gt;</a>&nbsp;&nbsp;&nbsp;dwt_configuresleepcnt
<LI><a href="#[ee]">&gt;&gt;</a>&nbsp;&nbsp;&nbsp;_dwt_aonarrayupload
<LI><a href="#[ed]">&gt;&gt;</a>&nbsp;&nbsp;&nbsp;_dwt_aonconfigupload
<LI><a href="#[ea]">&gt;&gt;</a>&nbsp;&nbsp;&nbsp;_dwt_otpprogword32
<LI><a href="#[e9]">&gt;&gt;</a>&nbsp;&nbsp;&nbsp;_dwt_otpsetmrregs
<LI><a href="#[dd]">&gt;&gt;</a>&nbsp;&nbsp;&nbsp;_dwt_configlde
<LI><a href="#[dc]">&gt;&gt;</a>&nbsp;&nbsp;&nbsp;dwt_xtaltrim
<LI><a href="#[db]">&gt;&gt;</a>&nbsp;&nbsp;&nbsp;dwt_setGPIOvalue
<LI><a href="#[da]">&gt;&gt;</a>&nbsp;&nbsp;&nbsp;dwt_setGPIOdirection
<LI><a href="#[d9]">&gt;&gt;</a>&nbsp;&nbsp;&nbsp;dwt_setGPIOforEXTTRX
<LI><a href="#[d8]">&gt;&gt;</a>&nbsp;&nbsp;&nbsp;_dwt_otpread
<LI><a href="#[d7]">&gt;&gt;</a>&nbsp;&nbsp;&nbsp;_dwt_loaducodefromrom
<LI><a href="#[d5]">&gt;&gt;</a>&nbsp;&nbsp;&nbsp;_dwt_enableclocks
<LI><a href="#[d1]">&gt;&gt;</a>&nbsp;&nbsp;&nbsp;dwt_write16bitoffsetreg
<LI><a href="#[ce]">&gt;&gt;</a>&nbsp;&nbsp;&nbsp;dwt_write32bitoffsetreg
<LI><a href="#[b4]">&gt;&gt;</a>&nbsp;&nbsp;&nbsp;dwt_setautorxreenable
<LI><a href="#[c1]">&gt;&gt;</a>&nbsp;&nbsp;&nbsp;dwt_loadopsettabfromotp
<LI><a href="#[b3]">&gt;&gt;</a>&nbsp;&nbsp;&nbsp;dwt_initialise
<LI><a href="#[c5]">&gt;&gt;</a>&nbsp;&nbsp;&nbsp;dwt_forcetrxoff
<LI><a href="#[bc]">&gt;&gt;</a>&nbsp;&nbsp;&nbsp;dwt_configuretxrf
<LI><a href="#[ba]">&gt;&gt;</a>&nbsp;&nbsp;&nbsp;dwt_configure
<LI><a href="#[a2]">&gt;&gt;</a>&nbsp;&nbsp;&nbsp;dwt_configeventcounters
<LI><a href="#[99]">&gt;&gt;</a>&nbsp;&nbsp;&nbsp;dwt_configcontinuousframemode
<LI><a href="#[81]">&gt;&gt;</a>&nbsp;&nbsp;&nbsp;dwt_writetxdata
<LI><a href="#[64]">&gt;&gt;</a>&nbsp;&nbsp;&nbsp;dwt_starttx
<LI><a href="#[72]">&gt;&gt;</a>&nbsp;&nbsp;&nbsp;dwt_setrxtimeout
<LI><a href="#[7c]">&gt;&gt;</a>&nbsp;&nbsp;&nbsp;dwt_setleds
<LI><a href="#[6c]">&gt;&gt;</a>&nbsp;&nbsp;&nbsp;dwt_seteui
<LI><a href="#[6f]">&gt;&gt;</a>&nbsp;&nbsp;&nbsp;dwt_configuresleep
</UL>

<P><STRONG><a name="[d1]"></a>dwt_write16bitoffsetreg</STRONG> (Thumb, 26 bytes, Stack size 8 bytes, deca_device.o(.text))
<BR><BR>[Stack]<UL><LI>Max Depth = 48<LI>Call Chain = dwt_write16bitoffsetreg &rArr; dwt_writetodevice &rArr; writetospi_serial &rArr; decamutexon
</UL>
<BR>[Calls]<UL><LI><a href="#[cf]">&gt;&gt;</a>&nbsp;&nbsp;&nbsp;dwt_writetodevice
</UL>
<BR>[Called By]<UL><LI><a href="#[ff]">&gt;&gt;</a>&nbsp;&nbsp;&nbsp;dwt_configcwmode
<LI><a href="#[fe]">&gt;&gt;</a>&nbsp;&nbsp;&nbsp;dwt_softreset
<LI><a href="#[fc]">&gt;&gt;</a>&nbsp;&nbsp;&nbsp;dwt_setrxmode
<LI><a href="#[fb]">&gt;&gt;</a>&nbsp;&nbsp;&nbsp;_dwt_disablesequencing
<LI><a href="#[fa]">&gt;&gt;</a>&nbsp;&nbsp;&nbsp;dwt_isr
<LI><a href="#[f3]">&gt;&gt;</a>&nbsp;&nbsp;&nbsp;dwt_enableautoack
<LI><a href="#[dd]">&gt;&gt;</a>&nbsp;&nbsp;&nbsp;_dwt_configlde
<LI><a href="#[d7]">&gt;&gt;</a>&nbsp;&nbsp;&nbsp;_dwt_loaducodefromrom
<LI><a href="#[bf]">&gt;&gt;</a>&nbsp;&nbsp;&nbsp;dwt_setrxantennadelay
<LI><a href="#[c1]">&gt;&gt;</a>&nbsp;&nbsp;&nbsp;dwt_loadopsettabfromotp
<LI><a href="#[b3]">&gt;&gt;</a>&nbsp;&nbsp;&nbsp;dwt_initialise
<LI><a href="#[ba]">&gt;&gt;</a>&nbsp;&nbsp;&nbsp;dwt_configure
<LI><a href="#[7d]">&gt;&gt;</a>&nbsp;&nbsp;&nbsp;dwt_settxantennadelay
<LI><a href="#[72]">&gt;&gt;</a>&nbsp;&nbsp;&nbsp;dwt_setrxtimeout
<LI><a href="#[73]">&gt;&gt;</a>&nbsp;&nbsp;&nbsp;dwt_setpreambledetecttimeout
<LI><a href="#[6b]">&gt;&gt;</a>&nbsp;&nbsp;&nbsp;dwt_setpanid
<LI><a href="#[6d]">&gt;&gt;</a>&nbsp;&nbsp;&nbsp;dwt_setaddress16
<LI><a href="#[84]">&gt;&gt;</a>&nbsp;&nbsp;&nbsp;dwt_rxenable
<LI><a href="#[6f]">&gt;&gt;</a>&nbsp;&nbsp;&nbsp;dwt_configuresleep
</UL>

<P><STRONG><a name="[ce]"></a>dwt_write32bitoffsetreg</STRONG> (Thumb, 30 bytes, Stack size 16 bytes, deca_device.o(.text))
<BR><BR>[Stack]<UL><LI>Max Depth = 56<LI>Call Chain = dwt_write32bitoffsetreg &rArr; dwt_writetodevice &rArr; writetospi_serial &rArr; decamutexon
</UL>
<BR>[Calls]<UL><LI><a href="#[cf]">&gt;&gt;</a>&nbsp;&nbsp;&nbsp;dwt_writetodevice
</UL>
<BR>[Called By]<UL><LI><a href="#[ff]">&gt;&gt;</a>&nbsp;&nbsp;&nbsp;dwt_configcwmode
<LI><a href="#[fa]">&gt;&gt;</a>&nbsp;&nbsp;&nbsp;dwt_isr
<LI><a href="#[f3]">&gt;&gt;</a>&nbsp;&nbsp;&nbsp;dwt_enableautoack
<LI><a href="#[f2]">&gt;&gt;</a>&nbsp;&nbsp;&nbsp;dwt_setsmarttxpower
<LI><a href="#[b6]">&gt;&gt;</a>&nbsp;&nbsp;&nbsp;dwt_setinterrupt
<LI><a href="#[b5]">&gt;&gt;</a>&nbsp;&nbsp;&nbsp;dwt_setdblrxbuffmode
<LI><a href="#[b3]">&gt;&gt;</a>&nbsp;&nbsp;&nbsp;dwt_initialise
<LI><a href="#[c5]">&gt;&gt;</a>&nbsp;&nbsp;&nbsp;dwt_forcetrxoff
<LI><a href="#[cd]">&gt;&gt;</a>&nbsp;&nbsp;&nbsp;dwt_entersleepaftertx
<LI><a href="#[bc]">&gt;&gt;</a>&nbsp;&nbsp;&nbsp;dwt_configuretxrf
<LI><a href="#[ba]">&gt;&gt;</a>&nbsp;&nbsp;&nbsp;dwt_configure
<LI><a href="#[99]">&gt;&gt;</a>&nbsp;&nbsp;&nbsp;dwt_configcontinuousframemode
<LI><a href="#[7f]">&gt;&gt;</a>&nbsp;&nbsp;&nbsp;instancesettxpower
<LI><a href="#[62]">&gt;&gt;</a>&nbsp;&nbsp;&nbsp;dwt_writetxfctrl
<LI><a href="#[71]">&gt;&gt;</a>&nbsp;&nbsp;&nbsp;dwt_setrxaftertxdelay
<LI><a href="#[63]">&gt;&gt;</a>&nbsp;&nbsp;&nbsp;dwt_setdelayedtrxtime
<LI><a href="#[6a]">&gt;&gt;</a>&nbsp;&nbsp;&nbsp;dwt_enableframefilter
</UL>

<P><STRONG><a name="[d2]"></a>dwt_readfromdevice</STRONG> (Thumb, 58 bytes, Stack size 8 bytes, deca_device.o(.text))
<BR><BR>[Stack]<UL><LI>Max Depth = 40<LI>Call Chain = dwt_readfromdevice &rArr; readfromspi_serial &rArr; decamutexon
</UL>
<BR>[Calls]<UL><LI><a href="#[d3]">&gt;&gt;</a>&nbsp;&nbsp;&nbsp;readfromspi_serial
</UL>
<BR>[Called By]<UL><LI><a href="#[102]">&gt;&gt;</a>&nbsp;&nbsp;&nbsp;dwt_readwakeupvbat
<LI><a href="#[101]">&gt;&gt;</a>&nbsp;&nbsp;&nbsp;dwt_readwakeuptemp
<LI><a href="#[100]">&gt;&gt;</a>&nbsp;&nbsp;&nbsp;dwt_readtempvbat
<LI><a href="#[fe]">&gt;&gt;</a>&nbsp;&nbsp;&nbsp;dwt_softreset
<LI><a href="#[fa]">&gt;&gt;</a>&nbsp;&nbsp;&nbsp;dwt_isr
<LI><a href="#[f6]">&gt;&gt;</a>&nbsp;&nbsp;&nbsp;dwt_syncrxbufptrs
<LI><a href="#[f4]">&gt;&gt;</a>&nbsp;&nbsp;&nbsp;dwt_checkIRQ
<LI><a href="#[f1]">&gt;&gt;</a>&nbsp;&nbsp;&nbsp;dwt_spicswakeup
<LI><a href="#[f0]">&gt;&gt;</a>&nbsp;&nbsp;&nbsp;dwt_calibratesleepcnt
<LI><a href="#[ea]">&gt;&gt;</a>&nbsp;&nbsp;&nbsp;_dwt_otpprogword32
<LI><a href="#[e9]">&gt;&gt;</a>&nbsp;&nbsp;&nbsp;_dwt_otpsetmrregs
<LI><a href="#[e8]">&gt;&gt;</a>&nbsp;&nbsp;&nbsp;dwt_geteui
<LI><a href="#[e7]">&gt;&gt;</a>&nbsp;&nbsp;&nbsp;dwt_readsystime
<LI><a href="#[df]">&gt;&gt;</a>&nbsp;&nbsp;&nbsp;dwt_readdignostics
<LI><a href="#[de]">&gt;&gt;</a>&nbsp;&nbsp;&nbsp;dwt_readaccdata
<LI><a href="#[dc]">&gt;&gt;</a>&nbsp;&nbsp;&nbsp;dwt_xtaltrim
<LI><a href="#[d9]">&gt;&gt;</a>&nbsp;&nbsp;&nbsp;dwt_setGPIOforEXTTRX
<LI><a href="#[d6]">&gt;&gt;</a>&nbsp;&nbsp;&nbsp;dwt_read16bitoffsetreg
<LI><a href="#[d5]">&gt;&gt;</a>&nbsp;&nbsp;&nbsp;_dwt_enableclocks
<LI><a href="#[d4]">&gt;&gt;</a>&nbsp;&nbsp;&nbsp;dwt_read32bitoffsetreg
<LI><a href="#[af]">&gt;&gt;</a>&nbsp;&nbsp;&nbsp;dwt_readtxtimestamp
<LI><a href="#[ac]">&gt;&gt;</a>&nbsp;&nbsp;&nbsp;dwt_readrxtimestamp
<LI><a href="#[ad]">&gt;&gt;</a>&nbsp;&nbsp;&nbsp;dwt_readrxdata
<LI><a href="#[72]">&gt;&gt;</a>&nbsp;&nbsp;&nbsp;dwt_setrxtimeout
<LI><a href="#[7c]">&gt;&gt;</a>&nbsp;&nbsp;&nbsp;dwt_setleds
</UL>

<P><STRONG><a name="[d4]"></a>dwt_read32bitoffsetreg</STRONG> (Thumb, 38 bytes, Stack size 16 bytes, deca_device.o(.text))
<BR><BR>[Stack]<UL><LI>Max Depth = 56<LI>Call Chain = dwt_read32bitoffsetreg &rArr; dwt_readfromdevice &rArr; readfromspi_serial &rArr; decamutexon
</UL>
<BR>[Calls]<UL><LI><a href="#[d2]">&gt;&gt;</a>&nbsp;&nbsp;&nbsp;dwt_readfromdevice
</UL>
<BR>[Called By]<UL><LI><a href="#[5b]">&gt;&gt;</a>&nbsp;&nbsp;&nbsp;main
<LI><a href="#[fd]">&gt;&gt;</a>&nbsp;&nbsp;&nbsp;dwt_readeventcounters
<LI><a href="#[fa]">&gt;&gt;</a>&nbsp;&nbsp;&nbsp;dwt_isr
<LI><a href="#[f2]">&gt;&gt;</a>&nbsp;&nbsp;&nbsp;dwt_setsmarttxpower
<LI><a href="#[e6]">&gt;&gt;</a>&nbsp;&nbsp;&nbsp;dwt_readsystimestamphi32
<LI><a href="#[e5]">&gt;&gt;</a>&nbsp;&nbsp;&nbsp;dwt_readrxtimestamplo32
<LI><a href="#[e4]">&gt;&gt;</a>&nbsp;&nbsp;&nbsp;dwt_readrxtimestamphi32
<LI><a href="#[e3]">&gt;&gt;</a>&nbsp;&nbsp;&nbsp;dwt_readtxtimestamplo32
<LI><a href="#[e2]">&gt;&gt;</a>&nbsp;&nbsp;&nbsp;dwt_readtxtimestamphi32
<LI><a href="#[df]">&gt;&gt;</a>&nbsp;&nbsp;&nbsp;dwt_readdignostics
<LI><a href="#[d8]">&gt;&gt;</a>&nbsp;&nbsp;&nbsp;_dwt_otpread
<LI><a href="#[b6]">&gt;&gt;</a>&nbsp;&nbsp;&nbsp;dwt_setinterrupt
<LI><a href="#[b3]">&gt;&gt;</a>&nbsp;&nbsp;&nbsp;dwt_initialise
<LI><a href="#[c5]">&gt;&gt;</a>&nbsp;&nbsp;&nbsp;dwt_forcetrxoff
<LI><a href="#[cd]">&gt;&gt;</a>&nbsp;&nbsp;&nbsp;dwt_entersleepaftertx
<LI><a href="#[71]">&gt;&gt;</a>&nbsp;&nbsp;&nbsp;dwt_setrxaftertxdelay
<LI><a href="#[7a]">&gt;&gt;</a>&nbsp;&nbsp;&nbsp;dwt_readdevid
<LI><a href="#[6a]">&gt;&gt;</a>&nbsp;&nbsp;&nbsp;dwt_enableframefilter
</UL>

<P><STRONG><a name="[d5]"></a>_dwt_enableclocks</STRONG> (Thumb, 194 bytes, Stack size 16 bytes, deca_device.o(.text))
<BR><BR>[Stack]<UL><LI>Max Depth = 56<LI>Call Chain = _dwt_enableclocks &rArr; dwt_readfromdevice &rArr; readfromspi_serial &rArr; decamutexon
</UL>
<BR>[Calls]<UL><LI><a href="#[d2]">&gt;&gt;</a>&nbsp;&nbsp;&nbsp;dwt_readfromdevice
<LI><a href="#[cf]">&gt;&gt;</a>&nbsp;&nbsp;&nbsp;dwt_writetodevice
</UL>
<BR>[Called By]<UL><LI><a href="#[100]">&gt;&gt;</a>&nbsp;&nbsp;&nbsp;dwt_readtempvbat
<LI><a href="#[fb]">&gt;&gt;</a>&nbsp;&nbsp;&nbsp;_dwt_disablesequencing
<LI><a href="#[ec]">&gt;&gt;</a>&nbsp;&nbsp;&nbsp;dwt_otpwriteandverify
<LI><a href="#[de]">&gt;&gt;</a>&nbsp;&nbsp;&nbsp;dwt_readaccdata
<LI><a href="#[d7]">&gt;&gt;</a>&nbsp;&nbsp;&nbsp;_dwt_loaducodefromrom
<LI><a href="#[c1]">&gt;&gt;</a>&nbsp;&nbsp;&nbsp;dwt_loadopsettabfromotp
<LI><a href="#[b3]">&gt;&gt;</a>&nbsp;&nbsp;&nbsp;dwt_initialise
<LI><a href="#[99]">&gt;&gt;</a>&nbsp;&nbsp;&nbsp;dwt_configcontinuousframemode
</UL>

<P><STRONG><a name="[d6]"></a>dwt_read16bitoffsetreg</STRONG> (Thumb, 38 bytes, Stack size 16 bytes, deca_device.o(.text))
<BR><BR>[Stack]<UL><LI>Max Depth = 56<LI>Call Chain = dwt_read16bitoffsetreg &rArr; dwt_readfromdevice &rArr; readfromspi_serial &rArr; decamutexon
</UL>
<BR>[Calls]<UL><LI><a href="#[d2]">&gt;&gt;</a>&nbsp;&nbsp;&nbsp;dwt_readfromdevice
</UL>
<BR>[Called By]<UL><LI><a href="#[fa]">&gt;&gt;</a>&nbsp;&nbsp;&nbsp;dwt_isr
<LI><a href="#[f9]">&gt;&gt;</a>&nbsp;&nbsp;&nbsp;dwt_checkoverrun
<LI><a href="#[df]">&gt;&gt;</a>&nbsp;&nbsp;&nbsp;dwt_readdignostics
<LI><a href="#[b3]">&gt;&gt;</a>&nbsp;&nbsp;&nbsp;dwt_initialise
<LI><a href="#[64]">&gt;&gt;</a>&nbsp;&nbsp;&nbsp;dwt_starttx
<LI><a href="#[84]">&gt;&gt;</a>&nbsp;&nbsp;&nbsp;dwt_rxenable
</UL>

<P><STRONG><a name="[d7]"></a>_dwt_loaducodefromrom</STRONG> (Thumb, 54 bytes, Stack size 8 bytes, deca_device.o(.text))
<BR><BR>[Stack]<UL><LI>Max Depth = 64<LI>Call Chain = _dwt_loaducodefromrom &rArr; _dwt_enableclocks &rArr; dwt_readfromdevice &rArr; readfromspi_serial &rArr; decamutexon
</UL>
<BR>[Calls]<UL><LI><a href="#[d5]">&gt;&gt;</a>&nbsp;&nbsp;&nbsp;_dwt_enableclocks
<LI><a href="#[d1]">&gt;&gt;</a>&nbsp;&nbsp;&nbsp;dwt_write16bitoffsetreg
<LI><a href="#[cf]">&gt;&gt;</a>&nbsp;&nbsp;&nbsp;dwt_writetodevice
<LI><a href="#[78]">&gt;&gt;</a>&nbsp;&nbsp;&nbsp;Sleep
</UL>
<BR>[Called By]<UL><LI><a href="#[b3]">&gt;&gt;</a>&nbsp;&nbsp;&nbsp;dwt_initialise
</UL>

<P><STRONG><a name="[d8]"></a>_dwt_otpread</STRONG> (Thumb, 70 bytes, Stack size 8 bytes, deca_device.o(.text))
<BR><BR>[Stack]<UL><LI>Max Depth = 64<LI>Call Chain = _dwt_otpread &rArr; dwt_read32bitoffsetreg &rArr; dwt_readfromdevice &rArr; readfromspi_serial &rArr; decamutexon
</UL>
<BR>[Calls]<UL><LI><a href="#[d4]">&gt;&gt;</a>&nbsp;&nbsp;&nbsp;dwt_read32bitoffsetreg
<LI><a href="#[cf]">&gt;&gt;</a>&nbsp;&nbsp;&nbsp;dwt_writetodevice
</UL>
<BR>[Called By]<UL><LI><a href="#[ec]">&gt;&gt;</a>&nbsp;&nbsp;&nbsp;dwt_otpwriteandverify
<LI><a href="#[b3]">&gt;&gt;</a>&nbsp;&nbsp;&nbsp;dwt_initialise
</UL>

<P><STRONG><a name="[7a]"></a>dwt_readdevid</STRONG> (Thumb, 6 bytes, Stack size 0 bytes, deca_device.o(.text))
<BR><BR>[Stack]<UL><LI>Max Depth = 56<LI>Call Chain = dwt_readdevid &rArr; dwt_read32bitoffsetreg &rArr; dwt_readfromdevice &rArr; readfromspi_serial &rArr; decamutexon
</UL>
<BR>[Calls]<UL><LI><a href="#[d4]">&gt;&gt;</a>&nbsp;&nbsp;&nbsp;dwt_read32bitoffsetreg
</UL>
<BR>[Called By]<UL><LI><a href="#[f1]">&gt;&gt;</a>&nbsp;&nbsp;&nbsp;dwt_spicswakeup
<LI><a href="#[b3]">&gt;&gt;</a>&nbsp;&nbsp;&nbsp;dwt_initialise
<LI><a href="#[b8]">&gt;&gt;</a>&nbsp;&nbsp;&nbsp;instancereaddeviceid
<LI><a href="#[69]">&gt;&gt;</a>&nbsp;&nbsp;&nbsp;testapprun
</UL>

<P><STRONG><a name="[b3]"></a>dwt_initialise</STRONG> (Thumb, 392 bytes, Stack size 32 bytes, deca_device.o(.text))
<BR><BR>[Stack]<UL><LI>Max Depth = 96<LI>Call Chain = dwt_initialise &rArr; _dwt_otpread &rArr; dwt_read32bitoffsetreg &rArr; dwt_readfromdevice &rArr; readfromspi_serial &rArr; decamutexon
</UL>
<BR>[Calls]<UL><LI><a href="#[d8]">&gt;&gt;</a>&nbsp;&nbsp;&nbsp;_dwt_otpread
<LI><a href="#[d7]">&gt;&gt;</a>&nbsp;&nbsp;&nbsp;_dwt_loaducodefromrom
<LI><a href="#[d6]">&gt;&gt;</a>&nbsp;&nbsp;&nbsp;dwt_read16bitoffsetreg
<LI><a href="#[d5]">&gt;&gt;</a>&nbsp;&nbsp;&nbsp;_dwt_enableclocks
<LI><a href="#[d4]">&gt;&gt;</a>&nbsp;&nbsp;&nbsp;dwt_read32bitoffsetreg
<LI><a href="#[d1]">&gt;&gt;</a>&nbsp;&nbsp;&nbsp;dwt_write16bitoffsetreg
<LI><a href="#[cf]">&gt;&gt;</a>&nbsp;&nbsp;&nbsp;dwt_writetodevice
<LI><a href="#[ce]">&gt;&gt;</a>&nbsp;&nbsp;&nbsp;dwt_write32bitoffsetreg
<LI><a href="#[7a]">&gt;&gt;</a>&nbsp;&nbsp;&nbsp;dwt_readdevid
</UL>
<BR>[Called By]<UL><LI><a href="#[b2]">&gt;&gt;</a>&nbsp;&nbsp;&nbsp;instance_init
</UL>

<P><STRONG><a name="[c0]"></a>dwt_getTREKOTPantennadelay</STRONG> (Thumb, 56 bytes, Stack size 8 bytes, deca_device.o(.text))
<BR><BR>[Stack]<UL><LI>Max Depth = 8<LI>Call Chain = dwt_getTREKOTPantennadelay
</UL>
<BR>[Called By]<UL><LI><a href="#[b9]">&gt;&gt;</a>&nbsp;&nbsp;&nbsp;instance_config
</UL>

<P><STRONG><a name="[bd]"></a>dwt_otprevision</STRONG> (Thumb, 6 bytes, Stack size 0 bytes, deca_device.o(.text))
<BR><BR>[Called By]<UL><LI><a href="#[b9]">&gt;&gt;</a>&nbsp;&nbsp;&nbsp;instance_config
</UL>

<P><STRONG><a name="[d9]"></a>dwt_setGPIOforEXTTRX</STRONG> (Thumb, 40 bytes, Stack size 8 bytes, deca_device.o(.text), UNUSED)
<BR><BR>[Calls]<UL><LI><a href="#[d2]">&gt;&gt;</a>&nbsp;&nbsp;&nbsp;dwt_readfromdevice
<LI><a href="#[cf]">&gt;&gt;</a>&nbsp;&nbsp;&nbsp;dwt_writetodevice
</UL>

<P><STRONG><a name="[da]"></a>dwt_setGPIOdirection</STRONG> (Thumb, 34 bytes, Stack size 8 bytes, deca_device.o(.text), UNUSED)
<BR><BR>[Calls]<UL><LI><a href="#[cf]">&gt;&gt;</a>&nbsp;&nbsp;&nbsp;dwt_writetodevice
</UL>

<P><STRONG><a name="[db]"></a>dwt_setGPIOvalue</STRONG> (Thumb, 34 bytes, Stack size 8 bytes, deca_device.o(.text), UNUSED)
<BR><BR>[Calls]<UL><LI><a href="#[cf]">&gt;&gt;</a>&nbsp;&nbsp;&nbsp;dwt_writetodevice
</UL>

<P><STRONG><a name="[6e]"></a>dwt_getldotune</STRONG> (Thumb, 8 bytes, Stack size 0 bytes, deca_device.o(.text))
<BR><BR>[Called By]<UL><LI><a href="#[69]">&gt;&gt;</a>&nbsp;&nbsp;&nbsp;testapprun
</UL>

<P><STRONG><a name="[21a]"></a>dwt_getpartid</STRONG> (Thumb, 6 bytes, Stack size 0 bytes, deca_device.o(.text), UNUSED)

<P><STRONG><a name="[21b]"></a>dwt_getlotid</STRONG> (Thumb, 6 bytes, Stack size 0 bytes, deca_device.o(.text), UNUSED)

<P><STRONG><a name="[bc]"></a>dwt_configuretxrf</STRONG> (Thumb, 28 bytes, Stack size 8 bytes, deca_device.o(.text))
<BR><BR>[Stack]<UL><LI>Max Depth = 64<LI>Call Chain = dwt_configuretxrf &rArr; dwt_write32bitoffsetreg &rArr; dwt_writetodevice &rArr; writetospi_serial &rArr; decamutexon
</UL>
<BR>[Calls]<UL><LI><a href="#[cf]">&gt;&gt;</a>&nbsp;&nbsp;&nbsp;dwt_writetodevice
<LI><a href="#[ce]">&gt;&gt;</a>&nbsp;&nbsp;&nbsp;dwt_write32bitoffsetreg
</UL>
<BR>[Called By]<UL><LI><a href="#[b9]">&gt;&gt;</a>&nbsp;&nbsp;&nbsp;instance_config
</UL>

<P><STRONG><a name="[bb]"></a>dwt_getotptxpower</STRONG> (Thumb, 18 bytes, Stack size 0 bytes, deca_device.o(.text))
<BR><BR>[Called By]<UL><LI><a href="#[b9]">&gt;&gt;</a>&nbsp;&nbsp;&nbsp;instance_config
</UL>

<P><STRONG><a name="[7d]"></a>dwt_settxantennadelay</STRONG> (Thumb, 12 bytes, Stack size 0 bytes, deca_device.o(.text))
<BR><BR>[Stack]<UL><LI>Max Depth = 48<LI>Call Chain = dwt_settxantennadelay &rArr; dwt_write16bitoffsetreg &rArr; dwt_writetodevice &rArr; writetospi_serial &rArr; decamutexon
</UL>
<BR>[Calls]<UL><LI><a href="#[d1]">&gt;&gt;</a>&nbsp;&nbsp;&nbsp;dwt_write16bitoffsetreg
</UL>
<BR>[Called By]<UL><LI><a href="#[ba]">&gt;&gt;</a>&nbsp;&nbsp;&nbsp;dwt_configure
<LI><a href="#[b9]">&gt;&gt;</a>&nbsp;&nbsp;&nbsp;instance_config
<LI><a href="#[7e]">&gt;&gt;</a>&nbsp;&nbsp;&nbsp;instancesetantennadelays
<LI><a href="#[69]">&gt;&gt;</a>&nbsp;&nbsp;&nbsp;testapprun
</UL>

<P><STRONG><a name="[bf]"></a>dwt_setrxantennadelay</STRONG> (Thumb, 14 bytes, Stack size 0 bytes, deca_device.o(.text))
<BR><BR>[Stack]<UL><LI>Max Depth = 48<LI>Call Chain = dwt_setrxantennadelay &rArr; dwt_write16bitoffsetreg &rArr; dwt_writetodevice &rArr; writetospi_serial &rArr; decamutexon
</UL>
<BR>[Calls]<UL><LI><a href="#[d1]">&gt;&gt;</a>&nbsp;&nbsp;&nbsp;dwt_write16bitoffsetreg
</UL>
<BR>[Called By]<UL><LI><a href="#[ba]">&gt;&gt;</a>&nbsp;&nbsp;&nbsp;dwt_configure
<LI><a href="#[b9]">&gt;&gt;</a>&nbsp;&nbsp;&nbsp;instance_config
<LI><a href="#[7e]">&gt;&gt;</a>&nbsp;&nbsp;&nbsp;instancesetantennadelays
</UL>

<P><STRONG><a name="[dc]"></a>dwt_xtaltrim</STRONG> (Thumb, 48 bytes, Stack size 16 bytes, deca_device.o(.text))
<BR><BR>[Stack]<UL><LI>Max Depth = 56<LI>Call Chain = dwt_xtaltrim &rArr; dwt_readfromdevice &rArr; readfromspi_serial &rArr; decamutexon
</UL>
<BR>[Calls]<UL><LI><a href="#[d2]">&gt;&gt;</a>&nbsp;&nbsp;&nbsp;dwt_readfromdevice
<LI><a href="#[cf]">&gt;&gt;</a>&nbsp;&nbsp;&nbsp;dwt_writetodevice
</UL>
<BR>[Called By]<UL><LI><a href="#[ba]">&gt;&gt;</a>&nbsp;&nbsp;&nbsp;dwt_configure
</UL>

<P><STRONG><a name="[dd]"></a>_dwt_configlde</STRONG> (Thumb, 48 bytes, Stack size 16 bytes, deca_device.o(.text))
<BR><BR>[Stack]<UL><LI>Max Depth = 64<LI>Call Chain = _dwt_configlde &rArr; dwt_write16bitoffsetreg &rArr; dwt_writetodevice &rArr; writetospi_serial &rArr; decamutexon
</UL>
<BR>[Calls]<UL><LI><a href="#[d1]">&gt;&gt;</a>&nbsp;&nbsp;&nbsp;dwt_write16bitoffsetreg
<LI><a href="#[cf]">&gt;&gt;</a>&nbsp;&nbsp;&nbsp;dwt_writetodevice
</UL>
<BR>[Called By]<UL><LI><a href="#[ba]">&gt;&gt;</a>&nbsp;&nbsp;&nbsp;dwt_configure
</UL>

<P><STRONG><a name="[ba]"></a>dwt_configure</STRONG> (Thumb, 600 bytes, Stack size 40 bytes, deca_device.o(.text))
<BR><BR>[Stack]<UL><LI>Max Depth = 104<LI>Call Chain = dwt_configure &rArr; _dwt_configlde &rArr; dwt_write16bitoffsetreg &rArr; dwt_writetodevice &rArr; writetospi_serial &rArr; decamutexon
</UL>
<BR>[Calls]<UL><LI><a href="#[dd]">&gt;&gt;</a>&nbsp;&nbsp;&nbsp;_dwt_configlde
<LI><a href="#[dc]">&gt;&gt;</a>&nbsp;&nbsp;&nbsp;dwt_xtaltrim
<LI><a href="#[d1]">&gt;&gt;</a>&nbsp;&nbsp;&nbsp;dwt_write16bitoffsetreg
<LI><a href="#[cf]">&gt;&gt;</a>&nbsp;&nbsp;&nbsp;dwt_writetodevice
<LI><a href="#[ce]">&gt;&gt;</a>&nbsp;&nbsp;&nbsp;dwt_write32bitoffsetreg
<LI><a href="#[bf]">&gt;&gt;</a>&nbsp;&nbsp;&nbsp;dwt_setrxantennadelay
<LI><a href="#[7d]">&gt;&gt;</a>&nbsp;&nbsp;&nbsp;dwt_settxantennadelay
</UL>
<BR>[Called By]<UL><LI><a href="#[b9]">&gt;&gt;</a>&nbsp;&nbsp;&nbsp;instance_config
</UL>

<P><STRONG><a name="[be]"></a>dwt_readantennadelay</STRONG> (Thumb, 14 bytes, Stack size 0 bytes, deca_device.o(.text))
<BR><BR>[Called By]<UL><LI><a href="#[b9]">&gt;&gt;</a>&nbsp;&nbsp;&nbsp;instance_config
</UL>

<P><STRONG><a name="[81]"></a>dwt_writetxdata</STRONG> (Thumb, 34 bytes, Stack size 8 bytes, deca_device.o(.text))
<BR><BR>[Stack]<UL><LI>Max Depth = 48<LI>Call Chain = dwt_writetxdata &rArr; dwt_writetodevice &rArr; writetospi_serial &rArr; decamutexon
</UL>
<BR>[Calls]<UL><LI><a href="#[cf]">&gt;&gt;</a>&nbsp;&nbsp;&nbsp;dwt_writetodevice
</UL>
<BR>[Called By]<UL><LI><a href="#[aa]">&gt;&gt;</a>&nbsp;&nbsp;&nbsp;ancprepareresponse2
<LI><a href="#[a9]">&gt;&gt;</a>&nbsp;&nbsp;&nbsp;ancprepareresponse
<LI><a href="#[96]">&gt;&gt;</a>&nbsp;&nbsp;&nbsp;instance_starttxtest
<LI><a href="#[69]">&gt;&gt;</a>&nbsp;&nbsp;&nbsp;testapprun
</UL>

<P><STRONG><a name="[62]"></a>dwt_writetxfctrl</STRONG> (Thumb, 24 bytes, Stack size 8 bytes, deca_device.o(.text))
<BR><BR>[Stack]<UL><LI>Max Depth = 64<LI>Call Chain = dwt_writetxfctrl &rArr; dwt_write32bitoffsetreg &rArr; dwt_writetodevice &rArr; writetospi_serial &rArr; decamutexon
</UL>
<BR>[Calls]<UL><LI><a href="#[ce]">&gt;&gt;</a>&nbsp;&nbsp;&nbsp;dwt_write32bitoffsetreg
</UL>
<BR>[Called By]<UL><LI><a href="#[aa]">&gt;&gt;</a>&nbsp;&nbsp;&nbsp;ancprepareresponse2
<LI><a href="#[a9]">&gt;&gt;</a>&nbsp;&nbsp;&nbsp;ancprepareresponse
<LI><a href="#[96]">&gt;&gt;</a>&nbsp;&nbsp;&nbsp;instance_starttxtest
<LI><a href="#[69]">&gt;&gt;</a>&nbsp;&nbsp;&nbsp;testapprun
<LI><a href="#[61]">&gt;&gt;</a>&nbsp;&nbsp;&nbsp;instancesenddlypacket
</UL>

<P><STRONG><a name="[ad]"></a>dwt_readrxdata</STRONG> (Thumb, 16 bytes, Stack size 8 bytes, deca_device.o(.text))
<BR><BR>[Stack]<UL><LI>Max Depth = 48<LI>Call Chain = dwt_readrxdata &rArr; dwt_readfromdevice &rArr; readfromspi_serial &rArr; decamutexon
</UL>
<BR>[Calls]<UL><LI><a href="#[d2]">&gt;&gt;</a>&nbsp;&nbsp;&nbsp;dwt_readfromdevice
</UL>
<BR>[Called By]<UL><LI><a href="#[ab]">&gt;&gt;</a>&nbsp;&nbsp;&nbsp;instance_rxcallback
</UL>

<P><STRONG><a name="[de]"></a>dwt_readaccdata</STRONG> (Thumb, 34 bytes, Stack size 16 bytes, deca_device.o(.text), UNUSED)
<BR><BR>[Calls]<UL><LI><a href="#[d5]">&gt;&gt;</a>&nbsp;&nbsp;&nbsp;_dwt_enableclocks
<LI><a href="#[d2]">&gt;&gt;</a>&nbsp;&nbsp;&nbsp;dwt_readfromdevice
</UL>

<P><STRONG><a name="[df]"></a>dwt_readdignostics</STRONG> (Thumb, 92 bytes, Stack size 16 bytes, deca_device.o(.text), UNUSED)
<BR><BR>[Calls]<UL><LI><a href="#[d6]">&gt;&gt;</a>&nbsp;&nbsp;&nbsp;dwt_read16bitoffsetreg
<LI><a href="#[d4]">&gt;&gt;</a>&nbsp;&nbsp;&nbsp;dwt_read32bitoffsetreg
<LI><a href="#[d2]">&gt;&gt;</a>&nbsp;&nbsp;&nbsp;dwt_readfromdevice
<LI><a href="#[e1]">&gt;&gt;</a>&nbsp;&nbsp;&nbsp;__ARM_scalbn
<LI><a href="#[e0]">&gt;&gt;</a>&nbsp;&nbsp;&nbsp;__aeabi_ui2d
</UL>

<P><STRONG><a name="[af]"></a>dwt_readtxtimestamp</STRONG> (Thumb, 10 bytes, Stack size 0 bytes, deca_device.o(.text))
<BR><BR>[Stack]<UL><LI>Max Depth = 40<LI>Call Chain = dwt_readtxtimestamp &rArr; dwt_readfromdevice &rArr; readfromspi_serial &rArr; decamutexon
</UL>
<BR>[Calls]<UL><LI><a href="#[d2]">&gt;&gt;</a>&nbsp;&nbsp;&nbsp;dwt_readfromdevice
</UL>
<BR>[Called By]<UL><LI><a href="#[ae]">&gt;&gt;</a>&nbsp;&nbsp;&nbsp;instance_txcallback
</UL>

<P><STRONG><a name="[e2]"></a>dwt_readtxtimestamphi32</STRONG> (Thumb, 6 bytes, Stack size 0 bytes, deca_device.o(.text), UNUSED)
<BR><BR>[Calls]<UL><LI><a href="#[d4]">&gt;&gt;</a>&nbsp;&nbsp;&nbsp;dwt_read32bitoffsetreg
</UL>

<P><STRONG><a name="[e3]"></a>dwt_readtxtimestamplo32</STRONG> (Thumb, 6 bytes, Stack size 0 bytes, deca_device.o(.text), UNUSED)
<BR><BR>[Calls]<UL><LI><a href="#[d4]">&gt;&gt;</a>&nbsp;&nbsp;&nbsp;dwt_read32bitoffsetreg
</UL>

<P><STRONG><a name="[ac]"></a>dwt_readrxtimestamp</STRONG> (Thumb, 12 bytes, Stack size 0 bytes, deca_device.o(.text))
<BR><BR>[Stack]<UL><LI>Max Depth = 40<LI>Call Chain = dwt_readrxtimestamp &rArr; dwt_readfromdevice &rArr; readfromspi_serial &rArr; decamutexon
</UL>
<BR>[Calls]<UL><LI><a href="#[d2]">&gt;&gt;</a>&nbsp;&nbsp;&nbsp;dwt_readfromdevice
</UL>
<BR>[Called By]<UL><LI><a href="#[ab]">&gt;&gt;</a>&nbsp;&nbsp;&nbsp;instance_rxcallback
</UL>

<P><STRONG><a name="[e4]"></a>dwt_readrxtimestamphi32</STRONG> (Thumb, 6 bytes, Stack size 0 bytes, deca_device.o(.text), UNUSED)
<BR><BR>[Calls]<UL><LI><a href="#[d4]">&gt;&gt;</a>&nbsp;&nbsp;&nbsp;dwt_read32bitoffsetreg
</UL>

<P><STRONG><a name="[e5]"></a>dwt_readrxtimestamplo32</STRONG> (Thumb, 6 bytes, Stack size 0 bytes, deca_device.o(.text), UNUSED)
<BR><BR>[Calls]<UL><LI><a href="#[d4]">&gt;&gt;</a>&nbsp;&nbsp;&nbsp;dwt_read32bitoffsetreg
</UL>

<P><STRONG><a name="[e6]"></a>dwt_readsystimestamphi32</STRONG> (Thumb, 6 bytes, Stack size 0 bytes, deca_device.o(.text), UNUSED)
<BR><BR>[Calls]<UL><LI><a href="#[d4]">&gt;&gt;</a>&nbsp;&nbsp;&nbsp;dwt_read32bitoffsetreg
</UL>

<P><STRONG><a name="[e7]"></a>dwt_readsystime</STRONG> (Thumb, 12 bytes, Stack size 0 bytes, deca_device.o(.text), UNUSED)
<BR><BR>[Calls]<UL><LI><a href="#[d2]">&gt;&gt;</a>&nbsp;&nbsp;&nbsp;dwt_readfromdevice
</UL>

<P><STRONG><a name="[6a]"></a>dwt_enableframefilter</STRONG> (Thumb, 54 bytes, Stack size 8 bytes, deca_device.o(.text))
<BR><BR>[Stack]<UL><LI>Max Depth = 64<LI>Call Chain = dwt_enableframefilter &rArr; dwt_read32bitoffsetreg &rArr; dwt_readfromdevice &rArr; readfromspi_serial &rArr; decamutexon
</UL>
<BR>[Calls]<UL><LI><a href="#[d4]">&gt;&gt;</a>&nbsp;&nbsp;&nbsp;dwt_read32bitoffsetreg
<LI><a href="#[ce]">&gt;&gt;</a>&nbsp;&nbsp;&nbsp;dwt_write32bitoffsetreg
</UL>
<BR>[Called By]<UL><LI><a href="#[69]">&gt;&gt;</a>&nbsp;&nbsp;&nbsp;testapprun
</UL>

<P><STRONG><a name="[6b]"></a>dwt_setpanid</STRONG> (Thumb, 10 bytes, Stack size 0 bytes, deca_device.o(.text))
<BR><BR>[Stack]<UL><LI>Max Depth = 48<LI>Call Chain = dwt_setpanid &rArr; dwt_write16bitoffsetreg &rArr; dwt_writetodevice &rArr; writetospi_serial &rArr; decamutexon
</UL>
<BR>[Calls]<UL><LI><a href="#[d1]">&gt;&gt;</a>&nbsp;&nbsp;&nbsp;dwt_write16bitoffsetreg
</UL>
<BR>[Called By]<UL><LI><a href="#[69]">&gt;&gt;</a>&nbsp;&nbsp;&nbsp;testapprun
</UL>

[...]
<BR><BR>[Stack]<UL><LI>Max Depth = 32<LI>Call Chain = __aeabi_d2f
</UL>
<BR>[Called By]<UL><LI><a href="#[67]">&gt;&gt;</a>&nbsp;&nbsp;&nbsp;reportTOF
</UL>

<P><STRONG><a name="[1d2]"></a>_d2f</STRONG> (Thumb, 98 bytes, Stack size 32 bytes, d2f.o(x$fpl$d2f), UNUSED)
<BR><BR>[Calls]<UL><LI><a href="#[1d3]">&gt;&gt;</a>&nbsp;&nbsp;&nbsp;__fpl_fretinf
<LI><a href="#[1d4]">&gt;&gt;</a>&nbsp;&nbsp;&nbsp;__fpl_dnaninf
</UL>

<P><STRONG><a name="[88]"></a>__aeabi_dadd</STRONG> (Thumb, 0 bytes, Stack size 16 bytes, daddsub_clz.o(x$fpl$dadd))
<BR><BR>[Stack]<UL><LI>Max Depth = 16<LI>Call Chain = __aeabi_dadd
</UL>
<BR>[Called By]<UL><LI><a href="#[8c]">&gt;&gt;</a>&nbsp;&nbsp;&nbsp;instancesetreplydelay
<LI><a href="#[69]">&gt;&gt;</a>&nbsp;&nbsp;&nbsp;testapprun
<LI><a href="#[90]">&gt;&gt;</a>&nbsp;&nbsp;&nbsp;ceil
</UL>

<P><STRONG><a name="[1d5]"></a>_dadd</STRONG> (Thumb, 332 bytes, Stack size 16 bytes, daddsub_clz.o(x$fpl$dadd), UNUSED)
<BR><BR>[Calls]<UL><LI><a href="#[1d7]">&gt;&gt;</a>&nbsp;&nbsp;&nbsp;__fpl_dretinf
<LI><a href="#[1d4]">&gt;&gt;</a>&nbsp;&nbsp;&nbsp;__fpl_dnaninf
<LI><a href="#[1d6]">&gt;&gt;</a>&nbsp;&nbsp;&nbsp;_dsub1
</UL>

<P><STRONG><a name="[1d8]"></a>__fpl_dcheck_NaN1</STRONG> (Thumb, 10 bytes, Stack size 0 bytes, dcheck1.o(x$fpl$dcheck1))
<BR><BR>[Calls]<UL><LI><a href="#[1d9]">&gt;&gt;</a>&nbsp;&nbsp;&nbsp;__fpl_return_NaN
</UL>
<BR>[Called By]<UL><LI><a href="#[e1]">&gt;&gt;</a>&nbsp;&nbsp;&nbsp;__ARM_scalbn
</UL>

<P><STRONG><a name="[1dd]"></a>__fpl_dcmp_Inf</STRONG> (Thumb, 24 bytes, Stack size 0 bytes, dcmpi.o(x$fpl$dcmpinf), UNUSED)
<BR><BR>[Called By]<UL><LI><a href="#[1dc]">&gt;&gt;</a>&nbsp;&nbsp;&nbsp;_dcmple
</UL>

<P><STRONG><a name="[89]"></a>__aeabi_ddiv</STRONG> (Thumb, 0 bytes, Stack size 32 bytes, ddiv.o(x$fpl$ddiv))
<BR><BR>[Stack]<UL><LI>Max Depth = 32<LI>Call Chain = __aeabi_ddiv
</UL>
<BR>[Called By]<UL><LI><a href="#[67]">&gt;&gt;</a>&nbsp;&nbsp;&nbsp;reportTOF
<LI><a href="#[95]">&gt;&gt;</a>&nbsp;&nbsp;&nbsp;convertmicrosectodevicetimeu
<LI><a href="#[8c]">&gt;&gt;</a>&nbsp;&nbsp;&nbsp;instancesetreplydelay
<LI><a href="#[69]">&gt;&gt;</a>&nbsp;&nbsp;&nbsp;testapprun
</UL>

<P><STRONG><a name="[1da]"></a>_ddiv</STRONG> (Thumb, 552 bytes, Stack size 32 bytes, ddiv.o(x$fpl$ddiv), UNUSED)
<BR><BR>[Calls]<UL><LI><a href="#[1d7]">&gt;&gt;</a>&nbsp;&nbsp;&nbsp;__fpl_dretinf
<LI><a href="#[1d4]">&gt;&gt;</a>&nbsp;&nbsp;&nbsp;__fpl_dnaninf
</UL>

<P><STRONG><a name="[8a]"></a>__aeabi_d2iz</STRONG> (Thumb, 0 bytes, Stack size 32 bytes, dfix.o(x$fpl$dfix))
<BR><BR>[Stack]<UL><LI>Max Depth = 32<LI>Call Chain = __aeabi_d2iz
</UL>
<BR>[Called By]<UL><LI><a href="#[9d]">&gt;&gt;</a>&nbsp;&nbsp;&nbsp;dwt_getrangebias
<LI><a href="#[c4]">&gt;&gt;</a>&nbsp;&nbsp;&nbsp;instancegetidistraw_mm
<LI><a href="#[c3]">&gt;&gt;</a>&nbsp;&nbsp;&nbsp;instancegetidist_mm
<LI><a href="#[8c]">&gt;&gt;</a>&nbsp;&nbsp;&nbsp;instancesetreplydelay
<LI><a href="#[69]">&gt;&gt;</a>&nbsp;&nbsp;&nbsp;testapprun
</UL>

<P><STRONG><a name="[1db]"></a>_dfix</STRONG> (Thumb, 94 bytes, Stack size 32 bytes, dfix.o(x$fpl$dfix), UNUSED)
<BR><BR>[Calls]<UL><LI><a href="#[1d4]">&gt;&gt;</a>&nbsp;&nbsp;&nbsp;__fpl_dnaninf
</UL>

<P><STRONG><a name="[94]"></a>__aeabi_i2d</STRONG> (Thumb, 0 bytes, Stack size 0 bytes, dflt_clz.o(x$fpl$dflt))
<BR><BR>[Called By]<UL><LI><a href="#[9b]">&gt;&gt;</a>&nbsp;&nbsp;&nbsp;convertdevicetimetosec
<LI><a href="#[8c]">&gt;&gt;</a>&nbsp;&nbsp;&nbsp;instancesetreplydelay
</UL>

<P><STRONG><a name="[2bc]"></a>_dflt</STRONG> (Thumb, 46 bytes, Stack size 0 bytes, dflt_clz.o(x$fpl$dflt), UNUSED)

<P><STRONG><a name="[85]"></a>__aeabi_l2d</STRONG> (Thumb, 0 bytes, Stack size 8 bytes, dfltll_clz.o(x$fpl$dfltll))
<BR><BR>[Stack]<UL><LI>Max Depth = 8<LI>Call Chain = __aeabi_l2d
</UL>
<BR>[Called By]<UL><LI><a href="#[69]">&gt;&gt;</a>&nbsp;&nbsp;&nbsp;testapprun
</UL>

<P><STRONG><a name="[2bd]"></a>_ll_sto_d</STRONG> (Thumb, 162 bytes, Stack size 8 bytes, dfltll_clz.o(x$fpl$dfltll), UNUSED)

<P><STRONG><a name="[e0]"></a>__aeabi_ui2d</STRONG> (Thumb, 0 bytes, Stack size 0 bytes, dflt_clz.o(x$fpl$dfltu), UNUSED)
<BR><BR>[Called By]<UL><LI><a href="#[df]">&gt;&gt;</a>&nbsp;&nbsp;&nbsp;dwt_readdignostics
</UL>

<P><STRONG><a name="[2be]"></a>_dfltu</STRONG> (Thumb, 38 bytes, Stack size 0 bytes, dflt_clz.o(x$fpl$dfltu), UNUSED)

<P><STRONG><a name="[9f]"></a>__aeabi_cdcmple</STRONG> (Thumb, 0 bytes, Stack size 32 bytes, dleqf.o(x$fpl$dleqf))
<BR><BR>[Stack]<UL><LI>Max Depth = 32<LI>Call Chain = __aeabi_cdcmple
</UL>
<BR>[Called By]<UL><LI><a href="#[67]">&gt;&gt;</a>&nbsp;&nbsp;&nbsp;reportTOF
</UL>

<P><STRONG><a name="[1dc]"></a>_dcmple</STRONG> (Thumb, 120 bytes, Stack size 32 bytes, dleqf.o(x$fpl$dleqf), UNUSED)
<BR><BR>[Calls]<UL><LI><a href="#[1d4]">&gt;&gt;</a>&nbsp;&nbsp;&nbsp;__fpl_dnaninf
<LI><a href="#[1dd]">&gt;&gt;</a>&nbsp;&nbsp;&nbsp;__fpl_dcmp_Inf
</UL>

<P><STRONG><a name="[1e0]"></a>__fpl_dcmple_InfNaN</STRONG> (Thumb, 0 bytes, Stack size unknown bytes, dleqf.o(x$fpl$dleqf), UNUSED)
<BR><BR>[Called By]<UL><LI><a href="#[1df]">&gt;&gt;</a>&nbsp;&nbsp;&nbsp;_drcmple
</UL>

<P><STRONG><a name="[86]"></a>__aeabi_dmul</STRONG> (Thumb, 0 bytes, Stack size 32 bytes, dmul.o(x$fpl$dmul))
<BR><BR>[Stack]<UL><LI>Max Depth = 32<LI>Call Chain = __aeabi_dmul
</UL>
<BR>[Called By]<UL><LI><a href="#[9d]">&gt;&gt;</a>&nbsp;&nbsp;&nbsp;dwt_getrangebias
<LI><a href="#[c4]">&gt;&gt;</a>&nbsp;&nbsp;&nbsp;instancegetidistraw_mm
<LI><a href="#[c3]">&gt;&gt;</a>&nbsp;&nbsp;&nbsp;instancegetidist_mm
<LI><a href="#[9b]">&gt;&gt;</a>&nbsp;&nbsp;&nbsp;convertdevicetimetosec
<LI><a href="#[67]">&gt;&gt;</a>&nbsp;&nbsp;&nbsp;reportTOF
<LI><a href="#[69]">&gt;&gt;</a>&nbsp;&nbsp;&nbsp;testapprun
</UL>

<P><STRONG><a name="[1de]"></a>_dmul</STRONG> (Thumb, 332 bytes, Stack size 32 bytes, dmul.o(x$fpl$dmul), UNUSED)
<BR><BR>[Calls]<UL><LI><a href="#[1d7]">&gt;&gt;</a>&nbsp;&nbsp;&nbsp;__fpl_dretinf
<LI><a href="#[1d4]">&gt;&gt;</a>&nbsp;&nbsp;&nbsp;__fpl_dnaninf
</UL>

<P><STRONG><a name="[1d4]"></a>__fpl_dnaninf</STRONG> (Thumb, 156 bytes, Stack size 16 bytes, dnaninf.o(x$fpl$dnaninf), UNUSED)
<BR><BR>[Called By]<UL><LI><a href="#[1de]">&gt;&gt;</a>&nbsp;&nbsp;&nbsp;_dmul
<LI><a href="#[1dc]">&gt;&gt;</a>&nbsp;&nbsp;&nbsp;_dcmple
<LI><a href="#[1ed]">&gt;&gt;</a>&nbsp;&nbsp;&nbsp;_ll_ufrom_d
<LI><a href="#[1db]">&gt;&gt;</a>&nbsp;&nbsp;&nbsp;_dfix
<LI><a href="#[1da]">&gt;&gt;</a>&nbsp;&nbsp;&nbsp;_ddiv
<LI><a href="#[1e3]">&gt;&gt;</a>&nbsp;&nbsp;&nbsp;_dsub
<LI><a href="#[1d5]">&gt;&gt;</a>&nbsp;&nbsp;&nbsp;_dadd
<LI><a href="#[1d2]">&gt;&gt;</a>&nbsp;&nbsp;&nbsp;_d2f
</UL>

<P><STRONG><a name="[1d7]"></a>__fpl_dretinf</STRONG> (Thumb, 12 bytes, Stack size 0 bytes, dretinf.o(x$fpl$dretinf), UNUSED)
<BR><BR>[Called By]<UL><LI><a href="#[1e4]">&gt;&gt;</a>&nbsp;&nbsp;&nbsp;_f2d
<LI><a href="#[1de]">&gt;&gt;</a>&nbsp;&nbsp;&nbsp;_dmul
<LI><a href="#[1da]">&gt;&gt;</a>&nbsp;&nbsp;&nbsp;_ddiv
<LI><a href="#[1d5]">&gt;&gt;</a>&nbsp;&nbsp;&nbsp;_dadd
</UL>

<P><STRONG><a name="[a0]"></a>__aeabi_cdrcmple</STRONG> (Thumb, 0 bytes, Stack size 16 bytes, drleqf.o(x$fpl$drleqf))
<BR><BR>[Stack]<UL><LI>Max Depth = 16<LI>Call Chain = __aeabi_cdrcmple
</UL>
<BR>[Called By]<UL><LI><a href="#[67]">&gt;&gt;</a>&nbsp;&nbsp;&nbsp;reportTOF
<LI><a href="#[90]">&gt;&gt;</a>&nbsp;&nbsp;&nbsp;ceil
</UL>

<P><STRONG><a name="[1df]"></a>_drcmple</STRONG> (Thumb, 108 bytes, Stack size 16 bytes, drleqf.o(x$fpl$drleqf), UNUSED)
<BR><BR>[Calls]<UL><LI><a href="#[1e0]">&gt;&gt;</a>&nbsp;&nbsp;&nbsp;__fpl_dcmple_InfNaN
</UL>

<P><STRONG><a name="[9e]"></a>__aeabi_drsub</STRONG> (Thumb, 0 bytes, Stack size 8 bytes, daddsub_clz.o(x$fpl$drsb))
<BR><BR>[Stack]<UL><LI>Max Depth = 8<LI>Call Chain = __aeabi_drsub
</UL>
<BR>[Called By]<UL><LI><a href="#[67]">&gt;&gt;</a>&nbsp;&nbsp;&nbsp;reportTOF
<LI><a href="#[90]">&gt;&gt;</a>&nbsp;&nbsp;&nbsp;ceil
</UL>

<P><STRONG><a name="[1e1]"></a>_drsb</STRONG> (Thumb, 22 bytes, Stack size 8 bytes, daddsub_clz.o(x$fpl$drsb), UNUSED)
<BR><BR>[Calls]<UL><LI><a href="#[1d6]">&gt;&gt;</a>&nbsp;&nbsp;&nbsp;_dsub1
<LI><a href="#[1e2]">&gt;&gt;</a>&nbsp;&nbsp;&nbsp;_dadd1
</UL>

<P><STRONG><a name="[87]"></a>__aeabi_dsub</STRONG> (Thumb, 0 bytes, Stack size 32 bytes, daddsub_clz.o(x$fpl$dsub))
<BR><BR>[Stack]<UL><LI>Max Depth = 32<LI>Call Chain = __aeabi_dsub
</UL>
<BR>[Called By]<UL><LI><a href="#[69]">&gt;&gt;</a>&nbsp;&nbsp;&nbsp;testapprun
</UL>

<P><STRONG><a name="[1e3]"></a>_dsub</STRONG> (Thumb, 464 bytes, Stack size 32 bytes, daddsub_clz.o(x$fpl$dsub), UNUSED)
<BR><BR>[Calls]<UL><LI><a href="#[1d4]">&gt;&gt;</a>&nbsp;&nbsp;&nbsp;__fpl_dnaninf
<LI><a href="#[1e2]">&gt;&gt;</a>&nbsp;&nbsp;&nbsp;_dadd1
</UL>

<P><STRONG><a name="[8f]"></a>__aeabi_f2d</STRONG> (Thumb, 0 bytes, Stack size 16 bytes, f2d.o(x$fpl$f2d))
<BR><BR>[Stack]<UL><LI>Max Depth = 16<LI>Call Chain = __aeabi_f2d
</UL>
<BR>[Called By]<UL><LI><a href="#[9d]">&gt;&gt;</a>&nbsp;&nbsp;&nbsp;dwt_getrangebias
<LI><a href="#[8c]">&gt;&gt;</a>&nbsp;&nbsp;&nbsp;instancesetreplydelay
</UL>

<P><STRONG><a name="[1e4]"></a>_f2d</STRONG> (Thumb, 86 bytes, Stack size 16 bytes, f2d.o(x$fpl$f2d), UNUSED)
<BR><BR>[Calls]<UL><LI><a href="#[1e5]">&gt;&gt;</a>&nbsp;&nbsp;&nbsp;__fpl_fnaninf
<LI><a href="#[1d7]">&gt;&gt;</a>&nbsp;&nbsp;&nbsp;__fpl_dretinf
</UL>

<P><STRONG><a name="[92]"></a>__aeabi_fadd</STRONG> (Thumb, 0 bytes, Stack size 16 bytes, faddsub_clz.o(x$fpl$fadd))
<BR><BR>[Stack]<UL><LI>Max Depth = 16<LI>Call Chain = __aeabi_fadd
</UL>
<BR>[Called By]<UL><LI><a href="#[8c]">&gt;&gt;</a>&nbsp;&nbsp;&nbsp;instancesetreplydelay
</UL>

<P><STRONG><a name="[1e6]"></a>_fadd</STRONG> (Thumb, 196 bytes, Stack size 16 bytes, faddsub_clz.o(x$fpl$fadd), UNUSED)
<BR><BR>[Calls]<UL><LI><a href="#[1d3]">&gt;&gt;</a>&nbsp;&nbsp;&nbsp;__fpl_fretinf
<LI><a href="#[1e5]">&gt;&gt;</a>&nbsp;&nbsp;&nbsp;__fpl_fnaninf
<LI><a href="#[1e7]">&gt;&gt;</a>&nbsp;&nbsp;&nbsp;_fsub1
</UL>

<P><STRONG><a name="[1e8]"></a>__fpl_fcheck_NaN1</STRONG> (Thumb, 6 bytes, Stack size 0 bytes, fcheck1.o(x$fpl$fcheck1))
<BR><BR>[Calls]<UL><LI><a href="#[1d9]">&gt;&gt;</a>&nbsp;&nbsp;&nbsp;__fpl_return_NaN
</UL>
<BR>[Called By]<UL><LI><a href="#[8d]">&gt;&gt;</a>&nbsp;&nbsp;&nbsp;__ARM_scalbnf
</UL>

<P><STRONG><a name="[8e]"></a>__aeabi_fdiv</STRONG> (Thumb, 0 bytes, Stack size 16 bytes, fdiv.o(x$fpl$fdiv))
<BR><BR>[Stack]<UL><LI>Max Depth = 16<LI>Call Chain = __aeabi_fdiv
</UL>
<BR>[Called By]<UL><LI><a href="#[8c]">&gt;&gt;</a>&nbsp;&nbsp;&nbsp;instancesetreplydelay
</UL>

<P><STRONG><a name="[1e9]"></a>_fdiv</STRONG> (Thumb, 384 bytes, Stack size 16 bytes, fdiv.o(x$fpl$fdiv), UNUSED)
<BR><BR>[Calls]<UL><LI><a href="#[1d3]">&gt;&gt;</a>&nbsp;&nbsp;&nbsp;__fpl_fretinf
<LI><a href="#[1e5]">&gt;&gt;</a>&nbsp;&nbsp;&nbsp;__fpl_fnaninf
</UL>

<P><STRONG><a name="[91]"></a>__aeabi_i2f</STRONG> (Thumb, 0 bytes, Stack size 0 bytes, fflt_clz.o(x$fpl$fflt))
<BR><BR>[Called By]<UL><LI><a href="#[9d]">&gt;&gt;</a>&nbsp;&nbsp;&nbsp;dwt_getrangebias
<LI><a href="#[8c]">&gt;&gt;</a>&nbsp;&nbsp;&nbsp;instancesetreplydelay
</UL>

<P><STRONG><a name="[2bf]"></a>_fflt</STRONG> (Thumb, 48 bytes, Stack size 0 bytes, fflt_clz.o(x$fpl$fflt), UNUSED)

<P><STRONG><a name="[93]"></a>__aeabi_fmul</STRONG> (Thumb, 0 bytes, Stack size 16 bytes, fmul.o(x$fpl$fmul))
<BR><BR>[Stack]<UL><LI>Max Depth = 16<LI>Call Chain = __aeabi_fmul
</UL>
<BR>[Called By]<UL><LI><a href="#[8c]">&gt;&gt;</a>&nbsp;&nbsp;&nbsp;instancesetreplydelay
</UL>

<P><STRONG><a name="[1ea]"></a>_fmul</STRONG> (Thumb, 258 bytes, Stack size 16 bytes, fmul.o(x$fpl$fmul), UNUSED)
<BR><BR>[Calls]<UL><LI><a href="#[1d3]">&gt;&gt;</a>&nbsp;&nbsp;&nbsp;__fpl_fretinf
<LI><a href="#[1e5]">&gt;&gt;</a>&nbsp;&nbsp;&nbsp;__fpl_fnaninf
</UL>

<P><STRONG><a name="[1e5]"></a>__fpl_fnaninf</STRONG> (Thumb, 140 bytes, Stack size 8 bytes, fnaninf.o(x$fpl$fnaninf), UNUSED)
<BR><BR>[Called By]<UL><LI><a href="#[1ea]">&gt;&gt;</a>&nbsp;&nbsp;&nbsp;_fmul
<LI><a href="#[1e9]">&gt;&gt;</a>&nbsp;&nbsp;&nbsp;_fdiv
<LI><a href="#[1eb]">&gt;&gt;</a>&nbsp;&nbsp;&nbsp;_fsub
<LI><a href="#[1e6]">&gt;&gt;</a>&nbsp;&nbsp;&nbsp;_fadd
<LI><a href="#[1e4]">&gt;&gt;</a>&nbsp;&nbsp;&nbsp;_f2d
</UL>

<P><STRONG><a name="[1d3]"></a>__fpl_fretinf</STRONG> (Thumb, 10 bytes, Stack size 0 bytes, fretinf.o(x$fpl$fretinf), UNUSED)
<BR><BR>[Called By]<UL><LI><a href="#[1ea]">&gt;&gt;</a>&nbsp;&nbsp;&nbsp;_fmul
<LI><a href="#[1e9]">&gt;&gt;</a>&nbsp;&nbsp;&nbsp;_fdiv
<LI><a href="#[1e6]">&gt;&gt;</a>&nbsp;&nbsp;&nbsp;_fadd
<LI><a href="#[1d2]">&gt;&gt;</a>&nbsp;&nbsp;&nbsp;_d2f
</UL>

<P><STRONG><a name="[2c0]"></a>__aeabi_fsub</STRONG> (Thumb, 0 bytes, Stack size 16 bytes, faddsub_clz.o(x$fpl$fsub), UNUSED)

<P><STRONG><a name="[1eb]"></a>_fsub</STRONG> (Thumb, 234 bytes, Stack size 16 bytes, faddsub_clz.o(x$fpl$fsub), UNUSED)
<BR><BR>[Calls]<UL><LI><a href="#[1e5]">&gt;&gt;</a>&nbsp;&nbsp;&nbsp;__fpl_fnaninf
<LI><a href="#[1ec]">&gt;&gt;</a>&nbsp;&nbsp;&nbsp;_fadd1
</UL>

<P><STRONG><a name="[9a]"></a>__aeabi_d2ulz</STRONG> (Thumb, 0 bytes, Stack size 32 bytes, dfixull.o(x$fpl$llufromd))
<BR><BR>[Stack]<UL><LI>Max Depth = 32<LI>Call Chain = __aeabi_d2ulz
</UL>
<BR>[Called By]<UL><LI><a href="#[95]">&gt;&gt;</a>&nbsp;&nbsp;&nbsp;convertmicrosectodevicetimeu
</UL>

<P><STRONG><a name="[1ed]"></a>_ll_ufrom_d</STRONG> (Thumb, 120 bytes, Stack size 32 bytes, dfixull.o(x$fpl$llufromd), UNUSED)
<BR><BR>[Calls]<UL><LI><a href="#[1d4]">&gt;&gt;</a>&nbsp;&nbsp;&nbsp;__fpl_dnaninf
</UL>

<P><STRONG><a name="[1d9]"></a>__fpl_return_NaN</STRONG> (Thumb, 100 bytes, Stack size 0 bytes, retnan.o(x$fpl$retnan))
<BR><BR>[Calls]<UL><LI><a href="#[1ee]">&gt;&gt;</a>&nbsp;&nbsp;&nbsp;__fpl_cmpreturn
</UL>
<BR>[Called By]<UL><LI><a href="#[1e8]">&gt;&gt;</a>&nbsp;&nbsp;&nbsp;__fpl_fcheck_NaN1
<LI><a href="#[1d8]">&gt;&gt;</a>&nbsp;&nbsp;&nbsp;__fpl_dcheck_NaN1
</UL>

<P><STRONG><a name="[e1]"></a>__ARM_scalbn</STRONG> (Thumb, 92 bytes, Stack size 0 bytes, scalbn.o(x$fpl$scalbn))
<BR><BR>[Calls]<UL><LI><a href="#[1d8]">&gt;&gt;</a>&nbsp;&nbsp;&nbsp;__fpl_dcheck_NaN1
</UL>
<BR>[Called By]<UL><LI><a href="#[df]">&gt;&gt;</a>&nbsp;&nbsp;&nbsp;dwt_readdignostics
<LI><a href="#[9d]">&gt;&gt;</a>&nbsp;&nbsp;&nbsp;dwt_getrangebias
</UL>

<P><STRONG><a name="[8d]"></a>__ARM_scalbnf</STRONG> (Thumb, 76 bytes, Stack size 0 bytes, scalbnf.o(x$fpl$scalbnf))
<BR><BR>[Calls]<UL><LI><a href="#[1e8]">&gt;&gt;</a>&nbsp;&nbsp;&nbsp;__fpl_fcheck_NaN1
</UL>
<BR>[Called By]<UL><LI><a href="#[8c]">&gt;&gt;</a>&nbsp;&nbsp;&nbsp;instancesetreplydelay
</UL>

<P><STRONG><a name="[1ee]"></a>__fpl_cmpreturn</STRONG> (Thumb, 48 bytes, Stack size 0 bytes, trapv.o(x$fpl$trapveneer))
<BR><BR>[Called By]<UL><LI><a href="#[1d9]">&gt;&gt;</a>&nbsp;&nbsp;&nbsp;__fpl_return_NaN
</UL>
<P>
<H3>
Local Symbols
</H3>
<P><STRONG><a name="[cb]"></a>NVIC_EnableIRQ</STRONG> (Thumb, 22 bytes, Stack size 0 bytes, instance_common.o(.text))
<BR><BR>[Called By]<UL><LI><a href="#[c8]">&gt;&gt;</a>&nbsp;&nbsp;&nbsp;instance_run
</UL>

<P><STRONG><a name="[ca]"></a>NVIC_DisableIRQ</STRONG> (Thumb, 22 bytes, Stack size 0 bytes, instance_common.o(.text))
<BR><BR>[Called By]<UL><LI><a href="#[c8]">&gt;&gt;</a>&nbsp;&nbsp;&nbsp;instance_run
</UL>

<P><STRONG><a name="[134]"></a>NVIC_SystemReset</STRONG> (Thumb, 20 bytes, Stack size 0 bytes, main.o(.text))
<BR><BR>[Called By]<UL><LI><a href="#[5b]">&gt;&gt;</a>&nbsp;&nbsp;&nbsp;main
</UL>

<P><STRONG><a name="[139]"></a>NVIC_SetPriority</STRONG> (Thumb, 32 bytes, Stack size 0 bytes, port.o(.text))
<BR><BR>[Called By]<UL><LI><a href="#[138]">&gt;&gt;</a>&nbsp;&nbsp;&nbsp;SysTick_Configuration
</UL>

<P><STRONG><a name="[166]"></a>IntToUnicode</STRONG> (Thumb, 54 bytes, Stack size 20 bytes, hw_config.o(.text))
<BR><BR>[Stack]<UL><LI>Max Depth = 20<LI>Call Chain = IntToUnicode
</UL>
<BR>[Called By]<UL><LI><a href="#[165]">&gt;&gt;</a>&nbsp;&nbsp;&nbsp;Get_SerialNum
</UL>

<P><STRONG><a name="[185]"></a>DataStageIn</STRONG> (Thumb, 158 bytes, Stack size 32 bytes, usb_core.o(.text))
<BR><BR>[Stack]<UL><LI>Max Depth = 40<LI>Call Chain = DataStageIn &rArr; UserToPMABufferCopy
</UL>
<BR>[Calls]<UL><LI><a href="#[186]">&gt;&gt;</a>&nbsp;&nbsp;&nbsp;GetEPTxAddr
<LI><a href="#[167]">&gt;&gt;</a>&nbsp;&nbsp;&nbsp;UserToPMABufferCopy
<LI><a href="#[168]">&gt;&gt;</a>&nbsp;&nbsp;&nbsp;SetEPTxCount
</UL>
<BR>[Called By]<UL><LI><a href="#[193]">&gt;&gt;</a>&nbsp;&nbsp;&nbsp;In0_Process
<LI><a href="#[18f]">&gt;&gt;</a>&nbsp;&nbsp;&nbsp;Data_Setup0
</UL>

<P><STRONG><a name="[187]"></a>NoData_Setup0</STRONG> (Thumb, 236 bytes, Stack size 16 bytes, usb_core.o(.text))
<BR><BR>[Stack]<UL><LI>Max Depth = 40<LI>Call Chain = NoData_Setup0 &rArr; Standard_ClearFeature
</UL>
<BR>[Calls]<UL><LI><a href="#[189]">&gt;&gt;</a>&nbsp;&nbsp;&nbsp;Standard_SetDeviceFeature
<LI><a href="#[18b]">&gt;&gt;</a>&nbsp;&nbsp;&nbsp;Standard_SetEndPointFeature
<LI><a href="#[182]">&gt;&gt;</a>&nbsp;&nbsp;&nbsp;Standard_ClearFeature
<LI><a href="#[18a]">&gt;&gt;</a>&nbsp;&nbsp;&nbsp;Standard_SetInterface
<LI><a href="#[188]">&gt;&gt;</a>&nbsp;&nbsp;&nbsp;Standard_SetConfiguration
</UL>
<BR>[Called By]<UL><LI><a href="#[191]">&gt;&gt;</a>&nbsp;&nbsp;&nbsp;Setup0_Process
</UL>

<P><STRONG><a name="[18f]"></a>Data_Setup0</STRONG> (Thumb, 380 bytes, Stack size 24 bytes, usb_core.o(.text))
<BR><BR>[Stack]<UL><LI>Max Depth = 64<LI>Call Chain = Data_Setup0 &rArr; DataStageIn &rArr; UserToPMABufferCopy
</UL>
<BR>[Calls]<UL><LI><a href="#[185]">&gt;&gt;</a>&nbsp;&nbsp;&nbsp;DataStageIn
</UL>
<BR>[Called By]<UL><LI><a href="#[191]">&gt;&gt;</a>&nbsp;&nbsp;&nbsp;Setup0_Process
</UL>

<P><STRONG><a name="[195]"></a>DataStageOut</STRONG> (Thumb, 140 bytes, Stack size 32 bytes, usb_core.o(.text))
<BR><BR>[Stack]<UL><LI>Max Depth = 32<LI>Call Chain = DataStageOut
</UL>
<BR>[Calls]<UL><LI><a href="#[197]">&gt;&gt;</a>&nbsp;&nbsp;&nbsp;PMAToUserBufferCopy
<LI><a href="#[196]">&gt;&gt;</a>&nbsp;&nbsp;&nbsp;GetEPRxAddr
<LI><a href="#[168]">&gt;&gt;</a>&nbsp;&nbsp;&nbsp;SetEPTxCount
</UL>
<BR>[Called By]<UL><LI><a href="#[194]">&gt;&gt;</a>&nbsp;&nbsp;&nbsp;Out0_Process
</UL>

<P><STRONG><a name="[1c1]"></a>SetSysClockTo72</STRONG> (Thumb, 160 bytes, Stack size 12 bytes, system_stm32f10x.o(.text))
<BR><BR>[Stack]<UL><LI>Max Depth = 12<LI>Call Chain = SetSysClockTo72
</UL>
<BR>[Called By]<UL><LI><a href="#[47]">&gt;&gt;</a>&nbsp;&nbsp;&nbsp;SystemInit
</UL>

<P><STRONG><a name="[1e2]"></a>_dadd1</STRONG> (Thumb, 0 bytes, Stack size unknown bytes, daddsub_clz.o(x$fpl$dadd), UNUSED)
<BR><BR>[Called By]<UL><LI><a href="#[1e3]">&gt;&gt;</a>&nbsp;&nbsp;&nbsp;_dsub
<LI><a href="#[1e1]">&gt;&gt;</a>&nbsp;&nbsp;&nbsp;_drsb
</UL>

<P><STRONG><a name="[1d6]"></a>_dsub1</STRONG> (Thumb, 0 bytes, Stack size unknown bytes, daddsub_clz.o(x$fpl$dsub), UNUSED)
<BR><BR>[Called By]<UL><LI><a href="#[1e1]">&gt;&gt;</a>&nbsp;&nbsp;&nbsp;_drsb
<LI><a href="#[1d5]">&gt;&gt;</a>&nbsp;&nbsp;&nbsp;_dadd
</UL>

<P><STRONG><a name="[1ec]"></a>_fadd1</STRONG> (Thumb, 0 bytes, Stack size unknown bytes, faddsub_clz.o(x$fpl$fadd), UNUSED)
<BR><BR>[Called By]<UL><LI><a href="#[1eb]">&gt;&gt;</a>&nbsp;&nbsp;&nbsp;_fsub
</UL>

<P><STRONG><a name="[1e7]"></a>_fsub1</STRONG> (Thumb, 0 bytes, Stack size unknown bytes, faddsub_clz.o(x$fpl$fsub), UNUSED)
<BR><BR>[Called By]<UL><LI><a href="#[1e6]">&gt;&gt;</a>&nbsp;&nbsp;&nbsp;_fadd
</UL>

<P><STRONG><a name="[4a]"></a>_printf_input_char</STRONG> (Thumb, 10 bytes, Stack size 0 bytes, _printf_char_common.o(.text))
<BR>[Address Reference Count : 1]<UL><LI> _printf_char_common.o(.text)
</UL><P>
<H3>
Undefined Global Symbols
</H3><HR></body></html>
