Component: ARM Compiler 5.06 update 1 (build 61) Tool: armlink [4d35a8]

==============================================================================

Section Cross References

    instance.o(.text) refers to deca_device.o(.text) for dwt_writetxfctrl
    instance.o(.text) refers to port.o(.text) for portGetTickCnt
    instance.o(.text) refers to instance_common.o(.text) for reportTOF
    instance.o(.text) refers to led.o(.text) for led_on
    instance.o(.text) refers to stm32f10x_gpio.o(.text) for GPIO_ResetBits
    instance.o(.text) refers to delay.o(.text) for Sleep
    instance.o(.text) refers to instance_common.o(.bss) for instance_data
    instance.o(.text) refers to dfltll_clz.o(x$fpl$dfltll) for __aeabi_l2d
    instance.o(.text) refers to dmul.o(x$fpl$dmul) for __aeabi_dmul
    instance.o(.text) refers to daddsub_clz.o(x$fpl$dsub) for __aeabi_dsub
    instance.o(.text) refers to daddsub_clz.o(x$fpl$dadd) for __aeabi_dadd
    instance.o(.text) refers to ddiv.o(x$fpl$ddiv) for __aeabi_ddiv
    instance.o(.text) refers to dfix.o(x$fpl$dfix) for __aeabi_d2iz
    instance.o(.text) refers to scalbnf.o(x$fpl$scalbnf) for __ARM_scalbnf
    instance.o(.text) refers to fdiv.o(x$fpl$fdiv) for __aeabi_fdiv
    instance.o(.text) refers to f2d.o(x$fpl$f2d) for __aeabi_f2d
    instance.o(.text) refers to ceil.o(i.ceil) for ceil
    instance.o(.text) refers to fflt_clz.o(x$fpl$fflt) for __aeabi_i2f
    instance.o(.text) refers to faddsub_clz.o(x$fpl$fadd) for __aeabi_fadd
    instance.o(.text) refers to fmul.o(x$fpl$fmul) for __aeabi_fmul
    instance.o(.text) refers to dflt_clz.o(x$fpl$dflt) for __aeabi_i2d
    instance.o(.text) refers to deca_params_init.o(.constdata) for dwnsSFDlen
    instance_calib.o(.text) refers to rt_memcpy_w.o(.text) for __aeabi_memcpy4
    instance_calib.o(.text) refers to port.o(.text) for SPI_ConfigFastRate
    instance_calib.o(.text) refers to deca_device.o(.text) for dwt_configcontinuousframemode
    instance_calib.o(.text) refers to instance_calib.o(.conststring) for .conststring
    instance_common.o(.text) refers to ddiv.o(x$fpl$ddiv) for __aeabi_ddiv
    instance_common.o(.text) refers to dfixull.o(x$fpl$llufromd) for __aeabi_d2ulz
    instance_common.o(.text) refers to dflt_clz.o(x$fpl$dflt) for __aeabi_i2d
    instance_common.o(.text) refers to dmul.o(x$fpl$dmul) for __aeabi_dmul
    instance_common.o(.text) refers to d2f.o(x$fpl$d2f) for __aeabi_d2f
    instance_common.o(.text) refers to deca_range_tables.o(.text) for dwt_getrangebias
    instance_common.o(.text) refers to daddsub_clz.o(x$fpl$drsb) for __aeabi_drsub
    instance_common.o(.text) refers to dleqf.o(x$fpl$dleqf) for __aeabi_cdcmple
    instance_common.o(.text) refers to drleqf.o(x$fpl$drleqf) for __aeabi_cdrcmple
    instance_common.o(.text) refers to deca_device.o(.text) for dwt_configeventcounters
    instance_common.o(.text) refers to rt_memcpy_w.o(.text) for __aeabi_memcpy4
    instance_common.o(.text) refers to port.o(.text) for portGetTickCnt
    instance_common.o(.text) refers to instance_common.o(.bss) for .bss
    instance_common.o(.text) refers to led.o(.text) for led_on
    instance_common.o(.text) refers to rt_memclr_w.o(.text) for __aeabi_memclr4
    instance_common.o(.text) refers to instance.o(.text) for instancesetreplydelay
    instance_common.o(.text) refers to dfix.o(x$fpl$dfix) for __aeabi_d2iz
    instance_common.o(.text) refers to instance_calib.o(.constdata) for txSpectrumConfig
    instance_common.o(.text) refers to instance_calib.o(.constdata) for rfDelays
    instance_common.o(.text) refers to instance_calib.o(.constdata) for rfDelaysTREK
    instance_common.o(.text) refers to stm32f10x_gpio.o(.text) for GPIO_ResetBits
    instance_common.o(.text) refers to delay.o(.text) for Sleep
    deca_device.o(.text) refers to deca_spi.o(.text) for writetospi_serial
    deca_device.o(.text) refers to delay.o(.text) for Sleep
    deca_device.o(.text) refers to deca_device.o(.bss) for .bss
    deca_device.o(.text) refers to deca_params_init.o(.constdata) for pll2calcfg
    deca_device.o(.text) refers to deca_params_init.o(.constdata) for chan_idx
    deca_device.o(.text) refers to deca_params_init.o(.constdata) for lde_replicaCoeff
    deca_device.o(.text) refers to deca_params_init.o(.constdata) for pll2_config
    deca_device.o(.text) refers to deca_params_init.o(.constdata) for rx_config
    deca_device.o(.text) refers to deca_params_init.o(.constdata) for tx_config
    deca_device.o(.text) refers to deca_params_init.o(.constdata) for sftsh
    deca_device.o(.text) refers to deca_params_init.o(.constdata) for dtune1
    deca_device.o(.text) refers to deca_params_init.o(.constdata) for digital_bb_config
    deca_device.o(.text) refers to dflt_clz.o(x$fpl$dfltu) for __aeabi_ui2d
    deca_device.o(.text) refers to scalbn.o(x$fpl$scalbn) for __ARM_scalbn
    deca_device.o(.text) refers to deca_params_init.o(.constdata) for agc_config
[...]
    dwt_readsystimestamphi32                 0x08002807   Thumb Code     6  deca_device.o(.text)
    dwt_readsystime                          0x0800280d   Thumb Code    12  deca_device.o(.text)
    dwt_enableframefilter                    0x08002819   Thumb Code    54  deca_device.o(.text)
    dwt_setpanid                             0x0800284f   Thumb Code    10  deca_device.o(.text)
    dwt_setaddress16                         0x08002859   Thumb Code    10  deca_device.o(.text)
    dwt_seteui                               0x08002863   Thumb Code    12  deca_device.o(.text)
    dwt_geteui                               0x0800286f   Thumb Code    12  deca_device.o(.text)
    _dwt_otpsetmrregs                        0x0800287b   Thumb Code   546  deca_device.o(.text)
    _dwt_otpprogword32                       0x08002a9d   Thumb Code   162  deca_device.o(.text)
    dwt_otpwriteandverify                    0x08002b3f   Thumb Code    90  deca_device.o(.text)
    _dwt_aonconfigupload                     0x08002b99   Thumb Code    40  deca_device.o(.text)
    _dwt_aonarrayupload                      0x08002bc1   Thumb Code    40  deca_device.o(.text)
    dwt_entersleep                           0x08002be9   Thumb Code     2  deca_device.o(.text)
    dwt_configuresleepcnt                    0x08002beb   Thumb Code   124  deca_device.o(.text)
    dwt_calibratesleepcnt                    0x08002c67   Thumb Code   252  deca_device.o(.text)
    dwt_configuresleep                       0x08002d63   Thumb Code    32  deca_device.o(.text)
    dwt_entersleepaftertx                    0x08002d83   Thumb Code    36  deca_device.o(.text)
    dwt_spicswakeup                          0x08002da7   Thumb Code    50  deca_device.o(.text)
    dwt_loadopsettabfromotp                  0x08002dd9   Thumb Code    52  deca_device.o(.text)
    dwt_setsmarttxpower                      0x08002e0d   Thumb Code    44  deca_device.o(.text)
    dwt_enableautoack                        0x08002e39   Thumb Code    36  deca_device.o(.text)
    dwt_setdblrxbuffmode                     0x08002e5d   Thumb Code    38  deca_device.o(.text)
    dwt_setautorxreenable                    0x08002e83   Thumb Code    60  deca_device.o(.text)
    dwt_setrxaftertxdelay                    0x08002ebf   Thumb Code    34  deca_device.o(.text)
    dwt_setcallbacks                         0x08002ee1   Thumb Code     8  deca_device.o(.text)
    dwt_checkIRQ                             0x08002ee9   Thumb Code    24  deca_device.o(.text)
    dwt_rxreset                              0x08002f01   Thumb Code    40  deca_device.o(.text)
    dwt_syncrxbufptrs                        0x08002f29   Thumb Code    52  deca_device.o(.text)
    dwt_forcetrxoff                          0x08002f5d   Thumb Code    86  deca_device.o(.text)
    dwt_checkoverrun                         0x08002fb3   Thumb Code    16  deca_device.o(.text)
    dwt_isr                                  0x08002fc3   Thumb Code   646  deca_device.o(.text)
    dwt_setleds                              0x08003249   Thumb Code   202  deca_device.o(.text)
    _dwt_disablesequencing                   0x08003313   Thumb Code    22  deca_device.o(.text)
    dwt_setdelayedtrxtime                    0x08003329   Thumb Code    10  deca_device.o(.text)
    dwt_starttx                              0x08003333   Thumb Code   142  deca_device.o(.text)
    dwt_setrxmode                            0x080033c1   Thumb Code    24  deca_device.o(.text)
    dwt_rxenable                             0x080033d9   Thumb Code    76  deca_device.o(.text)
    dwt_setrxtimeout                         0x08003425   Thumb Code    84  deca_device.o(.text)
    dwt_setpreambledetecttimeout             0x08003479   Thumb Code    10  deca_device.o(.text)
    dwt_setinterrupt                         0x08003483   Thumb Code    48  deca_device.o(.text)
    dwt_configeventcounters                  0x080034b3   Thumb Code    46  deca_device.o(.text)
    dwt_readeventcounters                    0x080034e1   Thumb Code   126  deca_device.o(.text)
    dwt_softreset                            0x0800355f   Thumb Code   110  deca_device.o(.text)
    dwt_configcwmode                         0x080035cd   Thumb Code   148  deca_device.o(.text)
    dwt_configcontinuousframemode            0x08003661   Thumb Code    78  deca_device.o(.text)
    dwt_readtempvbat                         0x080036af   Thumb Code   198  deca_device.o(.text)
    dwt_readwakeuptemp                       0x08003775   Thumb Code    20  deca_device.o(.text)
    dwt_readwakeupvbat                       0x08003789   Thumb Code    20  deca_device.o(.text)
    dwt_getrangebias                         0x0800379d   Thumb Code   200  deca_range_tables.o(.text)
    decamutexon                              0x08003875   Thumb Code    26  deca_mutex.o(.text)
    decamutexoff                             0x0800388f   Thumb Code    18  deca_mutex.o(.text)
    openspi                                  0x080038a1   Thumb Code     4  deca_spi.o(.text)
    closespi                                 0x080038a5   Thumb Code    28  deca_spi.o(.text)
    writetospi_serial                        0x080038c1   Thumb Code    90  deca_spi.o(.text)
    readfromspi_serial                       0x0800391b   Thumb Code    92  deca_spi.o(.text)
    Check_cmd                                0x08003981   Thumb Code    46  device_info.o(.text)
    Get_UniqueID                             0x080039af   Thumb Code    28  device_info.o(.text)
    Flash_Configuration                      0x080039cb   Thumb Code   138  device_info.o(.text)
    RouterInfo_Write_to_Flash                0x08003a55   Thumb Code     4  device_info.o(.text)
    My_STMFLASH_Write                        0x08003a59   Thumb Code    12  device_info.o(.text)
    addressconfigure                         0x08003a91   Thumb Code    48  main.o(.text)
    decarangingmode                          0x08003ac1   Thumb Code    18  main.o(.text)
    inittestapplication                      0x08003ad3   Thumb Code   230  main.o(.text)
    process_dwRSTn_irq                       0x08003bb9   Thumb Code     6  main.o(.text)
    process_deca_irq                         0x08003bbf   Thumb Code    24  main.o(.text)
    configure_continuous_txspectrum_mode     0x08003bd7   Thumb Code    16  main.o(.text)
    Transfer_Byte                            0x08003be7   Thumb Code    40  main.o(.text)
    Check_Switch_Status                      0x08003c0f   Thumb Code    16  main.o(.text)
    Display_SwitchInfo                       0x08003c1f   Thumb Code   140  main.o(.text)
    main                                     0x08003cab   Thumb Code  1216  main.o(.text)
    NMI_Handler                              0x08004241   Thumb Code     2  stm32f10x_it.o(.text)
    HardFault_Handler                        0x08004243   Thumb Code     2  stm32f10x_it.o(.text)
    MemManage_Handler                        0x08004245   Thumb Code     2  stm32f10x_it.o(.text)
    BusFault_Handler                         0x08004247   Thumb Code     2  stm32f10x_it.o(.text)
    UsageFault_Handler                       0x08004249   Thumb Code     2  stm32f10x_it.o(.text)
    SVC_Handler                              0x0800424b   Thumb Code     2  stm32f10x_it.o(.text)
    DebugMon_Handler                         0x0800424d   Thumb Code     2  stm32f10x_it.o(.text)
    PendSV_Handler                           0x0800424f   Thumb Code     2  stm32f10x_it.o(.text)
    SysTick_Handler                          0x08004251   Thumb Code    10  stm32f10x_it.o(.text)
    EXTI15_10_IRQHandler                     0x0800425b   Thumb Code    18  stm32f10x_it.o(.text)
    EXTI0_IRQHandler                         0x0800426d   Thumb Code    16  stm32f10x_it.o(.text)
    EXTI3_IRQHandler                         0x0800427d   Thumb Code    16  stm32f10x_it.o(.text)
    EXTI9_5_IRQHandler                       0x0800428d   Thumb Code    16  stm32f10x_it.o(.text)
    GPIO_Configuration                       0x080042a1   Thumb Code    40  led.o(.text)
    led_off                                  0x080042c9   Thumb Code    48  led.o(.text)
    led_on                                   0x080042f9   Thumb Code    48  led.o(.text)
    No_Configuration                         0x0800432d   Thumb Code     6  port.o(.text)
    portGetTickCnt                           0x08004333   Thumb Code     6  port.o(.text)
    SysTick_Configuration                    0x08004339   Thumb Code    64  port.o(.text)
    NVIC_DisableDECAIRQ                      0x08004379   Thumb Code    32  port.o(.text)
    NVIC_Configuration                       0x08004399   Thumb Code    96  port.o(.text)
    EXTI_GetITEnStatus                       0x080043f9   Thumb Code    16  port.o(.text)
    RCC_Configuration                        0x08004409   Thumb Code   136  port.o(.text)
    SPI_ChangeRate                           0x08004491   Thumb Code    14  port.o(.text)
    SPI_ConfigFastRate                       0x0800449f   Thumb Code    80  port.o(.text)
    SPI_Configuration                        0x080044ef   Thumb Code   166  port.o(.text)
    reset_DW1000                             0x08004595   Thumb Code    68  port.o(.text)
    setup_DW1000RSTnIRQ                      0x080045d9   Thumb Code   134  port.o(.text)
    is_IRQ_enabled                           0x0800465f   Thumb Code    14  port.o(.text)
    peripherals_init                         0x0800466d   Thumb Code    22  port.o(.text)
    STMFLASH_ReadHalfWord                    0x080046bd   Thumb Code     4  stmflash.o(.text)
    STMFLASH_Write_NoCheck                   0x080046c1   Thumb Code    40  stmflash.o(.text)
    STMFLASH_Read                            0x080046e9   Thumb Code    26  stmflash.o(.text)
    STMFLASH_Write                           0x08004703   Thumb Code   192  stmflash.o(.text)
    Test_Write                               0x080047c3   Thumb Code    12  stmflash.o(.text)
    Set_System                               0x080047d5   Thumb Code    96  hw_config.o(.text)
    Set_USBClock                             0x08004835   Thumb Code    20  hw_config.o(.text)
    Enter_LowPowerMode                       0x08004849   Thumb Code     8  hw_config.o(.text)
    Leave_LowPowerMode                       0x08004851   Thumb Code    18  hw_config.o(.text)
    USB_Interrupts_Config                    0x08004863   Thumb Code    50  hw_config.o(.text)
    USB_Cable_Config                         0x08004895   Thumb Code    20  hw_config.o(.text)
    USB_Config                               0x080048a9   Thumb Code    22  hw_config.o(.text)
    USB_RxRead                               0x080048bf   Thumb Code    12  hw_config.o(.text)
    USB_RxWrite                              0x080048cb   Thumb Code    12  hw_config.o(.text)
    USB_TxRead                               0x080048d7   Thumb Code    12  hw_config.o(.text)
    USB_TxWrite                              0x080048e3   Thumb Code    12  hw_config.o(.text)
    Get_SerialNum                            0x08004925   Thumb Code    42  hw_config.o(.text)
    EP1_IN_Callback                          0x08004971   Thumb Code    60  usb_endp.o(.text)
    EP3_OUT_Callback                         0x080049ad   Thumb Code    32  usb_endp.o(.text)
    SOF_Callback                             0x080049cd   Thumb Code    76  usb_endp.o(.text)
    USB_Istr                                 0x08004a25   Thumb Code   310  usb_istr.o(.text)
    USB_LP_CAN1_RX0_IRQHandler               0x08004b75   Thumb Code     4  usb_it.o(.text)
    USBWakeUp_IRQHandler                     0x08004b79   Thumb Code     8  usb_it.o(.text)
    Virtual_Com_Port_init                    0x08004b81   Thumb Code    28  usb_prop.o(.text)
    Virtual_Com_Port_Reset                   0x08004b9d   Thumb Code   208  usb_prop.o(.text)
    Virtual_Com_Port_SetConfiguration        0x08004c6d   Thumb Code    16  usb_prop.o(.text)
    Virtual_Com_Port_SetDeviceAddress        0x08004c7d   Thumb Code     8  usb_prop.o(.text)
    Virtual_Com_Port_Status_In               0x08004c85   Thumb Code    16  usb_prop.o(.text)
    Virtual_Com_Port_Status_Out              0x08004c95   Thumb Code     2  usb_prop.o(.text)
    Virtual_Com_Port_SetLineCoding           0x08004c97   Thumb Code    20  usb_prop.o(.text)
    Virtual_Com_Port_GetLineCoding           0x08004cab   Thumb Code    20  usb_prop.o(.text)
    Virtual_Com_Port_Data_Setup              0x08004cbf   Thumb Code    74  usb_prop.o(.text)
    Virtual_Com_Port_NoData_Setup            0x08004d09   Thumb Code    30  usb_prop.o(.text)
    Virtual_Com_Port_GetDeviceDescriptor     0x08004d27   Thumb Code     8  usb_prop.o(.text)
    Virtual_Com_Port_GetConfigDescriptor     0x08004d2f   Thumb Code     8  usb_prop.o(.text)
    Virtual_Com_Port_GetStringDescriptor     0x08004d37   Thumb Code    26  usb_prop.o(.text)
    Virtual_Com_Port_Get_Interface_Setting   0x08004d51   Thumb Code    14  usb_prop.o(.text)
    PowerOn                                  0x08004d75   Thumb Code    36  usb_pwr.o(.text)
    PowerOff                                 0x08004d99   Thumb Code    26  usb_pwr.o(.text)
    Suspend                                  0x08004db3   Thumb Code   174  usb_pwr.o(.text)
    Resume_Init                              0x08004e61   Thumb Code    26  usb_pwr.o(.text)
    Resume                                   0x08004e7b   Thumb Code   140  usb_pwr.o(.text)
    Standard_GetConfiguration                0x08004f25   Thumb Code    30  usb_core.o(.text)
    Standard_SetConfiguration                0x08004f43   Thumb Code    42  usb_core.o(.text)
    Standard_GetInterface                    0x08004f6d   Thumb Code    30  usb_core.o(.text)
    Standard_SetInterface                    0x08004f8b   Thumb Code    60  usb_core.o(.text)
    Standard_GetStatus                       0x08004fc7   Thumb Code   130  usb_core.o(.text)
    Standard_ClearFeature                    0x08005049   Thumb Code   232  usb_core.o(.text)
    Standard_SetEndPointFeature              0x08005131   Thumb Code   118  usb_core.o(.text)
    Standard_SetDeviceFeature                0x080051a7   Thumb Code    26  usb_core.o(.text)
    Standard_GetDescriptorData               0x080051c1   Thumb Code    24  usb_core.o(.text)
    Post0_Process                            0x080054df   Thumb Code    52  usb_core.o(.text)
    Setup0_Process                           0x08005513   Thumb Code    90  usb_core.o(.text)
    SetDeviceAddress                         0x0800556d   Thumb Code    60  usb_core.o(.text)
    In0_Process                              0x080055a9   Thumb Code    78  usb_core.o(.text)
    Out0_Process                             0x080055f7   Thumb Code    60  usb_core.o(.text)
    NOP_Process                              0x08005633   Thumb Code     2  usb_core.o(.text)
    USB_Init                                 0x080056ed   Thumb Code    22  usb_init.o(.text)
    CTR_LP                                   0x08005715   Thumb Code   318  usb_int.o(.text)
    CTR_HP                                   0x08005853   Thumb Code   106  usb_int.o(.text)
    UserToPMABufferCopy                      0x080058d9   Thumb Code    38  usb_mem.o(.text)
    PMAToUserBufferCopy                      0x080058ff   Thumb Code    28  usb_mem.o(.text)
    SetCNTR                                  0x08005921   Thumb Code     6  usb_regs.o(.text)
    GetCNTR                                  0x08005927   Thumb Code     8  usb_regs.o(.text)
    SetISTR                                  0x0800592f   Thumb Code     8  usb_regs.o(.text)
    GetISTR                                  0x08005937   Thumb Code    10  usb_regs.o(.text)
    GetFNR                                   0x08005941   Thumb Code    10  usb_regs.o(.text)
    SetDADDR                                 0x0800594b   Thumb Code     8  usb_regs.o(.text)
    GetDADDR                                 0x08005953   Thumb Code    10  usb_regs.o(.text)
    SetBTABLE                                0x0800595d   Thumb Code    12  usb_regs.o(.text)
    GetBTABLE                                0x08005969   Thumb Code    10  usb_regs.o(.text)
    SetENDPOINT                              0x08005973   Thumb Code    12  usb_regs.o(.text)
    GetENDPOINT                              0x0800597f   Thumb Code    14  usb_regs.o(.text)
    SetEPType                                0x0800598d   Thumb Code    24  usb_regs.o(.text)
    GetEPType                                0x080059a5   Thumb Code    18  usb_regs.o(.text)
    SetEPTxStatus                            0x080059b7   Thumb Code    44  usb_regs.o(.text)
    SetEPRxStatus                            0x080059e3   Thumb Code    44  usb_regs.o(.text)
    SetDouBleBuffEPStall                     0x08005a0f   Thumb Code    42  usb_regs.o(.text)
    GetEPTxStatus                            0x08005a39   Thumb Code    18  usb_regs.o(.text)
    GetEPRxStatus                            0x08005a4b   Thumb Code    18  usb_regs.o(.text)
    SetEPTxValid                             0x08005a5d   Thumb Code    32  usb_regs.o(.text)
    SetEPRxValid                             0x08005a7d   Thumb Code    32  usb_regs.o(.text)
    SetEP_KIND                               0x08005a9d   Thumb Code    28  usb_regs.o(.text)
    ClearEP_KIND                             0x08005ab9   Thumb Code    28  usb_regs.o(.text)
    Clear_Status_Out                         0x08005ad5   Thumb Code    28  usb_regs.o(.text)
    Set_Status_Out                           0x08005af1   Thumb Code    28  usb_regs.o(.text)
    SetEPDoubleBuff                          0x08005b0d   Thumb Code    28  usb_regs.o(.text)
    ClearEPDoubleBuff                        0x08005b29   Thumb Code    28  usb_regs.o(.text)
    GetTxStallStatus                         0x08005b45   Thumb Code    22  usb_regs.o(.text)
    GetRxStallStatus                         0x08005b5b   Thumb Code    22  usb_regs.o(.text)
    ClearEP_CTR_RX                           0x08005b71   Thumb Code    22  usb_regs.o(.text)
    ClearEP_CTR_TX                           0x08005b87   Thumb Code    22  usb_regs.o(.text)
    ToggleDTOG_RX                            0x08005b9d   Thumb Code    28  usb_regs.o(.text)
    ToggleDTOG_TX                            0x08005bb9   Thumb Code    28  usb_regs.o(.text)
    ClearDTOG_RX                             0x08005bd5   Thumb Code    36  usb_regs.o(.text)
    ClearDTOG_TX                             0x08005bf9   Thumb Code    36  usb_regs.o(.text)
    SetEPAddress                             0x08005c1d   Thumb Code    30  usb_regs.o(.text)
    GetEPAddress                             0x08005c3b   Thumb Code    16  usb_regs.o(.text)
    SetEPTxAddr                              0x08005c4b   Thumb Code    24  usb_regs.o(.text)
    SetEPRxAddr                              0x08005c63   Thumb Code    26  usb_regs.o(.text)
    GetEPTxAddr                              0x08005c7d   Thumb Code    22  usb_regs.o(.text)
    GetEPRxAddr                              0x08005c93   Thumb Code    24  usb_regs.o(.text)
    SetEPTxCount                             0x08005cab   Thumb Code    22  usb_regs.o(.text)
    SetEPCountRxReg                          0x08005cc1   Thumb Code    38  usb_regs.o(.text)
    SetEPRxCount                             0x08005ce7   Thumb Code    72  usb_regs.o(.text)
    GetEPTxCount                             0x08005d2f   Thumb Code    24  usb_regs.o(.text)
    GetEPRxCount                             0x08005d47   Thumb Code    24  usb_regs.o(.text)
    SetEPDblBuffAddr                         0x08005d5f   Thumb Code    42  usb_regs.o(.text)
    SetEPDblBuf0Addr                         0x08005d89   Thumb Code    22  usb_regs.o(.text)
    SetEPDblBuf1Addr                         0x08005d9f   Thumb Code    24  usb_regs.o(.text)
    GetEPDblBuf0Addr                         0x08005db7   Thumb Code    20  usb_regs.o(.text)
    GetEPDblBuf1Addr                         0x08005dcb   Thumb Code    22  usb_regs.o(.text)
    SetEPDblBuffCount                        0x08005de1   Thumb Code   156  usb_regs.o(.text)
    SetEPDblBuf0Count                        0x08005e7d   Thumb Code    82  usb_regs.o(.text)
    SetEPDblBuf1Count                        0x08005ecf   Thumb Code    82  usb_regs.o(.text)
    GetEPDblBuf0Count                        0x08005f21   Thumb Code    24  usb_regs.o(.text)
    GetEPDblBuf1Count                        0x08005f39   Thumb Code    24  usb_regs.o(.text)
    GetEPDblBufDir                           0x08005f51   Thumb Code    50  usb_regs.o(.text)
    FreeUserBuffer                           0x08005f83   Thumb Code    48  usb_regs.o(.text)
    ToWord                                   0x08005fb3   Thumb Code     6  usb_regs.o(.text)
    ByteSwap                                 0x08005fb9   Thumb Code    10  usb_regs.o(.text)
    USB_SIL_Init                             0x08005fd1   Thumb Code    24  usb_sil.o(.text)
    USB_SIL_Write                            0x08005fe9   Thumb Code    38  usb_sil.o(.text)
    USB_SIL_Read                             0x0800600f   Thumb Code    36  usb_sil.o(.text)
    delay_init                               0x0800603d   Thumb Code    46  delay.o(.text)
    delay_us                                 0x0800606b   Thumb Code    46  delay.o(.text)
    delay_ms                                 0x08006099   Thumb Code    46  delay.o(.text)
    Sleep                                    0x080060c7   Thumb Code    22  delay.o(.text)
    _sys_exit                                0x080060e9   Thumb Code     2  usart.o(.text)
    fputc                                    0x080060eb   Thumb Code    18  usart.o(.text)
    uart_init                                0x080060fd   Thumb Code   156  usart.o(.text)
    USART1_Send_Hex                          0x08006199   Thumb Code    26  usart.o(.text)
    USART1_Send_PartialCommand               0x080061b3   Thumb Code    20  usart.o(.text)
    GetRecSwtich                             0x080061c7   Thumb Code    94  usart.o(.text)
    USART1_IRQHandler                        0x08006225   Thumb Code   146  usart.o(.text)
    MYDMA_Config                             0x080062d5   Thumb Code    74  dma.o(.text)
    MYDMA_Enable                             0x0800631f   Thumb Code    32  dma.o(.text)
    QUEUE_PacketCreate                       0x0800634d   Thumb Code    12  queue.o(.text)
    QUEUE_PacketIn                           0x08006359   Thumb Code    48  queue.o(.text)
    QUEUE_PacketOut                          0x08006389   Thumb Code    56  queue.o(.text)
    QUEUE_PacketLengthGet                    0x080063c1   Thumb Code    40  queue.o(.text)
    QUEUE_PacketStartEndDifferentCharSplit   0x080063e9   Thumb Code   182  queue.o(.text)
    QUEUE_PacketStartEndCharSplit            0x0800649f   Thumb Code   198  queue.o(.text)
    QUEUE_PacketCharSplit                    0x08006565   Thumb Code   116  queue.o(.text)
    QUEUE_PacketDoubleEndCharSplit           0x080065d9   Thumb Code   132  queue.o(.text)
    QUEUE_StructCreate                       0x0800665d   Thumb Code    20  queue.o(.text)
    QUEUE_StructIn                           0x08006671   Thumb Code    68  queue.o(.text)
    QUEUE_StructOut                          0x080066b5   Thumb Code    76  queue.o(.text)
    QUEUE_StructCountGet                     0x08006701   Thumb Code    34  queue.o(.text)
    NVIC_PriorityGroupConfig                 0x08006725   Thumb Code    10  misc.o(.text)
    NVIC_Init                                0x0800672f   Thumb Code    94  misc.o(.text)
    NVIC_SetVectorTable                      0x0800678d   Thumb Code    14  misc.o(.text)
    NVIC_SystemLPConfig                      0x0800679b   Thumb Code    20  misc.o(.text)
    SysTick_CLKSourceConfig                  0x080067af   Thumb Code    24  misc.o(.text)
    DMA_DeInit                               0x080067d5   Thumb Code   218  stm32f10x_dma.o(.text)
    DMA_Init                                 0x080068af   Thumb Code    58  stm32f10x_dma.o(.text)
    DMA_StructInit                           0x080068e9   Thumb Code    26  stm32f10x_dma.o(.text)
    DMA_Cmd                                  0x08006903   Thumb Code    22  stm32f10x_dma.o(.text)
    DMA_ITConfig                             0x08006919   Thumb Code    16  stm32f10x_dma.o(.text)
    DMA_SetCurrDataCounter                   0x08006929   Thumb Code     4  stm32f10x_dma.o(.text)
    DMA_GetCurrDataCounter                   0x0800692d   Thumb Code     6  stm32f10x_dma.o(.text)
    DMA_GetFlagStatus                        0x08006933   Thumb Code    28  stm32f10x_dma.o(.text)
    DMA_ClearFlag                            0x0800694f   Thumb Code    20  stm32f10x_dma.o(.text)
    DMA_GetITStatus                          0x08006963   Thumb Code    28  stm32f10x_dma.o(.text)
    DMA_ClearITPendingBit                    0x0800697f   Thumb Code    20  stm32f10x_dma.o(.text)
    EXTI_DeInit                              0x0800699d   Thumb Code    28  stm32f10x_exti.o(.text)
    EXTI_Init                                0x080069b9   Thumb Code   108  stm32f10x_exti.o(.text)
    EXTI_StructInit                          0x08006a25   Thumb Code    14  stm32f10x_exti.o(.text)
    EXTI_GenerateSWInterrupt                 0x08006a33   Thumb Code    12  stm32f10x_exti.o(.text)
    EXTI_GetFlagStatus                       0x08006a3f   Thumb Code    18  stm32f10x_exti.o(.text)
    EXTI_ClearFlag                           0x08006a51   Thumb Code     8  stm32f10x_exti.o(.text)
    EXTI_GetITStatus                         0x08006a59   Thumb Code    28  stm32f10x_exti.o(.text)
    EXTI_ClearITPendingBit                   0x08006a75   Thumb Code     8  stm32f10x_exti.o(.text)
    FLASH_SetLatency                         0x08006a85   Thumb Code    14  stm32f10x_flash.o(.text)
    FLASH_HalfCycleAccessCmd                 0x08006a93   Thumb Code    18  stm32f10x_flash.o(.text)
    FLASH_PrefetchBufferCmd                  0x08006aa5   Thumb Code    18  stm32f10x_flash.o(.text)
    FLASH_Unlock                             0x08006ab7   Thumb Code    12  stm32f10x_flash.o(.text)
    FLASH_UnlockBank1                        0x08006ac3   Thumb Code    12  stm32f10x_flash.o(.text)
    FLASH_Lock                               0x08006acf   Thumb Code    12  stm32f10x_flash.o(.text)
    FLASH_LockBank1                          0x08006adb   Thumb Code    12  stm32f10x_flash.o(.text)
    FLASH_GetBank1Status                     0x08006ae7   Thumb Code    34  stm32f10x_flash.o(.text)
    FLASH_WaitForLastOperation               0x08006b09   Thumb Code    36  stm32f10x_flash.o(.text)
    FLASH_ErasePage                          0x08006b2d   Thumb Code    56  stm32f10x_flash.o(.text)
    FLASH_EraseAllPages                      0x08006b65   Thumb Code    52  stm32f10x_flash.o(.text)
    FLASH_WaitForLastBank1Operation          0x08006b99   Thumb Code    36  stm32f10x_flash.o(.text)
    FLASH_EraseAllBank1Pages                 0x08006bbd   Thumb Code    52  stm32f10x_flash.o(.text)
    FLASH_GetReadOutProtectionStatus         0x08006bf1   Thumb Code    14  stm32f10x_flash.o(.text)
    FLASH_EraseOptionBytes                   0x08006bff   Thumb Code   108  stm32f10x_flash.o(.text)
    FLASH_ProgramWord                        0x08006c6b   Thumb Code    72  stm32f10x_flash.o(.text)
    FLASH_ProgramHalfWord                    0x08006cb3   Thumb Code    48  stm32f10x_flash.o(.text)
    FLASH_ProgramOptionByteData              0x08006ce3   Thumb Code    62  stm32f10x_flash.o(.text)
    FLASH_EnableWriteProtection              0x08006d21   Thumb Code   150  stm32f10x_flash.o(.text)
    FLASH_ReadOutProtection                  0x08006db7   Thumb Code   118  stm32f10x_flash.o(.text)
    FLASH_UserOptionByteConfig               0x08006e2d   Thumb Code    92  stm32f10x_flash.o(.text)
    FLASH_GetUserOptionByte                  0x08006e89   Thumb Code     8  stm32f10x_flash.o(.text)
    FLASH_GetWriteProtectionOptionByte       0x08006e91   Thumb Code     6  stm32f10x_flash.o(.text)
    FLASH_GetPrefetchBufferStatus            0x08006e97   Thumb Code    14  stm32f10x_flash.o(.text)
    FLASH_ITConfig                           0x08006ea5   Thumb Code    18  stm32f10x_flash.o(.text)
    FLASH_GetFlagStatus                      0x08006eb7   Thumb Code    28  stm32f10x_flash.o(.text)
    FLASH_ClearFlag                          0x08006ed3   Thumb Code     6  stm32f10x_flash.o(.text)
    FLASH_GetStatus                          0x08006ed9   Thumb Code    34  stm32f10x_flash.o(.text)
    GPIO_DeInit                              0x08006f01   Thumb Code   152  stm32f10x_gpio.o(.text)
    GPIO_AFIODeInit                          0x08006f99   Thumb Code    22  stm32f10x_gpio.o(.text)
    GPIO_Init                                0x08006faf   Thumb Code   164  stm32f10x_gpio.o(.text)
    GPIO_StructInit                          0x08007053   Thumb Code    16  stm32f10x_gpio.o(.text)
    GPIO_ReadInputDataBit                    0x08007063   Thumb Code    14  stm32f10x_gpio.o(.text)
    GPIO_ReadInputData                       0x08007071   Thumb Code     6  stm32f10x_gpio.o(.text)
    GPIO_ReadOutputDataBit                   0x08007077   Thumb Code    14  stm32f10x_gpio.o(.text)
    GPIO_ReadOutputData                      0x08007085   Thumb Code     6  stm32f10x_gpio.o(.text)
    GPIO_SetBits                             0x0800708b   Thumb Code     4  stm32f10x_gpio.o(.text)
    GPIO_ResetBits                           0x0800708f   Thumb Code     4  stm32f10x_gpio.o(.text)
    GPIO_WriteBit                            0x08007093   Thumb Code    10  stm32f10x_gpio.o(.text)
    GPIO_Write                               0x0800709d   Thumb Code     4  stm32f10x_gpio.o(.text)
    GPIO_PinLockConfig                       0x080070a1   Thumb Code    16  stm32f10x_gpio.o(.text)
    GPIO_EventOutputConfig                   0x080070b1   Thumb Code    22  stm32f10x_gpio.o(.text)
    GPIO_EventOutputCmd                      0x080070c7   Thumb Code     6  stm32f10x_gpio.o(.text)
    GPIO_PinRemapConfig                      0x080070cd   Thumb Code    82  stm32f10x_gpio.o(.text)
    GPIO_EXTILineConfig                      0x0800711f   Thumb Code    34  stm32f10x_gpio.o(.text)
    GPIO_ETH_MediaInterfaceConfig            0x08007141   Thumb Code     8  stm32f10x_gpio.o(.text)
    RCC_DeInit                               0x0800716d   Thumb Code    50  stm32f10x_rcc.o(.text)
    RCC_HSEConfig                            0x0800719f   Thumb Code    48  stm32f10x_rcc.o(.text)
    RCC_GetFlagStatus                        0x080071cf   Thumb Code    42  stm32f10x_rcc.o(.text)
    RCC_WaitForHSEStartUp                    0x080071f9   Thumb Code    44  stm32f10x_rcc.o(.text)
    RCC_AdjustHSICalibrationValue            0x08007225   Thumb Code    16  stm32f10x_rcc.o(.text)
    RCC_HSICmd                               0x08007235   Thumb Code     6  stm32f10x_rcc.o(.text)
    RCC_PLLConfig                            0x0800723b   Thumb Code    16  stm32f10x_rcc.o(.text)
    RCC_PLLCmd                               0x0800724b   Thumb Code     6  stm32f10x_rcc.o(.text)
    RCC_SYSCLKConfig                         0x08007251   Thumb Code    14  stm32f10x_rcc.o(.text)
    RCC_GetSYSCLKSource                      0x0800725f   Thumb Code    10  stm32f10x_rcc.o(.text)
    RCC_HCLKConfig                           0x08007269   Thumb Code    14  stm32f10x_rcc.o(.text)
    RCC_PCLK1Config                          0x08007277   Thumb Code    14  stm32f10x_rcc.o(.text)
    RCC_PCLK2Config                          0x08007285   Thumb Code    16  stm32f10x_rcc.o(.text)
    RCC_ITConfig                             0x08007295   Thumb Code    18  stm32f10x_rcc.o(.text)
    RCC_USBCLKConfig                         0x080072a7   Thumb Code     8  stm32f10x_rcc.o(.text)
    RCC_ADCCLKConfig                         0x080072af   Thumb Code    14  stm32f10x_rcc.o(.text)
    RCC_LSEConfig                            0x080072bd   Thumb Code    28  stm32f10x_rcc.o(.text)
    RCC_LSICmd                               0x080072d9   Thumb Code     6  stm32f10x_rcc.o(.text)
    RCC_RTCCLKConfig                         0x080072df   Thumb Code    10  stm32f10x_rcc.o(.text)
    RCC_RTCCLKCmd                            0x080072e9   Thumb Code     8  stm32f10x_rcc.o(.text)
    RCC_GetClocksFreq                        0x080072f1   Thumb Code   128  stm32f10x_rcc.o(.text)
    RCC_AHBPeriphClockCmd                    0x08007371   Thumb Code    18  stm32f10x_rcc.o(.text)
    RCC_APB2PeriphClockCmd                   0x08007383   Thumb Code    18  stm32f10x_rcc.o(.text)
    RCC_APB1PeriphClockCmd                   0x08007395   Thumb Code    18  stm32f10x_rcc.o(.text)
    RCC_APB2PeriphResetCmd                   0x080073a7   Thumb Code    18  stm32f10x_rcc.o(.text)
    RCC_APB1PeriphResetCmd                   0x080073b9   Thumb Code    18  stm32f10x_rcc.o(.text)
    RCC_BackupResetCmd                       0x080073cb   Thumb Code     8  stm32f10x_rcc.o(.text)
    RCC_ClockSecuritySystemCmd               0x080073d3   Thumb Code     6  stm32f10x_rcc.o(.text)
    RCC_MCOConfig                            0x080073d9   Thumb Code     6  stm32f10x_rcc.o(.text)
    RCC_ClearFlag                            0x080073df   Thumb Code    12  stm32f10x_rcc.o(.text)
    RCC_GetITStatus                          0x080073eb   Thumb Code    16  stm32f10x_rcc.o(.text)
    RCC_ClearITPendingBit                    0x080073fb   Thumb Code     6  stm32f10x_rcc.o(.text)
    SPI_I2S_DeInit                           0x08007421   Thumb Code    72  stm32f10x_spi.o(.text)
    SPI_Init                                 0x08007469   Thumb Code    56  stm32f10x_spi.o(.text)
    I2S_Init                                 0x080074a1   Thumb Code   152  stm32f10x_spi.o(.text)
    SPI_StructInit                           0x08007539   Thumb Code    24  stm32f10x_spi.o(.text)
    I2S_StructInit                           0x08007551   Thumb Code    18  stm32f10x_spi.o(.text)
    SPI_Cmd                                  0x08007563   Thumb Code    20  stm32f10x_spi.o(.text)
    I2S_Cmd                                  0x08007577   Thumb Code    20  stm32f10x_spi.o(.text)
    SPI_I2S_ITConfig                         0x0800758b   Thumb Code    24  stm32f10x_spi.o(.text)
    SPI_I2S_DMACmd                           0x080075a3   Thumb Code    16  stm32f10x_spi.o(.text)
    SPI_I2S_SendData                         0x080075b3   Thumb Code     4  stm32f10x_spi.o(.text)
    SPI_I2S_ReceiveData                      0x080075b7   Thumb Code     4  stm32f10x_spi.o(.text)
    SPI_NSSInternalSoftwareConfig            0x080075bb   Thumb Code    24  stm32f10x_spi.o(.text)
    SPI_SSOutputCmd                          0x080075d3   Thumb Code    20  stm32f10x_spi.o(.text)
    SPI_DataSizeConfig                       0x080075e7   Thumb Code    16  stm32f10x_spi.o(.text)
    SPI_TransmitCRC                          0x080075f7   Thumb Code    10  stm32f10x_spi.o(.text)
    SPI_CalculateCRC                         0x08007601   Thumb Code    20  stm32f10x_spi.o(.text)
    SPI_GetCRC                               0x08007615   Thumb Code    12  stm32f10x_spi.o(.text)
    SPI_GetCRCPolynomial                     0x08007621   Thumb Code     4  stm32f10x_spi.o(.text)
    SPI_BiDirectionalLineConfig              0x08007625   Thumb Code    22  stm32f10x_spi.o(.text)
    SPI_I2S_GetFlagStatus                    0x0800763b   Thumb Code    14  stm32f10x_spi.o(.text)
    SPI_I2S_ClearFlag                        0x08007649   Thumb Code     6  stm32f10x_spi.o(.text)
    SPI_I2S_GetITStatus                      0x0800764f   Thumb Code    42  stm32f10x_spi.o(.text)
    SPI_I2S_ClearITPendingBit                0x08007679   Thumb Code    14  stm32f10x_spi.o(.text)
    USART_DeInit                             0x08007695   Thumb Code    96  stm32f10x_usart.o(.text)
    USART_Init                               0x080076f5   Thumb Code   166  stm32f10x_usart.o(.text)
    USART_StructInit                         0x0800779b   Thumb Code    22  stm32f10x_usart.o(.text)
    USART_ClockInit                          0x080077b1   Thumb Code    30  stm32f10x_usart.o(.text)
    USART_ClockStructInit                    0x080077cf   Thumb Code    12  stm32f10x_usart.o(.text)
    USART_Cmd                                0x080077db   Thumb Code    20  stm32f10x_usart.o(.text)
    USART_ITConfig                           0x080077ef   Thumb Code    48  stm32f10x_usart.o(.text)
    USART_DMACmd                             0x0800781f   Thumb Code    16  stm32f10x_usart.o(.text)
    USART_SetAddress                         0x0800782f   Thumb Code    16  stm32f10x_usart.o(.text)
    USART_WakeUpConfig                       0x0800783f   Thumb Code    16  stm32f10x_usart.o(.text)
    USART_ReceiverWakeUpCmd                  0x0800784f   Thumb Code    20  stm32f10x_usart.o(.text)
    USART_LINBreakDetectLengthConfig         0x08007863   Thumb Code    16  stm32f10x_usart.o(.text)
    USART_LINCmd                             0x08007873   Thumb Code    20  stm32f10x_usart.o(.text)
    USART_SendData                           0x08007887   Thumb Code     8  stm32f10x_usart.o(.text)
    USART_ReceiveData                        0x0800788f   Thumb Code     8  stm32f10x_usart.o(.text)
    USART_SendBreak                          0x08007897   Thumb Code    10  stm32f10x_usart.o(.text)
    USART_SetGuardTime                       0x080078a1   Thumb Code    16  stm32f10x_usart.o(.text)
    USART_SetPrescaler                       0x080078b1   Thumb Code    16  stm32f10x_usart.o(.text)
    USART_SmartCardCmd                       0x080078c1   Thumb Code    20  stm32f10x_usart.o(.text)
    USART_SmartCardNACKCmd                   0x080078d5   Thumb Code    20  stm32f10x_usart.o(.text)
    USART_HalfDuplexCmd                      0x080078e9   Thumb Code    20  stm32f10x_usart.o(.text)
    USART_OverSampling8Cmd                   0x080078fd   Thumb Code    20  stm32f10x_usart.o(.text)
    USART_OneBitMethodCmd                    0x08007911   Thumb Code    20  stm32f10x_usart.o(.text)
    USART_IrDAConfig                         0x08007925   Thumb Code    16  stm32f10x_usart.o(.text)
    USART_IrDACmd                            0x08007935   Thumb Code    20  stm32f10x_usart.o(.text)
    USART_GetFlagStatus                      0x08007949   Thumb Code    14  stm32f10x_usart.o(.text)
    USART_ClearFlag                          0x08007957   Thumb Code     6  stm32f10x_usart.o(.text)
    USART_GetITStatus                        0x0800795d   Thumb Code    62  stm32f10x_usart.o(.text)
    USART_ClearITPendingBit                  0x0800799b   Thumb Code    12  stm32f10x_usart.o(.text)
    Reset_Handler                            0x080079bd   Thumb Code     8  startup_stm32f10x_md.o(.text)
    ADC1_2_IRQHandler                        0x080079d7   Thumb Code     0  startup_stm32f10x_md.o(.text)
    CAN1_RX1_IRQHandler                      0x080079d7   Thumb Code     0  startup_stm32f10x_md.o(.text)
    CAN1_SCE_IRQHandler                      0x080079d7   Thumb Code     0  startup_stm32f10x_md.o(.text)
    DMA1_Channel1_IRQHandler                 0x080079d7   Thumb Code     0  startup_stm32f10x_md.o(.text)
    DMA1_Channel2_IRQHandler                 0x080079d7   Thumb Code     0  startup_stm32f10x_md.o(.text)
    DMA1_Channel3_IRQHandler                 0x080079d7   Thumb Code     0  startup_stm32f10x_md.o(.text)
    DMA1_Channel4_IRQHandler                 0x080079d7   Thumb Code     0  startup_stm32f10x_md.o(.text)
    DMA1_Channel5_IRQHandler                 0x080079d7   Thumb Code     0  startup_stm32f10x_md.o(.text)
    DMA1_Channel6_IRQHandler                 0x080079d7   Thumb Code     0  startup_stm32f10x_md.o(.text)
    DMA1_Channel7_IRQHandler                 0x080079d7   Thumb Code     0  startup_stm32f10x_md.o(.text)
    EXTI1_IRQHandler                         0x080079d7   Thumb Code     0  startup_stm32f10x_md.o(.text)
    EXTI2_IRQHandler                         0x080079d7   Thumb Code     0  startup_stm32f10x_md.o(.text)
    EXTI4_IRQHandler                         0x080079d7   Thumb Code     0  startup_stm32f10x_md.o(.text)
    FLASH_IRQHandler                         0x080079d7   Thumb Code     0  startup_stm32f10x_md.o(.text)
    I2C1_ER_IRQHandler                       0x080079d7   Thumb Code     0  startup_stm32f10x_md.o(.text)
    I2C1_EV_IRQHandler                       0x080079d7   Thumb Code     0  startup_stm32f10x_md.o(.text)
    I2C2_ER_IRQHandler                       0x080079d7   Thumb Code     0  startup_stm32f10x_md.o(.text)
    I2C2_EV_IRQHandler                       0x080079d7   Thumb Code     0  startup_stm32f10x_md.o(.text)
    PVD_IRQHandler                           0x080079d7   Thumb Code     0  startup_stm32f10x_md.o(.text)
    RCC_IRQHandler                           0x080079d7   Thumb Code     0  startup_stm32f10x_md.o(.text)
    RTCAlarm_IRQHandler                      0x080079d7   Thumb Code     0  startup_stm32f10x_md.o(.text)
    RTC_IRQHandler                           0x080079d7   Thumb Code     0  startup_stm32f10x_md.o(.text)
    SPI1_IRQHandler                          0x080079d7   Thumb Code     0  startup_stm32f10x_md.o(.text)
    SPI2_IRQHandler                          0x080079d7   Thumb Code     0  startup_stm32f10x_md.o(.text)
    TAMPER_IRQHandler                        0x080079d7   Thumb Code     0  startup_stm32f10x_md.o(.text)
    TIM1_BRK_IRQHandler                      0x080079d7   Thumb Code     0  startup_stm32f10x_md.o(.text)
    TIM1_CC_IRQHandler                       0x080079d7   Thumb Code     0  startup_stm32f10x_md.o(.text)
    TIM1_TRG_COM_IRQHandler                  0x080079d7   Thumb Code     0  startup_stm32f10x_md.o(.text)
    TIM1_UP_IRQHandler                       0x080079d7   Thumb Code     0  startup_stm32f10x_md.o(.text)
    TIM2_IRQHandler                          0x080079d7   Thumb Code     0  startup_stm32f10x_md.o(.text)
    TIM3_IRQHandler                          0x080079d7   Thumb Code     0  startup_stm32f10x_md.o(.text)
    TIM4_IRQHandler                          0x080079d7   Thumb Code     0  startup_stm32f10x_md.o(.text)
    USART2_IRQHandler                        0x080079d7   Thumb Code     0  startup_stm32f10x_md.o(.text)
    USART3_IRQHandler                        0x080079d7   Thumb Code     0  startup_stm32f10x_md.o(.text)
    USB_HP_CAN1_TX_IRQHandler                0x080079d7   Thumb Code     0  startup_stm32f10x_md.o(.text)
    WWDG_IRQHandler                          0x080079d7   Thumb Code     0  startup_stm32f10x_md.o(.text)
    __user_initial_stackheap                 0x080079d9   Thumb Code     0  startup_stm32f10x_md.o(.text)
    SystemInit                               0x08007a9d   Thumb Code    64  system_stm32f10x.o(.text)
    SystemCoreClockUpdate                    0x08007add   Thumb Code    84  system_stm32f10x.o(.text)
    __use_no_semihosting                     0x08007b51   Thumb Code     2  use_no_semi_2.o(.text)
    __2printf                                0x08007b55   Thumb Code    20  __2printf.o(.text)
    __2sprintf                               0x08007b6d   Thumb Code    38  __2sprintf.o(.text)
    _printf_pre_padding                      0x08007b99   Thumb Code    44  _printf_pad.o(.text)
    _printf_post_padding                     0x08007bc5   Thumb Code    34  _printf_pad.o(.text)
    _printf_str                              0x08007be7   Thumb Code    82  _printf_str.o(.text)
    _printf_int_dec                          0x08007c39   Thumb Code   104  _printf_dec.o(.text)
    _printf_int_hex                          0x08007cb1   Thumb Code    84  _printf_hex_int.o(.text)
    _printf_longlong_hex                     0x08007cb1   Thumb Code     0  _printf_hex_int.o(.text)
    __printf                                 0x08007d09   Thumb Code   308  __printf_flags_wp.o(.text)
    __aeabi_memcpy                           0x08007e41   Thumb Code     0  rt_memcpy_v6.o(.text)
    __rt_memcpy                              0x08007e41   Thumb Code   138  rt_memcpy_v6.o(.text)
    _memcpy_lastbytes                        0x08007ea7   Thumb Code     0  rt_memcpy_v6.o(.text)
    __aeabi_memcpy4                          0x08007ecb   Thumb Code     0  rt_memcpy_w.o(.text)
    __aeabi_memcpy8                          0x08007ecb   Thumb Code     0  rt_memcpy_w.o(.text)
    __rt_memcpy_w                            0x08007ecb   Thumb Code   100  rt_memcpy_w.o(.text)
    _memcpy_lastbytes_aligned                0x08007f13   Thumb Code     0  rt_memcpy_w.o(.text)
    __aeabi_memclr4                          0x08007f2f   Thumb Code     0  rt_memclr_w.o(.text)
    __aeabi_memclr8                          0x08007f2f   Thumb Code     0  rt_memclr_w.o(.text)
    __rt_memclr_w                            0x08007f2f   Thumb Code    78  rt_memclr_w.o(.text)
    _memset_w                                0x08007f33   Thumb Code     0  rt_memclr_w.o(.text)
    __use_two_region_memory                  0x08007f7d   Thumb Code     2  heapauxi.o(.text)
    __rt_heap_escrow$2region                 0x08007f7f   Thumb Code     2  heapauxi.o(.text)
    __rt_heap_expand$2region                 0x08007f81   Thumb Code     2  heapauxi.o(.text)
    __I$use$semihosting                      0x08007f83   Thumb Code     0  use_no_semi.o(.text)
    __use_no_semihosting_swi                 0x08007f83   Thumb Code     2  use_no_semi.o(.text)
    _printf_int_common                       0x08007f85   Thumb Code   178  _printf_intcommon.o(.text)
    _printf_char_common                      0x08008043   Thumb Code    32  _printf_char_common.o(.text)
    _sputc                                   0x08008069   Thumb Code    10  _sputc.o(.text)
    _printf_cs_common                        0x08008073   Thumb Code    20  _printf_char.o(.text)
    _printf_char                             0x08008087   Thumb Code    16  _printf_char.o(.text)
    _printf_string                           0x08008097   Thumb Code     8  _printf_char.o(.text)
    _printf_char_file                        0x080080a1   Thumb Code    32  _printf_char_file.o(.text)
    ferror                                   0x080080c5   Thumb Code     8  ferror.o(.text)
    __user_setup_stackheap                   0x080080cd   Thumb Code    74  sys_stackheap_outer.o(.text)
    exit                                     0x08008117   Thumb Code    18  exit.o(.text)
    __user_libspace                          0x08008129   Thumb Code     8  libspace.o(.text)
    __user_perproc_libspace                  0x08008129   Thumb Code     0  libspace.o(.text)
    __user_perthread_libspace                0x08008129   Thumb Code     0  libspace.o(.text)
    _is_digit                                0x08008131   Thumb Code    14  __printf_wp.o(i._is_digit)
    ceil                                     0x08008141   Thumb Code   204  ceil.o(i.ceil)
    __aeabi_d2f                              0x0800821d   Thumb Code     0  d2f.o(x$fpl$d2f)
    _d2f                                     0x0800821d   Thumb Code    98  d2f.o(x$fpl$d2f)
    __aeabi_dadd                             0x08008281   Thumb Code     0  daddsub_clz.o(x$fpl$dadd)
    _dadd                                    0x08008281   Thumb Code   332  daddsub_clz.o(x$fpl$dadd)
    __fpl_dcheck_NaN1                        0x080083d1   Thumb Code    10  dcheck1.o(x$fpl$dcheck1)
    __fpl_dcmp_Inf                           0x080083e1   Thumb Code    24  dcmpi.o(x$fpl$dcmpinf)
    __aeabi_ddiv                             0x080083f9   Thumb Code     0  ddiv.o(x$fpl$ddiv)
    _ddiv                                    0x080083f9   Thumb Code   552  ddiv.o(x$fpl$ddiv)
    __aeabi_d2iz                             0x080086a9   Thumb Code     0  dfix.o(x$fpl$dfix)
    _dfix                                    0x080086a9   Thumb Code    94  dfix.o(x$fpl$dfix)
    __aeabi_i2d                              0x08008707   Thumb Code     0  dflt_clz.o(x$fpl$dflt)
    _dflt                                    0x08008707   Thumb Code    46  dflt_clz.o(x$fpl$dflt)
    __aeabi_l2d                              0x08008735   Thumb Code     0  dfltll_clz.o(x$fpl$dfltll)
    _ll_sto_d                                0x08008735   Thumb Code   162  dfltll_clz.o(x$fpl$dfltll)
    __aeabi_ui2d                             0x080087d7   Thumb Code     0  dflt_clz.o(x$fpl$dfltu)
    _dfltu                                   0x080087d7   Thumb Code    38  dflt_clz.o(x$fpl$dfltu)
    __aeabi_cdcmple                          0x080087fd   Thumb Code     0  dleqf.o(x$fpl$dleqf)
    _dcmple                                  0x080087fd   Thumb Code   120  dleqf.o(x$fpl$dleqf)
    __fpl_dcmple_InfNaN                      0x0800885f   Thumb Code     0  dleqf.o(x$fpl$dleqf)
    __aeabi_dmul                             0x08008875   Thumb Code     0  dmul.o(x$fpl$dmul)
    _dmul                                    0x08008875   Thumb Code   332  dmul.o(x$fpl$dmul)
    __fpl_dnaninf                            0x080089c9   Thumb Code   156  dnaninf.o(x$fpl$dnaninf)
    __fpl_dretinf                            0x08008a65   Thumb Code    12  dretinf.o(x$fpl$dretinf)
    __aeabi_cdrcmple                         0x08008a71   Thumb Code     0  drleqf.o(x$fpl$drleqf)
    _drcmple                                 0x08008a71   Thumb Code   108  drleqf.o(x$fpl$drleqf)
    __aeabi_drsub                            0x08008add   Thumb Code     0  daddsub_clz.o(x$fpl$drsb)
    _drsb                                    0x08008add   Thumb Code    22  daddsub_clz.o(x$fpl$drsb)
    __aeabi_dsub                             0x08008af5   Thumb Code     0  daddsub_clz.o(x$fpl$dsub)
    _dsub                                    0x08008af5   Thumb Code   464  daddsub_clz.o(x$fpl$dsub)
    __aeabi_f2d                              0x08008cc9   Thumb Code     0  f2d.o(x$fpl$f2d)
    _f2d                                     0x08008cc9   Thumb Code    86  f2d.o(x$fpl$f2d)
    __aeabi_fadd                             0x08008d21   Thumb Code     0  faddsub_clz.o(x$fpl$fadd)
    _fadd                                    0x08008d21   Thumb Code   196  faddsub_clz.o(x$fpl$fadd)
    __fpl_fcheck_NaN1                        0x08008de5   Thumb Code     6  fcheck1.o(x$fpl$fcheck1)
    __aeabi_fdiv                             0x08008df1   Thumb Code     0  fdiv.o(x$fpl$fdiv)
    _fdiv                                    0x08008df1   Thumb Code   384  fdiv.o(x$fpl$fdiv)
    __aeabi_i2f                              0x08008f75   Thumb Code     0  fflt_clz.o(x$fpl$fflt)
    _fflt                                    0x08008f75   Thumb Code    48  fflt_clz.o(x$fpl$fflt)
    __aeabi_fmul                             0x08008fa5   Thumb Code     0  fmul.o(x$fpl$fmul)
    _fmul                                    0x08008fa5   Thumb Code   258  fmul.o(x$fpl$fmul)
    __fpl_fnaninf                            0x080090a7   Thumb Code   140  fnaninf.o(x$fpl$fnaninf)
    __fpl_fretinf                            0x08009133   Thumb Code    10  fretinf.o(x$fpl$fretinf)
    __aeabi_fsub                             0x0800913d   Thumb Code     0  faddsub_clz.o(x$fpl$fsub)
    _fsub                                    0x0800913d   Thumb Code   234  faddsub_clz.o(x$fpl$fsub)
    __aeabi_d2ulz                            0x08009229   Thumb Code     0  dfixull.o(x$fpl$llufromd)
    _ll_ufrom_d                              0x08009229   Thumb Code   120  dfixull.o(x$fpl$llufromd)
    __fpl_return_NaN                         0x080092a1   Thumb Code   100  retnan.o(x$fpl$retnan)
    __ARM_scalbn                             0x08009305   Thumb Code    92  scalbn.o(x$fpl$scalbn)
    __ARM_scalbnf                            0x08009361   Thumb Code    76  scalbnf.o(x$fpl$scalbnf)
    __fpl_cmpreturn                          0x080093ad   Thumb Code    48  trapv.o(x$fpl$trapveneer)
    __I$use$fp                               0x080093dc   Number         0  usenofp.o(x$fpl$usenofp)
    txSpectrumConfig                         0x080093dc   Data          96  instance_calib.o(.constdata)
    rfDelays                                 0x0800943c   Data           4  instance_calib.o(.constdata)
    rfDelaysTREK                             0x08009440   Data           4  instance_calib.o(.constdata)
    chan_idx                                 0x08009444   Data           8  deca_params_init.o(.constdata)
    tx_config                                0x0800944c   Data          24  deca_params_init.o(.constdata)
    pll2_config                              0x08009464   Data          30  deca_params_init.o(.constdata)
    pll2calcfg                               0x08009482   Data           1  deca_params_init.o(.constdata)
    rx_config                                0x08009483   Data           2  deca_params_init.o(.constdata)
    agc_config                               0x08009488   Data           8  deca_params_init.o(.constdata)
    dwnsSFDlen                               0x08009490   Data           3  deca_params_init.o(.constdata)
    sftsh                                    0x08009494   Data          12  deca_params_init.o(.constdata)
    dtune1                                   0x080094a0   Data           4  deca_params_init.o(.constdata)
    digital_bb_config                        0x080094a4   Data          32  deca_params_init.o(.constdata)
    lde_replicaCoeff                         0x080094c4   Data          50  deca_params_init.o(.constdata)
    chan_idxnb                               0x080094f6   Data           8  deca_range_tables.o(.constdata)
    chan_idxwb                               0x080094fe   Data           8  deca_range_tables.o(.constdata)
    range25cm16PRFnb                         0x08009506   Data         148  deca_range_tables.o(.constdata)
    range25cm16PRFwb                         0x0800959a   Data         136  deca_range_tables.o(.constdata)
    range25cm64PRFnb                         0x08009622   Data         104  deca_range_tables.o(.constdata)
    range25cm64PRFwb                         0x0800968a   Data         118  deca_range_tables.o(.constdata)
    Virtual_Com_Port_DeviceDescriptor        0x08009700   Data          18  usb_desc.o(.constdata)
    Virtual_Com_Port_ConfigDescriptor        0x08009712   Data          67  usb_desc.o(.constdata)
    Virtual_Com_Port_StringLangID            0x08009755   Data           4  usb_desc.o(.constdata)
    Virtual_Com_Port_StringVendor            0x08009759   Data          24  usb_desc.o(.constdata)
    Virtual_Com_Port_StringProduct           0x08009771   Data          38  usb_desc.o(.constdata)
    Region$$Table$$Base                      0x080099b8   Number         0  anon$$obj.o(Region$$Table)
    Region$$Table$$Limit                     0x080099d8   Number         0  anon$$obj.o(Region$$Table)
    status_idx                               0x20000000   Data           4  deca_device.o(.data)
    buff_version                             0x20000004   Data          19  device_info.o(.data)
    s1switch                                 0x20000018   Data           1  main.o(.data)
    sendTWRRawReports                        0x20000019   Data           1  main.o(.data)
    instance_anchaddr                        0x2000001c   Data           4  main.o(.data)
    dr_mode                                  0x20000020   Data           4  main.o(.data)
    instance_mode                            0x20000024   Data           4  main.o(.data)
    pauseTWRReports                          0x20000028   Data           4  main.o(.data)
    chan                                     0x2000002c   Data           4  main.o(.data)
    chConfig                                 0x20000030   Data          40  main.o(.data)
    sfConfig                                 0x20000058   Data          40  main.o(.data)
    time32_incr                              0x20000080   Data           4  stm32f10x_it.o(.data)
    EXTI_InitStructure                       0x20000084   Data           8  hw_config.o(.data)
    Virtual_Com_Port_StringSerial            0x2000008c   Data          38  usb_desc.o(.data)
    bIntPackSOF                              0x200000bc   Data           1  usb_istr.o(.data)
    wIstr                                    0x200000be   Data           2  usb_istr.o(.data)
    esof_counter                             0x200000c0   Data           4  usb_istr.o(.data)
    wCNTR                                    0x200000c4   Data           4  usb_istr.o(.data)
    pEpInt_IN                                0x200000c8   Data          28  usb_istr.o(.data)
    pEpInt_OUT                               0x200000e4   Data          28  usb_istr.o(.data)
    Request                                  0x20000100   Data           1  usb_prop.o(.data)
    linecoding                               0x20000104   Data           8  usb_prop.o(.data)
    Device_Descriptor                        0x2000010c   Data           8  usb_prop.o(.data)
    Config_Descriptor                        0x20000114   Data           8  usb_prop.o(.data)
    Device_Property                          0x2000011c   Data          48  usb_prop.o(.data)
    String_Descriptor                        0x2000014c   Data          32  usb_prop.o(.data)
    Device_Table                             0x2000016c   Data           2  usb_prop.o(.data)
    User_Standard_Requests                   0x20000170   Data          36  usb_prop.o(.data)
    bDeviceState                             0x20000194   Data           4  usb_pwr.o(.data)
    fSuspendEnabled                          0x20000198   Data           1  usb_pwr.o(.data)
    ResumeS                                  0x2000019c   Data           2  usb_pwr.o(.data)
    remotewakeupon                           0x200001a0   Data           4  usb_pwr.o(.data)
    Data_Mul_MaxPacketSize                   0x200001a4   Data           1  usb_core.o(.data)
    StatusInfo                               0x200001a6   Data           2  usb_core.o(.data)
    EPindex                                  0x200001a8   Data           1  usb_init.o(.data)
    pInformation                             0x200001ac   Data           4  usb_init.o(.data)
    pProperty                                0x200001b0   Data           4  usb_init.o(.data)
    pUser_Standard_Requests                  0x200001b4   Data           4  usb_init.o(.data)
    wInterrupt_Mask                          0x200001b8   Data           2  usb_init.o(.data)
    SaveRState                               0x200001ba   Data           2  usb_int.o(.data)
    SaveTState                               0x200001bc   Data           2  usb_int.o(.data)
    len                                      0x200001c2   Data           1  usart.o(.data)
    USART_RX_STA                             0x200001c4   Data           2  usart.o(.data)
    __stdout                                 0x200001c8   Data           4  usart.o(.data)
    DMA1_MEM_LEN                             0x200001cc   Data           2  dma.o(.data)
    SystemCoreClock                          0x200001e4   Data           4  system_stm32f10x.o(.data)
    AHBPrescTable                            0x200001e8   Data          16  system_stm32f10x.o(.data)
    inst_tdist                               0x200001f8   Data          64  instance_common.o(.bss)
    inst_idist                               0x20000238   Data          32  instance_common.o(.bss)
    inst_idistraw                            0x20000258   Data          32  instance_common.o(.bss)
    instance_data                            0x20000278   Data        1792  instance_common.o(.bss)
    dw_event_g                               0x20000978   Data         160  instance_common.o(.bss)
    last_status                              0x20000aa8   Data          40  deca_device.o(.bss)
    buff_sn                                  0x20000ad0   Data          41  device_info.o(.bss)
    sys_para                                 0x20000afa   Data          22  device_info.o(.bss)
    FLAH_BUFF0                               0x20000b10   Data          32  device_info.o(.bss)
    SendBuff                                 0x20000b30   Data         130  main.o(.bss)
    USB_RxBuff                               0x20000bb2   Data          30  main.o(.bss)
    STMFLASH_BUF                             0x20000bd0   Data        1024  stmflash.o(.bss)
    EP                                       0x20001a70   Data          32  usb_pwr.o(.bss)
    Device_Info                              0x20001a90   Data          28  usb_init.o(.bss)
    USART_RX_BUF                             0x20001aac   Data         200  usart.o(.bss)
    DMA_InitStructure                        0x20001b74   Data          44  dma.o(.bss)
    __libspace_start                         0x20001ba0   Data          96  libspace.o(.bss)
    __temporary_stack_top$libspace           0x20001c00   Data           0  libspace.o(.bss)



==============================================================================

Memory Map of the image

  Image Entry point : 0x080000ed

  Load Region LR_IROM1 (Base: 0x08000000, Size: 0x00009bd0, Max: 0x00010000, ABSOLUTE, COMPRESSED[0x00009ac8])

    Execution Region ER_IROM1 (Base: 0x08000000, Size: 0x000099d8, Max: 0x00010000, ABSOLUTE)

    Base Addr    Size         Type   Attr      Idx    E Section Name        Object

    0x08000000   0x000000ec   Data   RO          947    RESET               startup_stm32f10x_md.o
    0x080000ec   0x00000008   Code   RO         1043  * !!!main             c_w.l(__main.o)
    0x080000f4   0x00000034   Code   RO         1300    !!!scatter          c_w.l(__scatter.o)
    0x08000128   0x0000005a   Code   RO         1298    !!dczerorl2         c_w.l(__dczerorl2.o)
    0x08000182   0x00000002   PAD
    0x08000184   0x0000001c   Code   RO         1302    !!handler_zi        c_w.l(__scatter_zi.o)
    0x080001a0   0x00000000   Code   RO         1034    .ARM.Collect$$_printf_percent$$00000000  c_w.l(_printf_percent.o)
    0x080001a0   0x00000006   Code   RO         1033    .ARM.Collect$$_printf_percent$$00000009  c_w.l(_printf_d.o)
    0x080001a6   0x00000006   Code   RO         1032    .ARM.Collect$$_printf_percent$$0000000C  c_w.l(_printf_x.o)
    0x080001ac   0x00000006   Code   RO         1031    .ARM.Collect$$_printf_percent$$00000013  c_w.l(_printf_c.o)
    0x080001b2   0x00000004   Code   RO         1122    .ARM.Collect$$_printf_percent$$00000017  c_w.l(_printf_percent_end.o)
    0x080001b6   0x00000002   Code   RO         1170    .ARM.Collect$$libinit$$00000000  c_w.l(libinit.o)
    0x080001b8   0x00000000   Code   RO         1179    .ARM.Collect$$libinit$$00000002  c_w.l(libinit2.o)
    0x080001b8   0x00000000   Code   RO         1181    .ARM.Collect$$libinit$$00000004  c_w.l(libinit2.o)
    0x080001b8   0x00000000   Code   RO         1184    .ARM.Collect$$libinit$$0000000A  c_w.l(libinit2.o)
    0x080001b8   0x00000000   Code   RO         1186    .ARM.Collect$$libinit$$0000000C  c_w.l(libinit2.o)
    0x080001b8   0x00000000   Code   RO         1188    .ARM.Collect$$libinit$$0000000E  c_w.l(libinit2.o)
    0x080001b8   0x00000000   Code   RO         1191    .ARM.Collect$$libinit$$00000011  c_w.l(libinit2.o)
    0x080001b8   0x00000000   Code   RO         1193    .ARM.Collect$$libinit$$00000013  c_w.l(libinit2.o)
    0x080001b8   0x00000000   Code   RO         1195    .ARM.Collect$$libinit$$00000015  c_w.l(libinit2.o)
    0x080001b8   0x00000000   Code   RO         1197    .ARM.Collect$$libinit$$00000017  c_w.l(libinit2.o)
    0x080001b8   0x00000000   Code   RO         1199    .ARM.Collect$$libinit$$00000019  c_w.l(libinit2.o)
    0x080001b8   0x00000000   Code   RO         1201    .ARM.Collect$$libinit$$0000001B  c_w.l(libinit2.o)
    0x080001b8   0x00000000   Code   RO         1203    .ARM.Collect$$libinit$$0000001D  c_w.l(libinit2.o)
    0x080001b8   0x00000000   Code   RO         1205    .ARM.Collect$$libinit$$0000001F  c_w.l(libinit2.o)
    0x080001b8   0x00000000   Code   RO         1207    .ARM.Collect$$libinit$$00000021  c_w.l(libinit2.o)
    0x080001b8   0x00000000   Code   RO         1209    .ARM.Collect$$libinit$$00000023  c_w.l(libinit2.o)
    0x080001b8   0x00000000   Code   RO         1211    .ARM.Collect$$libinit$$00000025  c_w.l(libinit2.o)
    0x080001b8   0x00000000   Code   RO         1215    .ARM.Collect$$libinit$$0000002C  c_w.l(libinit2.o)
    0x080001b8   0x00000000   Code   RO         1217    .ARM.Collect$$libinit$$0000002E  c_w.l(libinit2.o)
    0x080001b8   0x00000000   Code   RO         1219    .ARM.Collect$$libinit$$00000030  c_w.l(libinit2.o)
    0x080001b8   0x00000000   Code   RO         1221    .ARM.Collect$$libinit$$00000032  c_w.l(libinit2.o)
    0x080001b8   0x00000002   Code   RO         1222    .ARM.Collect$$libinit$$00000033  c_w.l(libinit2.o)
    0x080001ba   0x00000002   Code   RO         1240    .ARM.Collect$$libshutdown$$00000000  c_w.l(libshutdown.o)
    0x080001bc   0x00000000   Code   RO         1250    .ARM.Collect$$libshutdown$$00000002  c_w.l(libshutdown2.o)
    0x080001bc   0x00000000   Code   RO         1252    .ARM.Collect$$libshutdown$$00000004  c_w.l(libshutdown2.o)
    0x080001bc   0x00000000   Code   RO         1255    .ARM.Collect$$libshutdown$$00000007  c_w.l(libshutdown2.o)
    0x080001bc   0x00000000   Code   RO         1258    .ARM.Collect$$libshutdown$$0000000A  c_w.l(libshutdown2.o)
    0x080001bc   0x00000000   Code   RO         1260    .ARM.Collect$$libshutdown$$0000000C  c_w.l(libshutdown2.o)
    0x080001bc   0x00000000   Code   RO         1263    .ARM.Collect$$libshutdown$$0000000F  c_w.l(libshutdown2.o)
    0x080001bc   0x00000002   Code   RO         1264    .ARM.Collect$$libshutdown$$00000010  c_w.l(libshutdown2.o)
    0x080001be   0x00000000   Code   RO         1111    .ARM.Collect$$rtentry$$00000000  c_w.l(__rtentry.o)
    0x080001be   0x00000000   Code   RO         1139    .ARM.Collect$$rtentry$$00000002  c_w.l(__rtentry2.o)
    0x080001be   0x00000006   Code   RO         1151    .ARM.Collect$$rtentry$$00000004  c_w.l(__rtentry4.o)
    0x080001c4   0x00000000   Code   RO         1141    .ARM.Collect$$rtentry$$00000009  c_w.l(__rtentry2.o)
    0x080001c4   0x00000004   Code   RO         1142    .ARM.Collect$$rtentry$$0000000A  c_w.l(__rtentry2.o)
    0x080001c8   0x00000000   Code   RO         1144    .ARM.Collect$$rtentry$$0000000C  c_w.l(__rtentry2.o)
    0x080001c8   0x00000008   Code   RO         1145    .ARM.Collect$$rtentry$$0000000D  c_w.l(__rtentry2.o)
    0x080001d0   0x00000002   Code   RO         1176    .ARM.Collect$$rtexit$$00000000  c_w.l(rtexit.o)
    0x080001d2   0x00000000   Code   RO         1224    .ARM.Collect$$rtexit$$00000002  c_w.l(rtexit2.o)
    0x080001d2   0x00000004   Code   RO         1225    .ARM.Collect$$rtexit$$00000003  c_w.l(rtexit2.o)
    0x080001d6   0x00000006   Code   RO         1226    .ARM.Collect$$rtexit$$00000004  c_w.l(rtexit2.o)
    0x080001dc   0x00000c10   Code   RO            1    .text               instance.o
    0x08000dec   0x00000040   Code   RO          159    .text               instance_calib.o
    0x08000e2c   0x00001150   Code   RO          181    .text               instance_common.o
    0x08001f7c   0x00001820   Code   RO          205    .text               deca_device.o
    0x0800379c   0x000000d8   Code   RO          261    .text               deca_range_tables.o
    0x08003874   0x0000002c   Code   RO          280    .text               deca_mutex.o
    0x080038a0   0x000000e0   Code   RO          292    .text               deca_spi.o
    0x08003980   0x00000110   Code   RO          304    .text               device_info.o
    0x08003a90   0x000007b0   Code   RO          327    .text               main.o
    0x08004240   0x00000060   Code   RO          382    .text               stm32f10x_it.o
    0x080042a0   0x0000008c   Code   RO          426    .text               led.o
    0x0800432c   0x00000390   Code   RO          438    .text               port.o
    0x080046bc   0x00000118   Code   RO          455    .text               stmflash.o
    0x080047d4   0x0000019c   Code   RO          471    .text               hw_config.o
    0x08004970   0x000000b4   Code   RO          551    .text               usb_endp.o
    0x08004a24   0x00000150   Code   RO          569    .text               usb_istr.o
    0x08004b74   0x0000000c   Code   RO          589    .text               usb_it.o
    0x08004b80   0x000001f4   Code   RO          601    .text               usb_prop.o
    0x08004d74   0x000001b0   Code   RO          626    .text               usb_pwr.o
    0x08004f24   0x000007c8   Code   RO          648    .text               usb_core.o
    0x080056ec   0x00000028   Code   RO          664    .text               usb_init.o
    0x08005714   0x000001c4   Code   RO          690    .text               usb_int.o
    0x080058d8   0x00000048   Code   RO          714    .text               usb_mem.o
    0x08005920   0x000006b0   Code   RO          726    .text               usb_regs.o
    0x08005fd0   0x0000006c   Code   RO          739    .text               usb_sil.o
    0x0800603c   0x000000ac   Code   RO          751    .text               delay.o
    0x080060e8   0x000001ec   Code   RO          782    .text               usart.o
    0x080062d4   0x00000078   Code   RO          812    .text               dma.o
    0x0800634c   0x000003d6   Code   RO          828    .text               queue.o
    0x08006722   0x00000002   PAD
    0x08006724   0x000000b0   Code   RO          846    .text               misc.o
    0x080067d4   0x000001c8   Code   RO          858    .text               stm32f10x_dma.o
    0x0800699c   0x000000e8   Code   RO          870    .text               stm32f10x_exti.o
    0x08006a84   0x0000047c   Code   RO          882    .text               stm32f10x_flash.o
    0x08006f00   0x0000026c   Code   RO          895    .text               stm32f10x_gpio.o
    0x0800716c   0x000002b4   Code   RO          907    .text               stm32f10x_rcc.o
    0x08007420   0x00000274   Code   RO          921    .text               stm32f10x_spi.o
    0x08007694   0x00000328   Code   RO          933    .text               stm32f10x_usart.o
    0x080079bc   0x00000040   Code   RO          948    .text               startup_stm32f10x_md.o
    0x080079fc   0x00000154   Code   RO          952    .text               system_stm32f10x.o
    0x08007b50   0x00000002   Code   RO          972    .text               c_w.l(use_no_semi_2.o)
    0x08007b52   0x00000002   PAD
    0x08007b54   0x00000018   Code   RO          974    .text               c_w.l(__2printf.o)
    0x08007b6c   0x0000002c   Code   RO          976    .text               c_w.l(__2sprintf.o)
    0x08007b98   0x0000004e   Code   RO          984    .text               c_w.l(_printf_pad.o)
    0x08007be6   0x00000052   Code   RO          986    .text               c_w.l(_printf_str.o)
    0x08007c38   0x00000078   Code   RO          988    .text               c_w.l(_printf_dec.o)
    0x08007cb0   0x00000058   Code   RO          993    .text               c_w.l(_printf_hex_int.o)
    0x08007d08   0x00000138   Code   RO         1023    .text               c_w.l(__printf_flags_wp.o)
    0x08007e40   0x0000008a   Code   RO         1035    .text               c_w.l(rt_memcpy_v6.o)
    0x08007eca   0x00000064   Code   RO         1037    .text               c_w.l(rt_memcpy_w.o)
    0x08007f2e   0x0000004e   Code   RO         1039    .text               c_w.l(rt_memclr_w.o)
    0x08007f7c   0x00000006   Code   RO         1041    .text               c_w.l(heapauxi.o)
    0x08007f82   0x00000002   Code   RO         1109    .text               c_w.l(use_no_semi.o)
    0x08007f84   0x000000b2   Code   RO         1112    .text               c_w.l(_printf_intcommon.o)
    0x08008036   0x00000002   PAD
    0x08008038   0x00000030   Code   RO         1114    .text               c_w.l(_printf_char_common.o)
    0x08008068   0x0000000a   Code   RO         1116    .text               c_w.l(_sputc.o)
    0x08008072   0x0000002c   Code   RO         1118    .text               c_w.l(_printf_char.o)
    0x0800809e   0x00000002   PAD
    0x080080a0   0x00000024   Code   RO         1120    .text               c_w.l(_printf_char_file.o)
    0x080080c4   0x00000008   Code   RO         1155    .text               c_w.l(ferror.o)
    0x080080cc   0x0000004a   Code   RO         1161    .text               c_w.l(sys_stackheap_outer.o)
    0x08008116   0x00000012   Code   RO         1163    .text               c_w.l(exit.o)
    0x08008128   0x00000008   Code   RO         1173    .text               c_w.l(libspace.o)
    0x08008130   0x0000000e   Code   RO         1021    i._is_digit         c_w.l(__printf_wp.o)
    0x0800813e   0x00000002   PAD
    0x08008140   0x000000dc   Code   RO         1106    i.ceil              m_ws.l(ceil.o)
    0x0800821c   0x00000062   Code   RO         1045    x$fpl$d2f           fz_ws.l(d2f.o)
    0x0800827e   0x00000002   PAD
    0x08008280   0x00000150   Code   RO         1047    x$fpl$dadd          fz_ws.l(daddsub_clz.o)
    0x080083d0   0x00000010   Code   RO         1123    x$fpl$dcheck1       fz_ws.l(dcheck1.o)
    0x080083e0   0x00000018   Code   RO         1125    x$fpl$dcmpinf       fz_ws.l(dcmpi.o)
    0x080083f8   0x000002b0   Code   RO         1054    x$fpl$ddiv          fz_ws.l(ddiv.o)
    0x080086a8   0x0000005e   Code   RO         1057    x$fpl$dfix          fz_ws.l(dfix.o)
    0x08008706   0x0000002e   Code   RO         1066    x$fpl$dflt          fz_ws.l(dflt_clz.o)
    0x08008734   0x000000a2   Code   RO         1071    x$fpl$dfltll        fz_ws.l(dfltll_clz.o)
    0x080087d6   0x00000026   Code   RO         1065    x$fpl$dfltu         fz_ws.l(dflt_clz.o)
    0x080087fc   0x00000078   Code   RO         1075    x$fpl$dleqf         fz_ws.l(dleqf.o)
    0x08008874   0x00000154   Code   RO         1077    x$fpl$dmul          fz_ws.l(dmul.o)
    0x080089c8   0x0000009c   Code   RO         1127    x$fpl$dnaninf       fz_ws.l(dnaninf.o)
    0x08008a64   0x0000000c   Code   RO         1129    x$fpl$dretinf       fz_ws.l(dretinf.o)
    0x08008a70   0x0000006c   Code   RO         1079    x$fpl$drleqf        fz_ws.l(drleqf.o)
    0x08008adc   0x00000016   Code   RO         1048    x$fpl$drsb          fz_ws.l(daddsub_clz.o)
    0x08008af2   0x00000002   PAD
    0x08008af4   0x000001d4   Code   RO         1049    x$fpl$dsub          fz_ws.l(daddsub_clz.o)
    0x08008cc8   0x00000056   Code   RO         1081    x$fpl$f2d           fz_ws.l(f2d.o)
    0x08008d1e   0x00000002   PAD
    0x08008d20   0x000000c4   Code   RO         1083    x$fpl$fadd          fz_ws.l(faddsub_clz.o)
    0x08008de4   0x0000000c   Code   RO         1131    x$fpl$fcheck1       fz_ws.l(fcheck1.o)
    0x08008df0   0x00000184   Code   RO         1090    x$fpl$fdiv          fz_ws.l(fdiv.o)
    0x08008f74   0x00000030   Code   RO         1094    x$fpl$fflt          fz_ws.l(fflt_clz.o)
    0x08008fa4   0x00000102   Code   RO         1099    x$fpl$fmul          fz_ws.l(fmul.o)
    0x080090a6   0x0000008c   Code   RO         1133    x$fpl$fnaninf       fz_ws.l(fnaninf.o)
    0x08009132   0x0000000a   Code   RO         1135    x$fpl$fretinf       fz_ws.l(fretinf.o)
    0x0800913c   0x000000ea   Code   RO         1085    x$fpl$fsub          fz_ws.l(faddsub_clz.o)
    0x08009226   0x00000002   PAD
    0x08009228   0x00000078   Code   RO         1061    x$fpl$llufromd      fz_ws.l(dfixull.o)
    0x080092a0   0x00000064   Code   RO         1159    x$fpl$retnan        fz_ws.l(retnan.o)
    0x08009304   0x0000005c   Code   RO         1101    x$fpl$scalbn        fz_ws.l(scalbn.o)
    0x08009360   0x0000004c   Code   RO         1103    x$fpl$scalbnf       fz_ws.l(scalbnf.o)
    0x080093ac   0x00000030   Code   RO         1171    x$fpl$trapveneer    fz_ws.l(trapv.o)
    0x080093dc   0x00000000   Code   RO         1137    x$fpl$usenofp       fz_ws.l(usenofp.o)
    0x080093dc   0x00000060   Data   RO          160    .constdata          instance_calib.o
    0x0800943c   0x00000004   Data   RO          161    .constdata          instance_calib.o
    0x08009440   0x00000004   Data   RO          162    .constdata          instance_calib.o
    0x08009444   0x00000008   Data   RO          233    .constdata          deca_params_init.o
    0x0800944c   0x00000018   Data   RO          234    .constdata          deca_params_init.o
    0x08009464   0x0000001e   Data   RO          235    .constdata          deca_params_init.o
    0x08009482   0x00000001   Data   RO          236    .constdata          deca_params_init.o
    0x08009483   0x00000002   Data   RO          237    .constdata          deca_params_init.o
    0x08009485   0x00000003   PAD
    0x08009488   0x00000008   Data   RO          238    .constdata          deca_params_init.o
    0x08009490   0x00000003   Data   RO          239    .constdata          deca_params_init.o
    0x08009493   0x00000001   PAD
    0x08009494   0x0000000c   Data   RO          240    .constdata          deca_params_init.o
    0x080094a0   0x00000004   Data   RO          241    .constdata          deca_params_init.o
    0x080094a4   0x00000020   Data   RO          242    .constdata          deca_params_init.o
    0x080094c4   0x00000032   Data   RO          243    .constdata          deca_params_init.o
    0x080094f6   0x0000020a   Data   RO          262    .constdata          deca_range_tables.o
    0x08009700   0x00000012   Data   RO          534    .constdata          usb_desc.o
    0x08009712   0x00000043   Data   RO          535    .constdata          usb_desc.o
    0x08009755   0x00000004   Data   RO          536    .constdata          usb_desc.o
    0x08009759   0x00000018   Data   RO          537    .constdata          usb_desc.o
    0x08009771   0x00000026   Data   RO          538    .constdata          usb_desc.o
    0x08009797   0x00000028   Data   RO          994    .constdata          c_w.l(_printf_hex_int.o)
    0x080097bf   0x00000011   Data   RO         1024    .constdata          c_w.l(__printf_flags_wp.o)
    0x080097d0   0x0000007f   Data   RO          163    .conststring        instance_calib.o
    0x0800984f   0x00000001   PAD
    0x08009850   0x0000004b   Data   RO          207    .conststring        deca_device.o
    0x0800989b   0x00000001   PAD
    0x0800989c   0x00000119   Data   RO          330    .conststring        main.o
    0x080099b5   0x00000003   PAD
    0x080099b8   0x00000020   Data   RO         1296    Region$$Table       anon$$obj.o


    Execution Region RW_IRAM1 (Base: 0x20000000, Size: 0x00002200, Max: 0x00005000, ABSOLUTE, COMPRESSED[0x000000f0])

    Base Addr    Size         Type   Attr      Idx    E Section Name        Object

    0x20000000   0x00000004   Data   RW          208    .data               deca_device.o
    0x20000004   0x00000013   Data   RW          306    .data               device_info.o
    0x20000017   0x00000001   PAD
    0x20000018   0x00000068   Data   RW          331    .data               main.o
    0x20000080   0x00000004   Data   RW          383    .data               stm32f10x_it.o
    0x20000084   0x00000008   Data   RW          475    .data               hw_config.o
    0x2000008c   0x00000026   Data   RW          539    .data               usb_desc.o
    0x200000b2   0x00000002   PAD
    0x200000b4   0x00000008   Data   RW          553    .data               usb_endp.o
    0x200000bc   0x0000000c   Data   RW          570    .data               usb_istr.o
    0x200000c8   0x0000001c   Data   RW          571    .data               usb_istr.o
    0x200000e4   0x0000001c   Data   RW          572    .data               usb_istr.o
    0x20000100   0x0000006c   Data   RW          602    .data               usb_prop.o
    0x2000016c   0x00000002   Data   RW          603    .data               usb_prop.o
    0x2000016e   0x00000002   PAD
    0x20000170   0x00000024   Data   RW          604    .data               usb_prop.o
    0x20000194   0x00000004   Data   RW          628    .data               usb_pwr.o
    0x20000198   0x00000001   Data   RW          629    .data               usb_pwr.o
    0x20000199   0x00000003   PAD
    0x2000019c   0x00000008   Data   RW          630    .data               usb_pwr.o
    0x200001a4   0x00000004   Data   RW          649    .data               usb_core.o
    0x200001a8   0x00000001   Data   RW          666    .data               usb_init.o
    0x200001a9   0x00000003   PAD
    0x200001ac   0x0000000c   Data   RW          667    .data               usb_init.o
    0x200001b8   0x00000002   Data   RW          669    .data               usb_init.o
    0x200001ba   0x00000004   Data   RW          691    .data               usb_int.o
    0x200001be   0x00000004   Data   RW          752    .data               delay.o
    0x200001c2   0x00000004   Data   RW          785    .data               usart.o
    0x200001c6   0x00000002   PAD
    0x200001c8   0x00000004   Data   RW          786    .data               usart.o
    0x200001cc   0x00000002   Data   RW          814    .data               dma.o
    0x200001ce   0x00000014   Data   RW          908    .data               stm32f10x_rcc.o
    0x200001e2   0x00000002   PAD
    0x200001e4   0x00000014   Data   RW          953    .data               system_stm32f10x.o
    0x200001f8   0x00000820   Zero   RW          182    .bss                instance_common.o
    0x20000a18   0x000000b8   Zero   RW          206    .bss                deca_device.o
    0x20000ad0   0x00000060   Zero   RW          305    .bss                device_info.o
    0x20000b30   0x000000a0   Zero   RW          328    .bss                main.o
    0x20000bd0   0x00000400   Zero   RW          456    .bss                stmflash.o
    0x20000fd0   0x00000a20   Zero   RW          472    .bss                hw_config.o
    0x200019f0   0x00000080   Zero   RW          552    .bss                usb_endp.o
    0x20001a70   0x00000020   Zero   RW          627    .bss                usb_pwr.o
    0x20001a90   0x0000001c   Zero   RW          665    .bss                usb_init.o
    0x20001aac   0x000000c8   Zero   RW          783    .bss                usart.o
    0x20001b74   0x0000002c   Zero   RW          813    .bss                dma.o
    0x20001ba0   0x00000060   Zero   RW         1174    .bss                c_w.l(libspace.o)
    0x20001c00   0x00000200   Zero   RW          946    HEAP                startup_stm32f10x_md.o
    0x20001e00   0x00000400   Zero   RW          945    STACK               startup_stm32f10x_md.o


==============================================================================

Image component sizes


      Code (inc. data)   RO Data    RW Data    ZI Data      Debug   Object Name

      6176        134         75          4        184      28860   deca_device.o
        44          0          0          0          0        819   deca_mutex.o
         0          0        174          0          0       1920   deca_params_init.o
       216         16        522          0          0       2263   deca_range_tables.o
       224         10          0          0          0       2100   deca_spi.o
       172         12          0          4          0       1313   delay.o
       272         44          0         19         96       3070   device_info.o
       120         14          0          2         44       1473   dma.o
       412         34          0          8       2592      17133   hw_config.o
      3088        108          0          0          0     273838   instance.o
        64          6        231          0          0       8032   instance_calib.o
      4432        100          0          0       2080      38035   instance_common.o
       140         16          0          0          0        828   led.o
      1968        456        281        104        160      27980   main.o
       176         14          0          0          0       1969   misc.o
       912         26          0          0          0      19036   port.o
       982          0          0          0          0       9307   queue.o
        64         26        236          0       1536        836   startup_stm32f10x_md.o
       456         10          0          0          0       4754   stm32f10x_dma.o
       232          8          0          0          0       2471   stm32f10x_exti.o
      1148         22          0          0          0       9372   stm32f10x_flash.o
       620         36          0          0          0       5929   stm32f10x_gpio.o
        96          4          0          4          0       2122   stm32f10x_it.o
       692         32          0         20          0       9084   stm32f10x_rcc.o
       628         14          0          0          0       7074   stm32f10x_spi.o
       808         22          0          0          0       8852   stm32f10x_usart.o
       280          6          0          0       1024       2900   stmflash.o
         0          0          0          0          0         32   sys.o
       340         32          0         20          0       1911   system_stm32f10x.o
       492         30          0          8        200      19272   usart.o
      1992         88          0          4          0       8409   usb_core.o
         0          0        151         38          0       1055   usb_desc.o
       180         12          0          8        128       1620   usb_endp.o
        40         18          0         15         28       3966   usb_init.o
       452         28          0          4          0       1823   usb_int.o
       336         26          0         68          0       1591   usb_istr.o
        12          0          0          0          0        558   usb_it.o
        72          6          0          0          0       1354   usb_mem.o
       500         22          0        146          0       7151   usb_prop.o
       432         36          0         13         32       2941   usb_pwr.o
      1712         28          0          0          0      11351   usb_regs.o
       108         10          0          0          0       1378   usb_sil.o

    ----------------------------------------------------------------------
     31092       1506       1711        504       8104     555782   Object Totals
         0          0         32          0          0          0   (incl. Generated)
         2          0          9         15          0          0   (incl. Padding)

    ----------------------------------------------------------------------

      Code (inc. data)   RO Data    RW Data    ZI Data      Debug   Library Member Name

        24          4          0          0          0         84   __2printf.o
        44          6          0          0          0         84   __2sprintf.o
        90          0          0          0          0          0   __dczerorl2.o
         8          0          0          0          0         68   __main.o
       312          4         17          0          0         92   __printf_flags_wp.o
        14          0          0          0          0         68   __printf_wp.o
         0          0          0          0          0          0   __rtentry.o
        12          0          0          0          0          0   __rtentry2.o
         6          0          0          0          0          0   __rtentry4.o
        52          8          0          0          0          0   __scatter.o
        28          0          0          0          0          0   __scatter_zi.o
         6          0          0          0          0          0   _printf_c.o
        44          0          0          0          0        108   _printf_char.o
        48          6          0          0          0         96   _printf_char_common.o
        36          4          0          0          0         80   _printf_char_file.o
         6          0          0          0          0          0   _printf_d.o
       120         16          0          0          0         92   _printf_dec.o
        88          4         40          0          0         88   _printf_hex_int.o
       178          0          0          0          0         88   _printf_intcommon.o
        78          0          0          0          0        108   _printf_pad.o
         0          0          0          0          0          0   _printf_percent.o
         4          0          0          0          0          0   _printf_percent_end.o
        82          0          0          0          0         80   _printf_str.o
         6          0          0          0          0          0   _printf_x.o
        10          0          0          0          0         68   _sputc.o
        18          0          0          0          0         80   exit.o
         8          0          0          0          0         68   ferror.o
         6          0          0          0          0        152   heapauxi.o
         2          0          0          0          0          0   libinit.o
         2          0          0          0          0          0   libinit2.o
         2          0          0          0          0          0   libshutdown.o
         2          0          0          0          0          0   libshutdown2.o
         8          4          0          0         96         68   libspace.o
        78          0          0          0          0         80   rt_memclr_w.o
       138          0          0          0          0         68   rt_memcpy_v6.o
       100          0          0          0          0         80   rt_memcpy_w.o
         2          0          0          0          0          0   rtexit.o
        10          0          0          0          0          0   rtexit2.o
        74          0          0          0          0         80   sys_stackheap_outer.o
         2          0          0          0          0         68   use_no_semi.o
         2          0          0          0          0         68   use_no_semi_2.o
        98          4          0          0          0         92   d2f.o
       826         16          0          0          0        348   daddsub_clz.o
        16          4          0          0          0         68   dcheck1.o
        24          0          0          0          0         68   dcmpi.o
       688        140          0          0          0        208   ddiv.o
        94          4          0          0          0         92   dfix.o
       120          4          0          0          0        104   dfixull.o
        84          0          0          0          0        136   dflt_clz.o
       162          0          0          0          0         84   dfltll_clz.o
       120          4          0          0          0         92   dleqf.o
       340         12          0          0          0        104   dmul.o
       156          4          0          0          0         92   dnaninf.o
        12          0          0          0          0         68   dretinf.o
       108          0          0          0          0         80   drleqf.o
        86          4          0          0          0         84   f2d.o
       430          8          0          0          0        168   faddsub_clz.o
        12          4          0          0          0         68   fcheck1.o
       388         76          0          0          0         96   fdiv.o
        48          0          0          0          0         68   fflt_clz.o
       258          4          0          0          0         84   fmul.o
       140          4          0          0          0         84   fnaninf.o
        10          0          0          0          0         68   fretinf.o
       100          0          0          0          0         68   retnan.o
        92          0          0          0          0         68   scalbn.o
        76          0          0          0          0         68   scalbnf.o
        48          0          0          0          0         68   trapv.o
         0          0          0          0          0          0   usenofp.o
       220         16          0          0          0         84   ceil.o

    ----------------------------------------------------------------------
      6524        364         57          0         96       4728   Library Totals
        18          0          0          0          0          0   (incl. Padding)

    ----------------------------------------------------------------------

      Code (inc. data)   RO Data    RW Data    ZI Data      Debug   Library Name

      1750         56         57          0         96       2016   c_w.l
      4536        292          0          0          0       2628   fz_ws.l
       220         16          0          0          0         84   m_ws.l

    ----------------------------------------------------------------------
      6524        364         57          0         96       4728   Library Totals

    ----------------------------------------------------------------------

==============================================================================


      Code (inc. data)   RO Data    RW Data    ZI Data      Debug   

     37616       1870       1768        504       8200     552810   Grand Totals
     37616       1870       1768        240       8200     552810   ELF Image Totals (compressed)
     37616       1870       1768        240          0          0   ROM Totals

==============================================================================

    Total RO  Size (Code + RO Data)                39384 (  38.46kB)
    Total RW  Size (RW Data + ZI Data)              8704 (   8.50kB)
    Total ROM Size (Code + RO Data + RW Data)      39624 (  38.70kB)

==============================================================================

